Component: ARM Compiler 5.06 (build 20) Tool: armlink [4d35a3]

==============================================================================

Section Cross References

    stm32f4xx_rcc.o(i.RCC_GetClocksFreq) refers to stm32f4xx_rcc.o(.data) for APBAHBPrescTable
    stm32f4xx_rcc.o(i.RCC_WaitForHSEStartUp) refers to stm32f4xx_rcc.o(i.RCC_GetFlagStatus) for RCC_GetFlagStatus
    stm32f4xx_usart.o(i.USART_DeInit) refers to stm32f4xx_rcc.o(i.RCC_APB2PeriphResetCmd) for RCC_APB2PeriphResetCmd
    stm32f4xx_usart.o(i.USART_DeInit) refers to stm32f4xx_rcc.o(i.RCC_APB1PeriphResetCmd) for RCC_APB1PeriphResetCmd
    stm32f4xx_usart.o(i.USART_Init) refers to stm32f4xx_rcc.o(i.RCC_GetClocksFreq) for RCC_GetClocksFreq
    stm32f4xx_gpio.o(i.GPIO_DeInit) refers to stm32f4xx_rcc.o(i.RCC_AHB1PeriphResetCmd) for RCC_AHB1PeriphResetCmd
    stm32f4xx_syscfg.o(i.SYSCFG_DeInit) refers to stm32f4xx_rcc.o(i.RCC_APB2PeriphResetCmd) for RCC_APB2PeriphResetCmd
    stm32f4xx_tim.o(i.TIM_DeInit) refers to stm32f4xx_rcc.o(i.RCC_APB2PeriphResetCmd) for RCC_APB2PeriphResetCmd
    stm32f4xx_tim.o(i.TIM_DeInit) refers to stm32f4xx_rcc.o(i.RCC_APB1PeriphResetCmd) for RCC_APB1PeriphResetCmd
    stm32f4xx_tim.o(i.TIM_ETRClockMode1Config) refers to stm32f4xx_tim.o(i.TIM_ETRConfig) for TIM_ETRConfig
    stm32f4xx_tim.o(i.TIM_ETRClockMode2Config) refers to stm32f4xx_tim.o(i.TIM_ETRConfig) for TIM_ETRConfig
    stm32f4xx_tim.o(i.TIM_ICInit) refers to stm32f4xx_tim.o(i.TI1_Config) for TI1_Config
    stm32f4xx_tim.o(i.TIM_ICInit) refers to stm32f4xx_tim.o(i.TIM_SetIC1Prescaler) for TIM_SetIC1Prescaler
    stm32f4xx_tim.o(i.TIM_ICInit) refers to stm32f4xx_tim.o(i.TI2_Config) for TI2_Config
    stm32f4xx_tim.o(i.TIM_ICInit) refers to stm32f4xx_tim.o(i.TIM_SetIC2Prescaler) for TIM_SetIC2Prescaler
    stm32f4xx_tim.o(i.TIM_ICInit) refers to stm32f4xx_tim.o(i.TI3_Config) for TI3_Config
    stm32f4xx_tim.o(i.TIM_ICInit) refers to stm32f4xx_tim.o(i.TIM_SetIC3Prescaler) for TIM_SetIC3Prescaler
    stm32f4xx_tim.o(i.TIM_ICInit) refers to stm32f4xx_tim.o(i.TI4_Config) for TI4_Config
    stm32f4xx_tim.o(i.TIM_ICInit) refers to stm32f4xx_tim.o(i.TIM_SetIC4Prescaler) for TIM_SetIC4Prescaler
    stm32f4xx_tim.o(i.TIM_ITRxExternalClockConfig) refers to stm32f4xx_tim.o(i.TIM_SelectInputTrigger) for TIM_SelectInputTrigger
    stm32f4xx_tim.o(i.TIM_PWMIConfig) refers to stm32f4xx_tim.o(i.TI1_Config) for TI1_Config
    stm32f4xx_tim.o(i.TIM_PWMIConfig) refers to stm32f4xx_tim.o(i.TIM_SetIC1Prescaler) for TIM_SetIC1Prescaler
    stm32f4xx_tim.o(i.TIM_PWMIConfig) refers to stm32f4xx_tim.o(i.TI2_Config) for TI2_Config
    stm32f4xx_tim.o(i.TIM_PWMIConfig) refers to stm32f4xx_tim.o(i.TIM_SetIC2Prescaler) for TIM_SetIC2Prescaler
    stm32f4xx_tim.o(i.TIM_TIxExternalClockConfig) refers to stm32f4xx_tim.o(i.TI2_Config) for TI2_Config
    stm32f4xx_tim.o(i.TIM_TIxExternalClockConfig) refers to stm32f4xx_tim.o(i.TI1_Config) for TI1_Config
    stm32f4xx_tim.o(i.TIM_TIxExternalClockConfig) refers to stm32f4xx_tim.o(i.TIM_SelectInputTrigger) for TIM_SelectInputTrigger
    stm32f4xx_fsmc.o(i.FSMC_NORSRAMStructInit) refers to stm32f4xx_fsmc.o(.constdata) for FSMC_DefaultTimingStruct
    stm32f4xx_rtc.o(i.RTC_CoarseCalibCmd) refers to stm32f4xx_rtc.o(i.RTC_EnterInitMode) for RTC_EnterInitMode
    stm32f4xx_rtc.o(i.RTC_CoarseCalibCmd) refers to stm32f4xx_rtc.o(i.RTC_ExitInitMode) for RTC_ExitInitMode
    stm32f4xx_rtc.o(i.RTC_CoarseCalibConfig) refers to stm32f4xx_rtc.o(i.RTC_EnterInitMode) for RTC_EnterInitMode
    stm32f4xx_rtc.o(i.RTC_CoarseCalibConfig) refers to stm32f4xx_rtc.o(i.RTC_ExitInitMode) for RTC_ExitInitMode
    stm32f4xx_rtc.o(i.RTC_DeInit) refers to stm32f4xx_rtc.o(i.RTC_EnterInitMode) for RTC_EnterInitMode
    stm32f4xx_rtc.o(i.RTC_DeInit) refers to stm32f4xx_rtc.o(i.RTC_WaitForSynchro) for RTC_WaitForSynchro
    stm32f4xx_rtc.o(i.RTC_GetAlarm) refers to stm32f4xx_rtc.o(i.RTC_Bcd2ToByte) for RTC_Bcd2ToByte
    stm32f4xx_rtc.o(i.RTC_GetDate) refers to stm32f4xx_rtc.o(i.RTC_Bcd2ToByte) for RTC_Bcd2ToByte
    stm32f4xx_rtc.o(i.RTC_GetTime) refers to stm32f4xx_rtc.o(i.RTC_Bcd2ToByte) for RTC_Bcd2ToByte
    stm32f4xx_rtc.o(i.RTC_GetTimeStamp) refers to stm32f4xx_rtc.o(i.RTC_Bcd2ToByte) for RTC_Bcd2ToByte
    stm32f4xx_rtc.o(i.RTC_Init) refers to stm32f4xx_rtc.o(i.RTC_EnterInitMode) for RTC_EnterInitMode
    stm32f4xx_rtc.o(i.RTC_Init) refers to stm32f4xx_rtc.o(i.RTC_ExitInitMode) for RTC_ExitInitMode
    stm32f4xx_rtc.o(i.RTC_RefClockCmd) refers to stm32f4xx_rtc.o(i.RTC_EnterInitMode) for RTC_EnterInitMode
    stm32f4xx_rtc.o(i.RTC_RefClockCmd) refers to stm32f4xx_rtc.o(i.RTC_ExitInitMode) for RTC_ExitInitMode
    stm32f4xx_rtc.o(i.RTC_SetAlarm) refers to stm32f4xx_rtc.o(i.RTC_Bcd2ToByte) for RTC_Bcd2ToByte
    stm32f4xx_rtc.o(i.RTC_SetAlarm) refers to stm32f4xx_rtc.o(i.RTC_ByteToBcd2) for RTC_ByteToBcd2
    stm32f4xx_rtc.o(i.RTC_SetDate) refers to stm32f4xx_rtc.o(i.RTC_Bcd2ToByte) for RTC_Bcd2ToByte
[...]
    !!!scatter                               0x08000190   Section       52  __scatter.o(!!!scatter)
    !!dczerorl2                              0x080001c4   Section       90  __dczerorl2.o(!!dczerorl2)
    !!handler_zi                             0x08000220   Section       28  __scatter_zi.o(!!handler_zi)
    .ARM.Collect$$_printf_percent$$00000000  0x0800023c   Section        0  _printf_percent.o(.ARM.Collect$$_printf_percent$$00000000)
    .ARM.Collect$$_printf_percent$$00000009  0x0800023c   Section        6  _printf_d.o(.ARM.Collect$$_printf_percent$$00000009)
    .ARM.Collect$$_printf_percent$$0000000A  0x08000242   Section        6  _printf_u.o(.ARM.Collect$$_printf_percent$$0000000A)
    .ARM.Collect$$_printf_percent$$0000000C  0x08000248   Section        6  _printf_x.o(.ARM.Collect$$_printf_percent$$0000000C)
    .ARM.Collect$$_printf_percent$$00000013  0x0800024e   Section        6  _printf_c.o(.ARM.Collect$$_printf_percent$$00000013)
    .ARM.Collect$$_printf_percent$$00000014  0x08000254   Section        6  _printf_s.o(.ARM.Collect$$_printf_percent$$00000014)
    .ARM.Collect$$_printf_percent$$00000017  0x0800025a   Section        4  _printf_percent_end.o(.ARM.Collect$$_printf_percent$$00000017)
    .ARM.Collect$$libinit$$00000000          0x0800025e   Section        2  libinit.o(.ARM.Collect$$libinit$$00000000)
    .ARM.Collect$$libinit$$00000001          0x08000260   Section        4  libinit2.o(.ARM.Collect$$libinit$$00000001)
    .ARM.Collect$$libinit$$00000004          0x08000264   Section        0  libinit2.o(.ARM.Collect$$libinit$$00000004)
    .ARM.Collect$$libinit$$0000000A          0x08000264   Section        0  libinit2.o(.ARM.Collect$$libinit$$0000000A)
    .ARM.Collect$$libinit$$0000000C          0x08000264   Section        0  libinit2.o(.ARM.Collect$$libinit$$0000000C)
    .ARM.Collect$$libinit$$0000000E          0x08000264   Section        0  libinit2.o(.ARM.Collect$$libinit$$0000000E)
    .ARM.Collect$$libinit$$00000011          0x08000264   Section        0  libinit2.o(.ARM.Collect$$libinit$$00000011)
    .ARM.Collect$$libinit$$00000013          0x08000264   Section        0  libinit2.o(.ARM.Collect$$libinit$$00000013)
    .ARM.Collect$$libinit$$00000015          0x08000264   Section        0  libinit2.o(.ARM.Collect$$libinit$$00000015)
    .ARM.Collect$$libinit$$00000017          0x08000264   Section        0  libinit2.o(.ARM.Collect$$libinit$$00000017)
    .ARM.Collect$$libinit$$00000019          0x08000264   Section        0  libinit2.o(.ARM.Collect$$libinit$$00000019)
    .ARM.Collect$$libinit$$0000001B          0x08000264   Section        0  libinit2.o(.ARM.Collect$$libinit$$0000001B)
    .ARM.Collect$$libinit$$0000001D          0x08000264   Section        0  libinit2.o(.ARM.Collect$$libinit$$0000001D)
    .ARM.Collect$$libinit$$0000001F          0x08000264   Section        0  libinit2.o(.ARM.Collect$$libinit$$0000001F)
    .ARM.Collect$$libinit$$00000021          0x08000264   Section        0  libinit2.o(.ARM.Collect$$libinit$$00000021)
    .ARM.Collect$$libinit$$00000023          0x08000264   Section        0  libinit2.o(.ARM.Collect$$libinit$$00000023)
    .ARM.Collect$$libinit$$00000025          0x08000264   Section        0  libinit2.o(.ARM.Collect$$libinit$$00000025)
    .ARM.Collect$$libinit$$0000002C          0x08000264   Section        0  libinit2.o(.ARM.Collect$$libinit$$0000002C)
    .ARM.Collect$$libinit$$0000002E          0x08000264   Section        0  libinit2.o(.ARM.Collect$$libinit$$0000002E)
    .ARM.Collect$$libinit$$00000030          0x08000264   Section        0  libinit2.o(.ARM.Collect$$libinit$$00000030)
    .ARM.Collect$$libinit$$00000032          0x08000264   Section        0  libinit2.o(.ARM.Collect$$libinit$$00000032)
    .ARM.Collect$$libinit$$00000033          0x08000264   Section        2  libinit2.o(.ARM.Collect$$libinit$$00000033)
    .ARM.Collect$$libshutdown$$00000000      0x08000266   Section        2  libshutdown.o(.ARM.Collect$$libshutdown$$00000000)
    .ARM.Collect$$libshutdown$$00000002      0x08000268   Section        0  libshutdown2.o(.ARM.Collect$$libshutdown$$00000002)
    .ARM.Collect$$libshutdown$$00000004      0x08000268   Section        0  libshutdown2.o(.ARM.Collect$$libshutdown$$00000004)
    .ARM.Collect$$libshutdown$$00000007      0x08000268   Section        0  libshutdown2.o(.ARM.Collect$$libshutdown$$00000007)
    .ARM.Collect$$libshutdown$$0000000A      0x08000268   Section        0  libshutdown2.o(.ARM.Collect$$libshutdown$$0000000A)
    .ARM.Collect$$libshutdown$$0000000C      0x08000268   Section        0  libshutdown2.o(.ARM.Collect$$libshutdown$$0000000C)
    .ARM.Collect$$libshutdown$$0000000F      0x08000268   Section        0  libshutdown2.o(.ARM.Collect$$libshutdown$$0000000F)
    .ARM.Collect$$libshutdown$$00000010      0x08000268   Section        2  libshutdown2.o(.ARM.Collect$$libshutdown$$00000010)
    .ARM.Collect$$rtentry$$00000000          0x0800026a   Section        0  __rtentry.o(.ARM.Collect$$rtentry$$00000000)
    .ARM.Collect$$rtentry$$00000002          0x0800026a   Section        0  __rtentry2.o(.ARM.Collect$$rtentry$$00000002)
    .ARM.Collect$$rtentry$$00000004          0x0800026a   Section        6  __rtentry4.o(.ARM.Collect$$rtentry$$00000004)
    .ARM.Collect$$rtentry$$00000009          0x08000270   Section        0  __rtentry2.o(.ARM.Collect$$rtentry$$00000009)
    .ARM.Collect$$rtentry$$0000000A          0x08000270   Section        4  __rtentry2.o(.ARM.Collect$$rtentry$$0000000A)
    .ARM.Collect$$rtentry$$0000000C          0x08000274   Section        0  __rtentry2.o(.ARM.Collect$$rtentry$$0000000C)
    .ARM.Collect$$rtentry$$0000000D          0x08000274   Section        8  __rtentry2.o(.ARM.Collect$$rtentry$$0000000D)
    .ARM.Collect$$rtexit$$00000000           0x0800027c   Section        2  rtexit.o(.ARM.Collect$$rtexit$$00000000)
    .ARM.Collect$$rtexit$$00000002           0x0800027e   Section        0  rtexit2.o(.ARM.Collect$$rtexit$$00000002)
    .ARM.Collect$$rtexit$$00000003           0x0800027e   Section        4  rtexit2.o(.ARM.Collect$$rtexit$$00000003)
    .ARM.Collect$$rtexit$$00000004           0x08000282   Section        6  rtexit2.o(.ARM.Collect$$rtexit$$00000004)
    .text                                    0x08000288   Section       64  startup_stm32f40_41xxx.o(.text)
    $v0                                      0x08000288   Number         0  startup_stm32f40_41xxx.o(.text)
    .text                                    0x080002c8   Section        2  use_no_semi_2.o(.text)
    .text                                    0x080002cc   Section        0  noretval__2printf.o(.text)
    .text                                    0x080002e4   Section        0  noretval__2sprintf.o(.text)
    .text                                    0x0800030c   Section        0  _printf_pad.o(.text)
    .text                                    0x0800035a   Section        0  _printf_str.o(.text)
    .text                                    0x080003ac   Section        0  _printf_dec.o(.text)
    .text                                    0x08000424   Section        0  _printf_hex_int.o(.text)
    .text                                    0x0800047c   Section        0  __printf_flags_ss_wp.o(.text)
    .text                                    0x08000604   Section        0  heapauxi.o(.text)
    .text                                    0x0800060a   Section        2  use_no_semi.o(.text)
    .text                                    0x0800060c   Section        0  _printf_intcommon.o(.text)
    .text                                    0x080006c0   Section        0  _printf_char_common.o(.text)
    _printf_input_char                       0x080006c1   Thumb Code    10  _printf_char_common.o(.text)
    .text                                    0x080006f0   Section        0  _sputc.o(.text)
    .text                                    0x080006fa   Section        0  _printf_char.o(.text)
    .text                                    0x08000728   Section        0  _printf_char_file.o(.text)
    .text                                    0x0800074c   Section        0  ferror.o(.text)
    .text                                    0x08000754   Section       74  sys_stackheap_outer.o(.text)
    .text                                    0x0800079e   Section        0  exit.o(.text)
    .text                                    0x080007b0   Section        8  libspace.o(.text)
    i.BusFault_Handler                       0x080007b8   Section        0  stm32f4xx_it.o(i.BusFault_Handler)
    i.DebugMon_Handler                       0x080007bc   Section        0  stm32f4xx_it.o(i.DebugMon_Handler)
    i.EXTI_ClearITPendingBit                 0x080007c0   Section        0  stm32f4xx_exti.o(i.EXTI_ClearITPendingBit)
    i.EXTI_Init                              0x080007cc   Section        0  stm32f4xx_exti.o(i.EXTI_Init)
    i.FSMC_NORSRAMCmd                        0x08000860   Section        0  stm32f4xx_fsmc.o(i.FSMC_NORSRAMCmd)
    i.FSMC_NORSRAMInit                       0x08000894   Section        0  stm32f4xx_fsmc.o(i.FSMC_NORSRAMInit)
    i.GPIO_Init                              0x0800097a   Section        0  stm32f4xx_gpio.o(i.GPIO_Init)
    i.GPIO_PinAFConfig                       0x08000a0a   Section        0  stm32f4xx_gpio.o(i.GPIO_PinAFConfig)
    i.GPIO_SetBits                           0x08000a50   Section        0  stm32f4xx_gpio.o(i.GPIO_SetBits)
    i.HardFault_Handler                      0x08000a54   Section        0  stm32f4xx_it.o(i.HardFault_Handler)
    i.LCD_BGR2RGB                            0x08000a58   Section        0  lcd.o(i.LCD_BGR2RGB)
    i.LCD_Clear                              0x08000a74   Section        0  lcd.o(i.LCD_Clear)
    i.LCD_Display_Dir                        0x08000ae0   Section        0  lcd.o(i.LCD_Display_Dir)
    i.LCD_DrawLine                           0x08000ca0   Section        0  lcd.o(i.LCD_DrawLine)
    i.LCD_DrawPoint                          0x08000d50   Section        0  lcd.o(i.LCD_DrawPoint)
    i.LCD_DrawRectangle                      0x08000d74   Section        0  lcd.o(i.LCD_DrawRectangle)
    i.LCD_Draw_Circle                        0x08000db0   Section        0  lcd.o(i.LCD_Draw_Circle)
    i.LCD_Fast_DrawPoint                     0x08000e48   Section        0  lcd.o(i.LCD_Fast_DrawPoint)
    i.LCD_Fill                               0x08000fc8   Section        0  lcd.o(i.LCD_Fill)
    i.LCD_Init                               0x08001080   Section        0  lcd.o(i.LCD_Init)
    i.LCD_Pow                                0x080049f0   Section        0  lcd.o(i.LCD_Pow)
    i.LCD_RD_DATA                            0x08004a08   Section        0  lcd.o(i.LCD_RD_DATA)
    i.LCD_ReadPoint                          0x08004a1c   Section        0  lcd.o(i.LCD_ReadPoint)
    i.LCD_ReadReg                            0x08004b88   Section        0  lcd.o(i.LCD_ReadReg)
    i.LCD_SSD_BackLightSet                   0x08004ba0   Section        0  lcd.o(i.LCD_SSD_BackLightSet)
    i.LCD_Scan_Dir                           0x08004c00   Section        0  lcd.o(i.LCD_Scan_Dir)
    i.LCD_SetCursor                          0x08004eec   Section        0  lcd.o(i.LCD_SetCursor)
    i.LCD_ShowChar                           0x08005094   Section        0  lcd.o(i.LCD_ShowChar)
    i.LCD_ShowNum                            0x080051bc   Section        0  lcd.o(i.LCD_ShowNum)
    i.LCD_ShowString                         0x08005250   Section        0  lcd.o(i.LCD_ShowString)
    i.LCD_ShowxNum                           0x080052b6   Section        0  lcd.o(i.LCD_ShowxNum)
    i.LCD_WR_DATA                            0x08005374   Section        0  lcd.o(i.LCD_WR_DATA)
    i.LCD_WR_REG                             0x0800538c   Section        0  lcd.o(i.LCD_WR_REG)
    i.LCD_WriteRAM_Prepare                   0x080053a4   Section        0  lcd.o(i.LCD_WriteRAM_Prepare)
    i.LCD_WriteReg                           0x080053b8   Section        0  lcd.o(i.LCD_WriteReg)
    i.LED_Init                               0x080053cc   Section        0  led.o(i.LED_Init)
    i.MemManage_Handler                      0x0800540c   Section        0  stm32f4xx_it.o(i.MemManage_Handler)
    i.My_RTC_Init                            0x08005410   Section        0  rtc.o(i.My_RTC_Init)
    i.NMI_Handler                            0x0800549a   Section        0  stm32f4xx_it.o(i.NMI_Handler)
    i.NVIC_Init                              0x0800549c   Section        0  misc.o(i.NVIC_Init)
    i.NVIC_PriorityGroupConfig               0x08005514   Section        0  misc.o(i.NVIC_PriorityGroupConfig)
    i.PWR_BackupAccessCmd                    0x08005528   Section        0  stm32f4xx_pwr.o(i.PWR_BackupAccessCmd)
    i.PendSV_Handler                         0x08005534   Section        0  stm32f4xx_it.o(i.PendSV_Handler)
    i.RCC_AHB1PeriphClockCmd                 0x08005538   Section        0  stm32f4xx_rcc.o(i.RCC_AHB1PeriphClockCmd)
    i.RCC_AHB3PeriphClockCmd                 0x08005558   Section        0  stm32f4xx_rcc.o(i.RCC_AHB3PeriphClockCmd)
    i.RCC_APB1PeriphClockCmd                 0x08005578   Section        0  stm32f4xx_rcc.o(i.RCC_APB1PeriphClockCmd)
    i.RCC_APB2PeriphClockCmd                 0x08005598   Section        0  stm32f4xx_rcc.o(i.RCC_APB2PeriphClockCmd)
    i.RCC_GetClocksFreq                      0x080055b8   Section        0  stm32f4xx_rcc.o(i.RCC_GetClocksFreq)
    i.RCC_GetFlagStatus                      0x080056a0   Section        0  stm32f4xx_rcc.o(i.RCC_GetFlagStatus)
    i.RCC_LSEConfig                          0x080056e0   Section        0  stm32f4xx_rcc.o(i.RCC_LSEConfig)
    i.RCC_RTCCLKCmd                          0x0800570c   Section        0  stm32f4xx_rcc.o(i.RCC_RTCCLKCmd)
    i.RCC_RTCCLKConfig                       0x08005718   Section        0  stm32f4xx_rcc.o(i.RCC_RTCCLKConfig)
    i.RTC_Alarm_IRQHandler                   0x08005754   Section        0  rtc.o(i.RTC_Alarm_IRQHandler)
    i.RTC_Bcd2ToByte                         0x08005784   Section        0  stm32f4xx_rtc.o(i.RTC_Bcd2ToByte)
    RTC_Bcd2ToByte                           0x08005785   Thumb Code    22  stm32f4xx_rtc.o(i.RTC_Bcd2ToByte)
    i.RTC_ByteToBcd2                         0x0800579a   Section        0  stm32f4xx_rtc.o(i.RTC_ByteToBcd2)
    RTC_ByteToBcd2                           0x0800579b   Thumb Code    28  stm32f4xx_rtc.o(i.RTC_ByteToBcd2)
    i.RTC_ClearFlag                          0x080057b8   Section        0  stm32f4xx_rtc.o(i.RTC_ClearFlag)
    i.RTC_ClearITPendingBit                  0x080057d4   Section        0  stm32f4xx_rtc.o(i.RTC_ClearITPendingBit)
    i.RTC_EnterInitMode                      0x080057f4   Section        0  stm32f4xx_rtc.o(i.RTC_EnterInitMode)
    i.RTC_ExitInitMode                       0x08005844   Section        0  stm32f4xx_rtc.o(i.RTC_ExitInitMode)
    i.RTC_GetDate                            0x08005858   Section        0  stm32f4xx_rtc.o(i.RTC_GetDate)
    i.RTC_GetFlagStatus                      0x080058a4   Section        0  stm32f4xx_rtc.o(i.RTC_GetFlagStatus)
    i.RTC_GetTime                            0x080058cc   Section        0  stm32f4xx_rtc.o(i.RTC_GetTime)
    i.RTC_ITConfig                           0x0800591c   Section        0  stm32f4xx_rtc.o(i.RTC_ITConfig)
    i.RTC_Init                               0x08005980   Section        0  stm32f4xx_rtc.o(i.RTC_Init)
    i.RTC_ReadBackupRegister                 0x080059e4   Section        0  stm32f4xx_rtc.o(i.RTC_ReadBackupRegister)
    i.RTC_SetDate                            0x08005a04   Section        0  stm32f4xx_rtc.o(i.RTC_SetDate)
    i.RTC_SetTime                            0x08005acc   Section        0  stm32f4xx_rtc.o(i.RTC_SetTime)
    i.RTC_SetWakeUpCounter                   0x08005b9c   Section        0  stm32f4xx_rtc.o(i.RTC_SetWakeUpCounter)
    i.RTC_Set_Date                           0x08005bb8   Section        0  rtc.o(i.RTC_Set_Date)
    i.RTC_Set_Time                           0x08005bdc   Section        0  rtc.o(i.RTC_Set_Time)
    i.RTC_Set_WakeUp                         0x08005c00   Section        0  rtc.o(i.RTC_Set_WakeUp)
    i.RTC_WKUP_IRQHandler                    0x08005c70   Section        0  rtc.o(i.RTC_WKUP_IRQHandler)
    i.RTC_WaitForSynchro                     0x08005ca0   Section        0  stm32f4xx_rtc.o(i.RTC_WaitForSynchro)
    i.RTC_WakeUpClockConfig                  0x08005d00   Section        0  stm32f4xx_rtc.o(i.RTC_WakeUpClockConfig)
    i.RTC_WakeUpCmd                          0x08005d30   Section        0  stm32f4xx_rtc.o(i.RTC_WakeUpCmd)
    i.RTC_WriteBackupRegister                0x08005da8   Section        0  stm32f4xx_rtc.o(i.RTC_WriteBackupRegister)
    i.SVC_Handler                            0x08005dc4   Section        0  stm32f4xx_it.o(i.SVC_Handler)
    i.SetSysClock                            0x08005dc8   Section        0  system_stm32f4xx.o(i.SetSysClock)
    SetSysClock                              0x08005dc9   Thumb Code   220  system_stm32f4xx.o(i.SetSysClock)
    i.SysTick_CLKSourceConfig                0x08005eb4   Section        0  misc.o(i.SysTick_CLKSourceConfig)
    i.SysTick_Handler                        0x08005edc   Section        0  stm32f4xx_it.o(i.SysTick_Handler)
    i.SystemInit                             0x08005ee0   Section        0  system_stm32f4xx.o(i.SystemInit)
    i.TIM4_IRQHandler                        0x08005f48   Section        0  usmart.o(i.TIM4_IRQHandler)
    i.TIM_ClearFlag                          0x08005f80   Section        0  stm32f4xx_tim.o(i.TIM_ClearFlag)
    i.TIM_ClearITPendingBit                  0x08005f86   Section        0  stm32f4xx_tim.o(i.TIM_ClearITPendingBit)
    i.TIM_Cmd                                0x08005f8c   Section        0  stm32f4xx_tim.o(i.TIM_Cmd)
    i.TIM_GetCounter                         0x08005fa4   Section        0  stm32f4xx_tim.o(i.TIM_GetCounter)
    i.TIM_GetFlagStatus                      0x08005faa   Section        0  stm32f4xx_tim.o(i.TIM_GetFlagStatus)
    i.TIM_GetITStatus                        0x08005fbc   Section        0  stm32f4xx_tim.o(i.TIM_GetITStatus)
    i.TIM_ITConfig                           0x08005fde   Section        0  stm32f4xx_tim.o(i.TIM_ITConfig)
    i.TIM_SetAutoreload                      0x08005ff0   Section        0  stm32f4xx_tim.o(i.TIM_SetAutoreload)
    i.TIM_SetCounter                         0x08005ff4   Section        0  stm32f4xx_tim.o(i.TIM_SetCounter)
    i.TIM_TimeBaseInit                       0x08005ff8   Section        0  stm32f4xx_tim.o(i.TIM_TimeBaseInit)
    i.Timer4_Init                            0x0800607c   Section        0  usmart.o(i.Timer4_Init)
    i.USART1_IRQHandler                      0x080060d8   Section        0  usart.o(i.USART1_IRQHandler)
    i.USART_Cmd                              0x08006160   Section        0  stm32f4xx_usart.o(i.USART_Cmd)
    i.USART_GetITStatus                      0x08006178   Section        0  stm32f4xx_usart.o(i.USART_GetITStatus)
    i.USART_ITConfig                         0x080061cc   Section        0  stm32f4xx_usart.o(i.USART_ITConfig)
    i.USART_Init                             0x08006218   Section        0  stm32f4xx_usart.o(i.USART_Init)
    i.USART_ReceiveData                      0x080062ec   Section        0  stm32f4xx_usart.o(i.USART_ReceiveData)
    i.UsageFault_Handler                     0x080062f6   Section        0  stm32f4xx_it.o(i.UsageFault_Handler)
    i._is_digit                              0x080062fa   Section        0  __printf_wp.o(i._is_digit)
    i._sys_exit                              0x08006308   Section        0  usart.o(i._sys_exit)
    i.delay_init                             0x0800630c   Section        0  delay.o(i.delay_init)
    i.delay_ms                               0x08006348   Section        0  delay.o(i.delay_ms)
    i.delay_us                               0x08006380   Section        0  delay.o(i.delay_us)
    i.delay_xms                              0x080063cc   Section        0  delay.o(i.delay_xms)
    i.fputc                                  0x08006418   Section        0  usart.o(i.fputc)
    i.main                                   0x08006434   Section        0  main.o(i.main)
    i.opt_delay                              0x080065b4   Section        0  lcd.o(i.opt_delay)
    i.read_addr                              0x080065c2   Section        0  usmart.o(i.read_addr)
    i.uart_init                              0x080065c8   Section        0  usart.o(i.uart_init)
    i.usmart_cmd_rec                         0x08006674   Section        0  usmart.o(i.usmart_cmd_rec)
    i.usmart_exe                             0x08006724   Section        0  usmart.o(i.usmart_exe)
    i.usmart_get_aparm                       0x080069f8   Section        0  usmart_str.o(i.usmart_get_aparm)
    i.usmart_get_cmdname                     0x08006ac0   Section        0  usmart_str.o(i.usmart_get_cmdname)
    i.usmart_get_fname                       0x08006af8   Section        0  usmart_str.o(i.usmart_get_fname)
    i.usmart_get_fparam                      0x08006cb8   Section        0  usmart_str.o(i.usmart_get_fparam)
    i.usmart_get_parmpos                     0x08006dc4   Section        0  usmart_str.o(i.usmart_get_parmpos)
    i.usmart_get_runtime                     0x08006de4   Section        0  usmart.o(i.usmart_get_runtime)
    i.usmart_init                            0x08006e28   Section        0  usmart.o(i.usmart_init)
    i.usmart_pow                             0x08006e50   Section        0  usmart_str.o(i.usmart_pow)
    i.usmart_reset_runtime                   0x08006e68   Section        0  usmart.o(i.usmart_reset_runtime)
    i.usmart_scan                            0x08006e98   Section        0  usmart.o(i.usmart_scan)
    i.usmart_search_nextc                    0x08006f54   Section        0  usmart_str.o(i.usmart_search_nextc)
    i.usmart_str2num                         0x08006f6a   Section        0  usmart_str.o(i.usmart_str2num)
    i.usmart_strcmp                          0x08007034   Section        0  usmart_str.o(i.usmart_strcmp)
    i.usmart_strcopy                         0x08007056   Section        0  usmart_str.o(i.usmart_strcopy)
    i.usmart_strlen                          0x0800706c   Section        0  usmart_str.o(i.usmart_strlen)
    i.usmart_sys_cmd_exe                     0x08007084   Section        0  usmart.o(i.usmart_sys_cmd_exe)
    i.write_addr                             0x08007498   Section        0  usmart.o(i.write_addr)
    x$fpl$dfixu                              0x0800749c   Section       90  dfixu.o(x$fpl$dfixu)
    $v0                                      0x0800749c   Number         0  dfixu.o(x$fpl$dfixu)
    x$fpl$dfltu                              0x080074f6   Section       38  dflt_clz.o(x$fpl$dfltu)
    $v0                                      0x080074f6   Number         0  dflt_clz.o(x$fpl$dfltu)
    x$fpl$dmul                               0x0800751c   Section      340  dmul.o(x$fpl$dmul)
    $v0                                      0x0800751c   Number         0  dmul.o(x$fpl$dmul)
    x$fpl$dnaninf                            0x08007670   Section      156  dnaninf.o(x$fpl$dnaninf)
    $v0                                      0x08007670   Number         0  dnaninf.o(x$fpl$dnaninf)
    x$fpl$dretinf                            0x0800770c   Section       12  dretinf.o(x$fpl$dretinf)
    $v0                                      0x0800770c   Number         0  dretinf.o(x$fpl$dretinf)
    x$fpl$fpinit                             0x08007718   Section       10  fpinit.o(x$fpl$fpinit)
    $v0                                      0x08007718   Number         0  fpinit.o(x$fpl$fpinit)
    .constdata                               0x08007722   Section     6080  lcd.o(.constdata)
    x$fpl$usenofp                            0x08007722   Section        0  usenofp.o(x$fpl$usenofp)
    .constdata                               0x08008ee2   Section       40  _printf_hex_int.o(.constdata)
    uc_hextab                                0x08008ee2   Data          20  _printf_hex_int.o(.constdata)
    lc_hextab                                0x08008ef6   Data          20  _printf_hex_int.o(.constdata)
    .constdata                               0x08008f0a   Section       17  __printf_flags_ss_wp.o(.constdata)
    maptable                                 0x08008f0a   Data          17  __printf_flags_ss_wp.o(.constdata)
    .conststring                             0x08008f1c   Section      396  usmart.o(.conststring)
    .conststring                             0x080090a8   Section      647  usmart_config.o(.conststring)
    .data                                    0x20000000   Section       16  stm32f4xx_rcc.o(.data)
    APBAHBPrescTable                         0x20000000   Data          16  stm32f4xx_rcc.o(.data)
    .data                                    0x20000010   Section        4  lcd.o(.data)
    .data                                    0x20000014   Section        4  rtc.o(.data)
    .data                                    0x20000018   Section        6  usart.o(.data)
    .data                                    0x2000001e   Section        4  delay.o(.data)
    fac_us                                   0x2000001e   Data           1  delay.o(.data)
    fac_ms                                   0x20000020   Data           2  delay.o(.data)
    .data                                    0x20000024   Section       28  usmart.o(.data)
    .data                                    0x20000040   Section      364  usmart_config.o(.data)
    .bss                                     0x200001ac   Section       14  lcd.o(.bss)
    .bss                                     0x200001ba   Section      200  usart.o(.bss)
    .bss                                     0x20000284   Section       96  libspace.o(.bss)
    HEAP                                     0x200002e8   Section      512  startup_stm32f40_41xxx.o(HEAP)
    Heap_Mem                                 0x200002e8   Data         512  startup_stm32f40_41xxx.o(HEAP)
    STACK                                    0x200004e8   Section     1024  startup_stm32f40_41xxx.o(STACK)
    Stack_Mem                                0x200004e8   Data        1024  startup_stm32f40_41xxx.o(STACK)
    __initial_sp                             0x200008e8   Data           0  startup_stm32f40_41xxx.o(STACK)

    Global Symbols

    Symbol Name                              Value     Ov Type        Size  Object(Section)

    BuildAttributes$$THM_ISAv4$E$P$D$K$B$S$7EM$VFPi3$EXTD16$VFPS$VFMA$PE$A:L22UL41UL21$X:L11$S22US41US21$IEEE1$IW$USESV6$~STKCKD$USESV7$~SHL$OSPACE$ROPI$EBA8$UX$STANDARDLIB$REQ8$PRES8$EABIv2 0x00000000   Number         0  anon$$obj.o ABSOLUTE
    __ARM_use_no_argv                        0x00000000   Number         0  main.o ABSOLUTE
    _printf_flags                            0x00000000   Number         0  printf_stubs.o ABSOLUTE
    _printf_return_value                     0x00000000   Number         0  printf_stubs.o ABSOLUTE
    _printf_sizespec                         0x00000000   Number         0  printf_stubs.o ABSOLUTE
    _printf_widthprec                        0x00000000   Number         0  printf_stubs.o ABSOLUTE
    __ARM_exceptions_init                     - Undefined Weak Reference
    __alloca_initialize                       - Undefined Weak Reference
    __arm_preinit_                            - Undefined Weak Reference
    __cpp_initialize__aeabi_                  - Undefined Weak Reference
    __cxa_finalize                            - Undefined Weak Reference
    __rt_locale                               - Undefined Weak Reference
    __sigvec_lookup                           - Undefined Weak Reference
    _atexit_init                              - Undefined Weak Reference
    _call_atexit_fns                          - Undefined Weak Reference
    _clock_init                               - Undefined Weak Reference
    _fp_trap_init                             - Undefined Weak Reference
    _fp_trap_shutdown                         - Undefined Weak Reference
    _get_lc_collate                           - Undefined Weak Reference
    _get_lc_ctype                             - Undefined Weak Reference
    _get_lc_monetary                          - Undefined Weak Reference
    _get_lc_numeric                           - Undefined Weak Reference
    _get_lc_time                              - Undefined Weak Reference
    _getenv_init                              - Undefined Weak Reference
    _handle_redirection                       - Undefined Weak Reference
    _init_alloc                               - Undefined Weak Reference
    _init_user_alloc                          - Undefined Weak Reference
    _initio                                   - Undefined Weak Reference
    _mutex_acquire                            - Undefined Weak Reference
    _mutex_release                            - Undefined Weak Reference
    _printf_mbtowc                            - Undefined Weak Reference
    _printf_truncate_signed                   - Undefined Weak Reference
    _printf_truncate_unsigned                 - Undefined Weak Reference
    _rand_init                                - Undefined Weak Reference
    _signal_finish                            - Undefined Weak Reference
    _signal_init                              - Undefined Weak Reference
    _terminate_alloc                          - Undefined Weak Reference
    _terminate_user_alloc                     - Undefined Weak Reference
    _terminateio                              - Undefined Weak Reference
    __Vectors_Size                           0x00000188   Number         0  startup_stm32f40_41xxx.o ABSOLUTE
    __Vectors                                0x08000000   Data           4  startup_stm32f40_41xxx.o(RESET)
    __Vectors_End                            0x08000188   Data           0  startup_stm32f40_41xxx.o(RESET)
    __main                                   0x08000189   Thumb Code     8  __main.o(!!!main)
    __scatterload                            0x08000191   Thumb Code     0  __scatter.o(!!!scatter)
    __scatterload_rt2                        0x08000191   Thumb Code    44  __scatter.o(!!!scatter)
    __scatterload_rt2_thumb_only             0x08000191   Thumb Code     0  __scatter.o(!!!scatter)
    __scatterload_null                       0x0800019f   Thumb Code     0  __scatter.o(!!!scatter)
    __decompress                             0x080001c5   Thumb Code    90  __dczerorl2.o(!!dczerorl2)
    __decompress1                            0x080001c5   Thumb Code     0  __dczerorl2.o(!!dczerorl2)
    __scatterload_zeroinit                   0x08000221   Thumb Code    28  __scatter_zi.o(!!handler_zi)
    _printf_d                                0x0800023d   Thumb Code     0  _printf_d.o(.ARM.Collect$$_printf_percent$$00000009)
    _printf_percent                          0x0800023d   Thumb Code     0  _printf_percent.o(.ARM.Collect$$_printf_percent$$00000000)
    _printf_u                                0x08000243   Thumb Code     0  _printf_u.o(.ARM.Collect$$_printf_percent$$0000000A)
    _printf_x                                0x08000249   Thumb Code     0  _printf_x.o(.ARM.Collect$$_printf_percent$$0000000C)
    _printf_c                                0x0800024f   Thumb Code     0  _printf_c.o(.ARM.Collect$$_printf_percent$$00000013)
    _printf_s                                0x08000255   Thumb Code     0  _printf_s.o(.ARM.Collect$$_printf_percent$$00000014)
    _printf_percent_end                      0x0800025b   Thumb Code     0  _printf_percent_end.o(.ARM.Collect$$_printf_percent$$00000017)
    __rt_lib_init                            0x0800025f   Thumb Code     0  libinit.o(.ARM.Collect$$libinit$$00000000)
    __rt_lib_init_fp_1                       0x08000261   Thumb Code     0  libinit2.o(.ARM.Collect$$libinit$$00000001)
    __rt_lib_init_alloca_1                   0x08000265   Thumb Code     0  libinit2.o(.ARM.Collect$$libinit$$0000002E)
    __rt_lib_init_argv_1                     0x08000265   Thumb Code     0  libinit2.o(.ARM.Collect$$libinit$$0000002C)
    __rt_lib_init_atexit_1                   0x08000265   Thumb Code     0  libinit2.o(.ARM.Collect$$libinit$$0000001B)
    __rt_lib_init_clock_1                    0x08000265   Thumb Code     0  libinit2.o(.ARM.Collect$$libinit$$00000021)
    __rt_lib_init_cpp_1                      0x08000265   Thumb Code     0  libinit2.o(.ARM.Collect$$libinit$$00000032)
    __rt_lib_init_exceptions_1               0x08000265   Thumb Code     0  libinit2.o(.ARM.Collect$$libinit$$00000030)
    __rt_lib_init_fp_trap_1                  0x08000265   Thumb Code     0  libinit2.o(.ARM.Collect$$libinit$$0000001F)
    __rt_lib_init_getenv_1                   0x08000265   Thumb Code     0  libinit2.o(.ARM.Collect$$libinit$$00000023)
    __rt_lib_init_heap_1                     0x08000265   Thumb Code     0  libinit2.o(.ARM.Collect$$libinit$$0000000A)
    __rt_lib_init_lc_collate_1               0x08000265   Thumb Code     0  libinit2.o(.ARM.Collect$$libinit$$00000011)
    __rt_lib_init_lc_ctype_1                 0x08000265   Thumb Code     0  libinit2.o(.ARM.Collect$$libinit$$00000013)
    __rt_lib_init_lc_monetary_1              0x08000265   Thumb Code     0  libinit2.o(.ARM.Collect$$libinit$$00000015)
    __rt_lib_init_lc_numeric_1               0x08000265   Thumb Code     0  libinit2.o(.ARM.Collect$$libinit$$00000017)
    __rt_lib_init_lc_time_1                  0x08000265   Thumb Code     0  libinit2.o(.ARM.Collect$$libinit$$00000019)
    __rt_lib_init_preinit_1                  0x08000265   Thumb Code     0  libinit2.o(.ARM.Collect$$libinit$$00000004)
    __rt_lib_init_rand_1                     0x08000265   Thumb Code     0  libinit2.o(.ARM.Collect$$libinit$$0000000E)
    __rt_lib_init_return                     0x08000265   Thumb Code     0  libinit2.o(.ARM.Collect$$libinit$$00000033)
    __rt_lib_init_signal_1                   0x08000265   Thumb Code     0  libinit2.o(.ARM.Collect$$libinit$$0000001D)
    __rt_lib_init_stdio_1                    0x08000265   Thumb Code     0  libinit2.o(.ARM.Collect$$libinit$$00000025)
    __rt_lib_init_user_alloc_1               0x08000265   Thumb Code     0  libinit2.o(.ARM.Collect$$libinit$$0000000C)
    __rt_lib_shutdown                        0x08000267   Thumb Code     0  libshutdown.o(.ARM.Collect$$libshutdown$$00000000)
    __rt_lib_shutdown_cpp_1                  0x08000269   Thumb Code     0  libshutdown2.o(.ARM.Collect$$libshutdown$$00000002)
    __rt_lib_shutdown_fp_trap_1              0x08000269   Thumb Code     0  libshutdown2.o(.ARM.Collect$$libshutdown$$00000007)
    __rt_lib_shutdown_heap_1                 0x08000269   Thumb Code     0  libshutdown2.o(.ARM.Collect$$libshutdown$$0000000F)
    __rt_lib_shutdown_return                 0x08000269   Thumb Code     0  libshutdown2.o(.ARM.Collect$$libshutdown$$00000010)
    __rt_lib_shutdown_signal_1               0x08000269   Thumb Code     0  libshutdown2.o(.ARM.Collect$$libshutdown$$0000000A)
    __rt_lib_shutdown_stdio_1                0x08000269   Thumb Code     0  libshutdown2.o(.ARM.Collect$$libshutdown$$00000004)
    __rt_lib_shutdown_user_alloc_1           0x08000269   Thumb Code     0  libshutdown2.o(.ARM.Collect$$libshutdown$$0000000C)
    __rt_entry                               0x0800026b   Thumb Code     0  __rtentry.o(.ARM.Collect$$rtentry$$00000000)
    __rt_entry_presh_1                       0x0800026b   Thumb Code     0  __rtentry2.o(.ARM.Collect$$rtentry$$00000002)
    __rt_entry_sh                            0x0800026b   Thumb Code     0  __rtentry4.o(.ARM.Collect$$rtentry$$00000004)
    __rt_entry_li                            0x08000271   Thumb Code     0  __rtentry2.o(.ARM.Collect$$rtentry$$0000000A)
    __rt_entry_postsh_1                      0x08000271   Thumb Code     0  __rtentry2.o(.ARM.Collect$$rtentry$$00000009)
    __rt_entry_main                          0x08000275   Thumb Code     0  __rtentry2.o(.ARM.Collect$$rtentry$$0000000D)
    __rt_entry_postli_1                      0x08000275   Thumb Code     0  __rtentry2.o(.ARM.Collect$$rtentry$$0000000C)
    __rt_exit                                0x0800027d   Thumb Code     0  rtexit.o(.ARM.Collect$$rtexit$$00000000)
    __rt_exit_ls                             0x0800027f   Thumb Code     0  rtexit2.o(.ARM.Collect$$rtexit$$00000003)
    __rt_exit_prels_1                        0x0800027f   Thumb Code     0  rtexit2.o(.ARM.Collect$$rtexit$$00000002)
    __rt_exit_exit                           0x08000283   Thumb Code     0  rtexit2.o(.ARM.Collect$$rtexit$$00000004)
    Reset_Handler                            0x08000289   Thumb Code     8  startup_stm32f40_41xxx.o(.text)
    ADC_IRQHandler                           0x080002a3   Thumb Code     0  startup_stm32f40_41xxx.o(.text)
    CAN1_RX0_IRQHandler                      0x080002a3   Thumb Code     0  startup_stm32f40_41xxx.o(.text)
    CAN1_RX1_IRQHandler                      0x080002a3   Thumb Code     0  startup_stm32f40_41xxx.o(.text)
    CAN1_SCE_IRQHandler                      0x080002a3   Thumb Code     0  startup_stm32f40_41xxx.o(.text)
    CAN1_TX_IRQHandler                       0x080002a3   Thumb Code     0  startup_stm32f40_41xxx.o(.text)
    CAN2_RX0_IRQHandler                      0x080002a3   Thumb Code     0  startup_stm32f40_41xxx.o(.text)
    CAN2_RX1_IRQHandler                      0x080002a3   Thumb Code     0  startup_stm32f40_41xxx.o(.text)
    CAN2_SCE_IRQHandler                      0x080002a3   Thumb Code     0  startup_stm32f40_41xxx.o(.text)
    CAN2_TX_IRQHandler                       0x080002a3   Thumb Code     0  startup_stm32f40_41xxx.o(.text)
    CRYP_IRQHandler                          0x080002a3   Thumb Code     0  startup_stm32f40_41xxx.o(.text)
    DCMI_IRQHandler                          0x080002a3   Thumb Code     0  startup_stm32f40_41xxx.o(.text)
    DMA1_Stream0_IRQHandler                  0x080002a3   Thumb Code     0  startup_stm32f40_41xxx.o(.text)
    DMA1_Stream1_IRQHandler                  0x080002a3   Thumb Code     0  startup_stm32f40_41xxx.o(.text)
    DMA1_Stream2_IRQHandler                  0x080002a3   Thumb Code     0  startup_stm32f40_41xxx.o(.text)
    DMA1_Stream3_IRQHandler                  0x080002a3   Thumb Code     0  startup_stm32f40_41xxx.o(.text)
    DMA1_Stream4_IRQHandler                  0x080002a3   Thumb Code     0  startup_stm32f40_41xxx.o(.text)
    DMA1_Stream5_IRQHandler                  0x080002a3   Thumb Code     0  startup_stm32f40_41xxx.o(.text)
    DMA1_Stream6_IRQHandler                  0x080002a3   Thumb Code     0  startup_stm32f40_41xxx.o(.text)
    DMA1_Stream7_IRQHandler                  0x080002a3   Thumb Code     0  startup_stm32f40_41xxx.o(.text)
    DMA2_Stream0_IRQHandler                  0x080002a3   Thumb Code     0  startup_stm32f40_41xxx.o(.text)
    DMA2_Stream1_IRQHandler                  0x080002a3   Thumb Code     0  startup_stm32f40_41xxx.o(.text)
    DMA2_Stream2_IRQHandler                  0x080002a3   Thumb Code     0  startup_stm32f40_41xxx.o(.text)
    DMA2_Stream3_IRQHandler                  0x080002a3   Thumb Code     0  startup_stm32f40_41xxx.o(.text)
    DMA2_Stream4_IRQHandler                  0x080002a3   Thumb Code     0  startup_stm32f40_41xxx.o(.text)
    DMA2_Stream5_IRQHandler                  0x080002a3   Thumb Code     0  startup_stm32f40_41xxx.o(.text)
    DMA2_Stream6_IRQHandler                  0x080002a3   Thumb Code     0  startup_stm32f40_41xxx.o(.text)
    DMA2_Stream7_IRQHandler                  0x080002a3   Thumb Code     0  startup_stm32f40_41xxx.o(.text)
    ETH_IRQHandler                           0x080002a3   Thumb Code     0  startup_stm32f40_41xxx.o(.text)
    ETH_WKUP_IRQHandler                      0x080002a3   Thumb Code     0  startup_stm32f40_41xxx.o(.text)
    EXTI0_IRQHandler                         0x080002a3   Thumb Code     0  startup_stm32f40_41xxx.o(.text)
    EXTI15_10_IRQHandler                     0x080002a3   Thumb Code     0  startup_stm32f40_41xxx.o(.text)
    EXTI1_IRQHandler                         0x080002a3   Thumb Code     0  startup_stm32f40_41xxx.o(.text)
    EXTI2_IRQHandler                         0x080002a3   Thumb Code     0  startup_stm32f40_41xxx.o(.text)
    EXTI3_IRQHandler                         0x080002a3   Thumb Code     0  startup_stm32f40_41xxx.o(.text)
    EXTI4_IRQHandler                         0x080002a3   Thumb Code     0  startup_stm32f40_41xxx.o(.text)
    EXTI9_5_IRQHandler                       0x080002a3   Thumb Code     0  startup_stm32f40_41xxx.o(.text)
    FLASH_IRQHandler                         0x080002a3   Thumb Code     0  startup_stm32f40_41xxx.o(.text)
    FPU_IRQHandler                           0x080002a3   Thumb Code     0  startup_stm32f40_41xxx.o(.text)
    FSMC_IRQHandler                          0x080002a3   Thumb Code     0  startup_stm32f40_41xxx.o(.text)
    HASH_RNG_IRQHandler                      0x080002a3   Thumb Code     0  startup_stm32f40_41xxx.o(.text)
    I2C1_ER_IRQHandler                       0x080002a3   Thumb Code     0  startup_stm32f40_41xxx.o(.text)
    I2C1_EV_IRQHandler                       0x080002a3   Thumb Code     0  startup_stm32f40_41xxx.o(.text)
    I2C2_ER_IRQHandler                       0x080002a3   Thumb Code     0  startup_stm32f40_41xxx.o(.text)
    I2C2_EV_IRQHandler                       0x080002a3   Thumb Code     0  startup_stm32f40_41xxx.o(.text)
    I2C3_ER_IRQHandler                       0x080002a3   Thumb Code     0  startup_stm32f40_41xxx.o(.text)
    I2C3_EV_IRQHandler                       0x080002a3   Thumb Code     0  startup_stm32f40_41xxx.o(.text)
    OTG_FS_IRQHandler                        0x080002a3   Thumb Code     0  startup_stm32f40_41xxx.o(.text)
    OTG_FS_WKUP_IRQHandler                   0x080002a3   Thumb Code     0  startup_stm32f40_41xxx.o(.text)
    OTG_HS_EP1_IN_IRQHandler                 0x080002a3   Thumb Code     0  startup_stm32f40_41xxx.o(.text)
    OTG_HS_EP1_OUT_IRQHandler                0x080002a3   Thumb Code     0  startup_stm32f40_41xxx.o(.text)
    OTG_HS_IRQHandler                        0x080002a3   Thumb Code     0  startup_stm32f40_41xxx.o(.text)
    OTG_HS_WKUP_IRQHandler                   0x080002a3   Thumb Code     0  startup_stm32f40_41xxx.o(.text)
    PVD_IRQHandler                           0x080002a3   Thumb Code     0  startup_stm32f40_41xxx.o(.text)
    RCC_IRQHandler                           0x080002a3   Thumb Code     0  startup_stm32f40_41xxx.o(.text)
    SDIO_IRQHandler                          0x080002a3   Thumb Code     0  startup_stm32f40_41xxx.o(.text)
    SPI1_IRQHandler                          0x080002a3   Thumb Code     0  startup_stm32f40_41xxx.o(.text)
    SPI2_IRQHandler                          0x080002a3   Thumb Code     0  startup_stm32f40_41xxx.o(.text)
    SPI3_IRQHandler                          0x080002a3   Thumb Code     0  startup_stm32f40_41xxx.o(.text)
    TAMP_STAMP_IRQHandler                    0x080002a3   Thumb Code     0  startup_stm32f40_41xxx.o(.text)
    TIM1_BRK_TIM9_IRQHandler                 0x080002a3   Thumb Code     0  startup_stm32f40_41xxx.o(.text)
    TIM1_CC_IRQHandler                       0x080002a3   Thumb Code     0  startup_stm32f40_41xxx.o(.text)
    TIM1_TRG_COM_TIM11_IRQHandler            0x080002a3   Thumb Code     0  startup_stm32f40_41xxx.o(.text)
    TIM1_UP_TIM10_IRQHandler                 0x080002a3   Thumb Code     0  startup_stm32f40_41xxx.o(.text)
    TIM2_IRQHandler                          0x080002a3   Thumb Code     0  startup_stm32f40_41xxx.o(.text)
    TIM3_IRQHandler                          0x080002a3   Thumb Code     0  startup_stm32f40_41xxx.o(.text)
    TIM5_IRQHandler                          0x080002a3   Thumb Code     0  startup_stm32f40_41xxx.o(.text)
    TIM6_DAC_IRQHandler                      0x080002a3   Thumb Code     0  startup_stm32f40_41xxx.o(.text)
    TIM7_IRQHandler                          0x080002a3   Thumb Code     0  startup_stm32f40_41xxx.o(.text)
    TIM8_BRK_TIM12_IRQHandler                0x080002a3   Thumb Code     0  startup_stm32f40_41xxx.o(.text)
    TIM8_CC_IRQHandler                       0x080002a3   Thumb Code     0  startup_stm32f40_41xxx.o(.text)
    TIM8_TRG_COM_TIM14_IRQHandler            0x080002a3   Thumb Code     0  startup_stm32f40_41xxx.o(.text)
    TIM8_UP_TIM13_IRQHandler                 0x080002a3   Thumb Code     0  startup_stm32f40_41xxx.o(.text)
    UART4_IRQHandler                         0x080002a3   Thumb Code     0  startup_stm32f40_41xxx.o(.text)
    UART5_IRQHandler                         0x080002a3   Thumb Code     0  startup_stm32f40_41xxx.o(.text)
    USART2_IRQHandler                        0x080002a3   Thumb Code     0  startup_stm32f40_41xxx.o(.text)
    USART3_IRQHandler                        0x080002a3   Thumb Code     0  startup_stm32f40_41xxx.o(.text)
    USART6_IRQHandler                        0x080002a3   Thumb Code     0  startup_stm32f40_41xxx.o(.text)
    WWDG_IRQHandler                          0x080002a3   Thumb Code     0  startup_stm32f40_41xxx.o(.text)
    __user_initial_stackheap                 0x080002a5   Thumb Code     0  startup_stm32f40_41xxx.o(.text)
    __use_no_semihosting                     0x080002c9   Thumb Code     2  use_no_semi_2.o(.text)
    __2printf                                0x080002cd   Thumb Code    20  noretval__2printf.o(.text)
    __2sprintf                               0x080002e5   Thumb Code    34  noretval__2sprintf.o(.text)
    _printf_pre_padding                      0x0800030d   Thumb Code    44  _printf_pad.o(.text)
    _printf_post_padding                     0x08000339   Thumb Code    34  _printf_pad.o(.text)
    _printf_str                              0x0800035b   Thumb Code    82  _printf_str.o(.text)
    _printf_int_dec                          0x080003ad   Thumb Code   104  _printf_dec.o(.text)
    _printf_int_hex                          0x08000425   Thumb Code    84  _printf_hex_int.o(.text)
    _printf_longlong_hex                     0x08000425   Thumb Code     0  _printf_hex_int.o(.text)
    __printf                                 0x0800047d   Thumb Code   388  __printf_flags_ss_wp.o(.text)
    __use_two_region_memory                  0x08000605   Thumb Code     2  heapauxi.o(.text)
    __rt_heap_escrow$2region                 0x08000607   Thumb Code     2  heapauxi.o(.text)
    __rt_heap_expand$2region                 0x08000609   Thumb Code     2  heapauxi.o(.text)
    __I$use$semihosting                      0x0800060b   Thumb Code     0  use_no_semi.o(.text)
    __use_no_semihosting_swi                 0x0800060b   Thumb Code     2  use_no_semi.o(.text)
    _printf_int_common                       0x0800060d   Thumb Code   178  _printf_intcommon.o(.text)
    _printf_char_common                      0x080006cb   Thumb Code    32  _printf_char_common.o(.text)
    _sputc                                   0x080006f1   Thumb Code    10  _sputc.o(.text)
    _printf_cs_common                        0x080006fb   Thumb Code    20  _printf_char.o(.text)
    _printf_char                             0x0800070f   Thumb Code    16  _printf_char.o(.text)
    _printf_string                           0x0800071f   Thumb Code     8  _printf_char.o(.text)
    _printf_char_file                        0x08000729   Thumb Code    32  _printf_char_file.o(.text)
    ferror                                   0x0800074d   Thumb Code     8  ferror.o(.text)
    __user_setup_stackheap                   0x08000755   Thumb Code    74  sys_stackheap_outer.o(.text)
    exit                                     0x0800079f   Thumb Code    18  exit.o(.text)
    __user_libspace                          0x080007b1   Thumb Code     8  libspace.o(.text)
    __user_perproc_libspace                  0x080007b1   Thumb Code     0  libspace.o(.text)
    __user_perthread_libspace                0x080007b1   Thumb Code     0  libspace.o(.text)
    BusFault_Handler                         0x080007b9   Thumb Code     4  stm32f4xx_it.o(i.BusFault_Handler)
    DebugMon_Handler                         0x080007bd   Thumb Code     2  stm32f4xx_it.o(i.DebugMon_Handler)
    EXTI_ClearITPendingBit                   0x080007c1   Thumb Code     6  stm32f4xx_exti.o(i.EXTI_ClearITPendingBit)
    EXTI_Init                                0x080007cd   Thumb Code   142  stm32f4xx_exti.o(i.EXTI_Init)
    FSMC_NORSRAMCmd                          0x08000861   Thumb Code    46  stm32f4xx_fsmc.o(i.FSMC_NORSRAMCmd)
    FSMC_NORSRAMInit                         0x08000895   Thumb Code   230  stm32f4xx_fsmc.o(i.FSMC_NORSRAMInit)
    GPIO_Init                                0x0800097b   Thumb Code   144  stm32f4xx_gpio.o(i.GPIO_Init)
    GPIO_PinAFConfig                         0x08000a0b   Thumb Code    70  stm32f4xx_gpio.o(i.GPIO_PinAFConfig)
    GPIO_SetBits                             0x08000a51   Thumb Code     4  stm32f4xx_gpio.o(i.GPIO_SetBits)
    HardFault_Handler                        0x08000a55   Thumb Code     4  stm32f4xx_it.o(i.HardFault_Handler)
    LCD_BGR2RGB                              0x08000a59   Thumb Code    26  lcd.o(i.LCD_BGR2RGB)
    LCD_Clear                                0x08000a75   Thumb Code   100  lcd.o(i.LCD_Clear)
    LCD_Display_Dir                          0x08000ae1   Thumb Code   444  lcd.o(i.LCD_Display_Dir)
    LCD_DrawLine                             0x08000ca1   Thumb Code   176  lcd.o(i.LCD_DrawLine)
    LCD_DrawPoint                            0x08000d51   Thumb Code    28  lcd.o(i.LCD_DrawPoint)
    LCD_DrawRectangle                        0x08000d75   Thumb Code    60  lcd.o(i.LCD_DrawRectangle)
    LCD_Draw_Circle                          0x08000db1   Thumb Code   152  lcd.o(i.LCD_Draw_Circle)
    LCD_Fast_DrawPoint                       0x08000e49   Thumb Code   374  lcd.o(i.LCD_Fast_DrawPoint)
    LCD_Fill                                 0x08000fc9   Thumb Code   180  lcd.o(i.LCD_Fill)
    LCD_Init                                 0x08001081   Thumb Code 14696  lcd.o(i.LCD_Init)
    LCD_Pow                                  0x080049f1   Thumb Code    22  lcd.o(i.LCD_Pow)
    LCD_RD_DATA                              0x08004a09   Thumb Code    14  lcd.o(i.LCD_RD_DATA)
    LCD_ReadPoint                            0x08004a1d   Thumb Code   360  lcd.o(i.LCD_ReadPoint)
    LCD_ReadReg                              0x08004b89   Thumb Code    22  lcd.o(i.LCD_ReadReg)
    LCD_SSD_BackLightSet                     0x08004ba1   Thumb Code    88  lcd.o(i.LCD_SSD_BackLightSet)
    LCD_Scan_Dir                             0x08004c01   Thumb Code   744  lcd.o(i.LCD_Scan_Dir)
    LCD_SetCursor                            0x08004eed   Thumb Code   418  lcd.o(i.LCD_SetCursor)
    LCD_ShowChar                             0x08005095   Thumb Code   272  lcd.o(i.LCD_ShowChar)
    LCD_ShowNum                              0x080051bd   Thumb Code   148  lcd.o(i.LCD_ShowNum)
    LCD_ShowString                           0x08005251   Thumb Code   102  lcd.o(i.LCD_ShowString)
    LCD_ShowxNum                             0x080052b7   Thumb Code   190  lcd.o(i.LCD_ShowxNum)
    LCD_WR_DATA                              0x08005375   Thumb Code    18  lcd.o(i.LCD_WR_DATA)
    LCD_WR_REG                               0x0800538d   Thumb Code    18  lcd.o(i.LCD_WR_REG)
    LCD_WriteRAM_Prepare                     0x080053a5   Thumb Code    10  lcd.o(i.LCD_WriteRAM_Prepare)
    LCD_WriteReg                             0x080053b9   Thumb Code    14  lcd.o(i.LCD_WriteReg)
    LED_Init                                 0x080053cd   Thumb Code    60  led.o(i.LED_Init)
    MemManage_Handler                        0x0800540d   Thumb Code     4  stm32f4xx_it.o(i.MemManage_Handler)
    My_RTC_Init                              0x08005411   Thumb Code   138  rtc.o(i.My_RTC_Init)
    NMI_Handler                              0x0800549b   Thumb Code     2  stm32f4xx_it.o(i.NMI_Handler)
    NVIC_Init                                0x0800549d   Thumb Code   106  misc.o(i.NVIC_Init)
    NVIC_PriorityGroupConfig                 0x08005515   Thumb Code    10  misc.o(i.NVIC_PriorityGroupConfig)
    PWR_BackupAccessCmd                      0x08005529   Thumb Code     6  stm32f4xx_pwr.o(i.PWR_BackupAccessCmd)
    PendSV_Handler                           0x08005535   Thumb Code     2  stm32f4xx_it.o(i.PendSV_Handler)
    RCC_AHB1PeriphClockCmd                   0x08005539   Thumb Code    26  stm32f4xx_rcc.o(i.RCC_AHB1PeriphClockCmd)
    RCC_AHB3PeriphClockCmd                   0x08005559   Thumb Code    26  stm32f4xx_rcc.o(i.RCC_AHB3PeriphClockCmd)
    RCC_APB1PeriphClockCmd                   0x08005579   Thumb Code    26  stm32f4xx_rcc.o(i.RCC_APB1PeriphClockCmd)
    RCC_APB2PeriphClockCmd                   0x08005599   Thumb Code    26  stm32f4xx_rcc.o(i.RCC_APB2PeriphClockCmd)
    RCC_GetClocksFreq                        0x080055b9   Thumb Code   214  stm32f4xx_rcc.o(i.RCC_GetClocksFreq)
    RCC_GetFlagStatus                        0x080056a1   Thumb Code    60  stm32f4xx_rcc.o(i.RCC_GetFlagStatus)
    RCC_LSEConfig                            0x080056e1   Thumb Code    40  stm32f4xx_rcc.o(i.RCC_LSEConfig)
    RCC_RTCCLKCmd                            0x0800570d   Thumb Code     6  stm32f4xx_rcc.o(i.RCC_RTCCLKCmd)
    RCC_RTCCLKConfig                         0x08005719   Thumb Code    50  stm32f4xx_rcc.o(i.RCC_RTCCLKConfig)
    RTC_Alarm_IRQHandler                     0x08005755   Thumb Code    36  rtc.o(i.RTC_Alarm_IRQHandler)
    RTC_ClearFlag                            0x080057b9   Thumb Code    24  stm32f4xx_rtc.o(i.RTC_ClearFlag)
    RTC_ClearITPendingBit                    0x080057d5   Thumb Code    28  stm32f4xx_rtc.o(i.RTC_ClearITPendingBit)
    RTC_EnterInitMode                        0x080057f5   Thumb Code    76  stm32f4xx_rtc.o(i.RTC_EnterInitMode)
    RTC_ExitInitMode                         0x08005845   Thumb Code    14  stm32f4xx_rtc.o(i.RTC_ExitInitMode)
    RTC_GetDate                              0x08005859   Thumb Code    68  stm32f4xx_rtc.o(i.RTC_GetDate)
    RTC_GetFlagStatus                        0x080058a5   Thumb Code    32  stm32f4xx_rtc.o(i.RTC_GetFlagStatus)
    RTC_GetTime                              0x080058cd   Thumb Code    72  stm32f4xx_rtc.o(i.RTC_GetTime)
    RTC_ITConfig                             0x0800591d   Thumb Code    94  stm32f4xx_rtc.o(i.RTC_ITConfig)
    RTC_Init                                 0x08005981   Thumb Code    94  stm32f4xx_rtc.o(i.RTC_Init)
    RTC_ReadBackupRegister                   0x080059e5   Thumb Code    26  stm32f4xx_rtc.o(i.RTC_ReadBackupRegister)
    RTC_SetDate                              0x08005a05   Thumb Code   190  stm32f4xx_rtc.o(i.RTC_SetDate)
    RTC_SetTime                              0x08005acd   Thumb Code   198  stm32f4xx_rtc.o(i.RTC_SetTime)
    RTC_SetWakeUpCounter                     0x08005b9d   Thumb Code    22  stm32f4xx_rtc.o(i.RTC_SetWakeUpCounter)
    RTC_Set_Date                             0x08005bb9   Thumb Code    36  rtc.o(i.RTC_Set_Date)
    RTC_Set_Time                             0x08005bdd   Thumb Code    36  rtc.o(i.RTC_Set_Time)
    RTC_Set_WakeUp                           0x08005c01   Thumb Code   108  rtc.o(i.RTC_Set_WakeUp)
    RTC_WKUP_IRQHandler                      0x08005c71   Thumb Code    40  rtc.o(i.RTC_WKUP_IRQHandler)
    RTC_WaitForSynchro                       0x08005ca1   Thumb Code    92  stm32f4xx_rtc.o(i.RTC_WaitForSynchro)
    RTC_WakeUpClockConfig                    0x08005d01   Thumb Code    42  stm32f4xx_rtc.o(i.RTC_WakeUpClockConfig)
    RTC_WakeUpCmd                            0x08005d31   Thumb Code   116  stm32f4xx_rtc.o(i.RTC_WakeUpCmd)
    RTC_WriteBackupRegister                  0x08005da9   Thumb Code    24  stm32f4xx_rtc.o(i.RTC_WriteBackupRegister)
    SVC_Handler                              0x08005dc5   Thumb Code     2  stm32f4xx_it.o(i.SVC_Handler)
    SysTick_CLKSourceConfig                  0x08005eb5   Thumb Code    40  misc.o(i.SysTick_CLKSourceConfig)
    SysTick_Handler                          0x08005edd   Thumb Code     2  stm32f4xx_it.o(i.SysTick_Handler)
    SystemInit                               0x08005ee1   Thumb Code    88  system_stm32f4xx.o(i.SystemInit)
    TIM4_IRQHandler                          0x08005f49   Thumb Code    46  usmart.o(i.TIM4_IRQHandler)
    TIM_ClearFlag                            0x08005f81   Thumb Code     6  stm32f4xx_tim.o(i.TIM_ClearFlag)
    TIM_ClearITPendingBit                    0x08005f87   Thumb Code     6  stm32f4xx_tim.o(i.TIM_ClearITPendingBit)
    TIM_Cmd                                  0x08005f8d   Thumb Code    24  stm32f4xx_tim.o(i.TIM_Cmd)
    TIM_GetCounter                           0x08005fa5   Thumb Code     6  stm32f4xx_tim.o(i.TIM_GetCounter)
    TIM_GetFlagStatus                        0x08005fab   Thumb Code    18  stm32f4xx_tim.o(i.TIM_GetFlagStatus)
    TIM_GetITStatus                          0x08005fbd   Thumb Code    34  stm32f4xx_tim.o(i.TIM_GetITStatus)
    TIM_ITConfig                             0x08005fdf   Thumb Code    18  stm32f4xx_tim.o(i.TIM_ITConfig)
    TIM_SetAutoreload                        0x08005ff1   Thumb Code     4  stm32f4xx_tim.o(i.TIM_SetAutoreload)
    TIM_SetCounter                           0x08005ff5   Thumb Code     4  stm32f4xx_tim.o(i.TIM_SetCounter)
    TIM_TimeBaseInit                         0x08005ff9   Thumb Code   104  stm32f4xx_tim.o(i.TIM_TimeBaseInit)
    Timer4_Init                              0x0800607d   Thumb Code    86  usmart.o(i.Timer4_Init)
    USART1_IRQHandler                        0x080060d9   Thumb Code   122  usart.o(i.USART1_IRQHandler)
    USART_Cmd                                0x08006161   Thumb Code    24  stm32f4xx_usart.o(i.USART_Cmd)
    USART_GetITStatus                        0x08006179   Thumb Code    84  stm32f4xx_usart.o(i.USART_GetITStatus)
    USART_ITConfig                           0x080061cd   Thumb Code    74  stm32f4xx_usart.o(i.USART_ITConfig)
    USART_Init                               0x08006219   Thumb Code   204  stm32f4xx_usart.o(i.USART_Init)
    USART_ReceiveData                        0x080062ed   Thumb Code    10  stm32f4xx_usart.o(i.USART_ReceiveData)
    UsageFault_Handler                       0x080062f7   Thumb Code     4  stm32f4xx_it.o(i.UsageFault_Handler)
    _is_digit                                0x080062fb   Thumb Code    14  __printf_wp.o(i._is_digit)
    _sys_exit                                0x08006309   Thumb Code     4  usart.o(i._sys_exit)
    delay_init                               0x0800630d   Thumb Code    52  delay.o(i.delay_init)
    delay_ms                                 0x08006349   Thumb Code    56  delay.o(i.delay_ms)
    delay_us                                 0x08006381   Thumb Code    72  delay.o(i.delay_us)
    delay_xms                                0x080063cd   Thumb Code    72  delay.o(i.delay_xms)
    fputc                                    0x08006419   Thumb Code    22  usart.o(i.fputc)
    main                                     0x08006435   Thumb Code   288  main.o(i.main)
    opt_delay                                0x080065b5   Thumb Code    14  lcd.o(i.opt_delay)
    read_addr                                0x080065c3   Thumb Code     6  usmart.o(i.read_addr)
    uart_init                                0x080065c9   Thumb Code   164  usart.o(i.uart_init)
    usmart_cmd_rec                           0x08006675   Thumb Code   170  usmart.o(i.usmart_cmd_rec)
    usmart_exe                               0x08006725   Thumb Code   632  usmart.o(i.usmart_exe)
    usmart_get_aparm                         0x080069f9   Thumb Code   200  usmart_str.o(i.usmart_get_aparm)
    usmart_get_cmdname                       0x08006ac1   Thumb Code    54  usmart_str.o(i.usmart_get_cmdname)
    usmart_get_fname                         0x08006af9   Thumb Code   440  usmart_str.o(i.usmart_get_fname)
    usmart_get_fparam                        0x08006cb9   Thumb Code   262  usmart_str.o(i.usmart_get_fparam)
    usmart_get_parmpos                       0x08006dc5   Thumb Code    26  usmart_str.o(i.usmart_get_parmpos)
    usmart_get_runtime                       0x08006de5   Thumb Code    60  usmart.o(i.usmart_get_runtime)
    usmart_init                              0x08006e29   Thumb Code    36  usmart.o(i.usmart_init)
    usmart_pow                               0x08006e51   Thumb Code    22  usmart_str.o(i.usmart_pow)
    usmart_reset_runtime                     0x08006e69   Thumb Code    38  usmart.o(i.usmart_reset_runtime)
    usmart_scan                              0x08006e99   Thumb Code   120  usmart.o(i.usmart_scan)
    usmart_search_nextc                      0x08006f55   Thumb Code    22  usmart_str.o(i.usmart_search_nextc)
    usmart_str2num                           0x08006f6b   Thumb Code   202  usmart_str.o(i.usmart_str2num)
    usmart_strcmp                            0x08007035   Thumb Code    34  usmart_str.o(i.usmart_strcmp)
    usmart_strcopy                           0x08007057   Thumb Code    22  usmart_str.o(i.usmart_strcopy)
    usmart_strlen                            0x0800706d   Thumb Code    24  usmart_str.o(i.usmart_strlen)
    usmart_sys_cmd_exe                       0x08007085   Thumb Code   602  usmart.o(i.usmart_sys_cmd_exe)
    write_addr                               0x08007499   Thumb Code     4  usmart.o(i.write_addr)
    __aeabi_d2uiz                            0x0800749d   Thumb Code     0  dfixu.o(x$fpl$dfixu)
    _dfixu                                   0x0800749d   Thumb Code    90  dfixu.o(x$fpl$dfixu)
    __aeabi_ui2d                             0x080074f7   Thumb Code     0  dflt_clz.o(x$fpl$dfltu)
    _dfltu                                   0x080074f7   Thumb Code    38  dflt_clz.o(x$fpl$dfltu)
    __aeabi_dmul                             0x0800751d   Thumb Code     0  dmul.o(x$fpl$dmul)
    _dmul                                    0x0800751d   Thumb Code   332  dmul.o(x$fpl$dmul)
    __fpl_dnaninf                            0x08007671   Thumb Code   156  dnaninf.o(x$fpl$dnaninf)
    __fpl_dretinf                            0x0800770d   Thumb Code    12  dretinf.o(x$fpl$dretinf)
    _fp_init                                 0x08007719   Thumb Code    10  fpinit.o(x$fpl$fpinit)
    __fplib_config_fpu_vfp                   0x08007721   Thumb Code     0  fpinit.o(x$fpl$fpinit)
    __fplib_config_pureend_doubles           0x08007721   Thumb Code     0  fpinit.o(x$fpl$fpinit)
    __I$use$fp                               0x08007722   Number         0  usenofp.o(x$fpl$usenofp)
    asc2_1206                                0x08007722   Data        1140  lcd.o(.constdata)
    asc2_1608                                0x08007b96   Data        1520  lcd.o(.constdata)
    asc2_2412                                0x08008186   Data        3420  lcd.o(.constdata)
    Region$$Table$$Base                      0x08009330   Number         0  anon$$obj.o(Region$$Table)
    Region$$Table$$Limit                     0x08009350   Number         0  anon$$obj.o(Region$$Table)
    POINT_COLOR                              0x20000010   Data           2  lcd.o(.data)
    BACK_COLOR                               0x20000012   Data           2  lcd.o(.data)
    NVIC_InitStructure                       0x20000014   Data           4  rtc.o(.data)
    __stdout                                 0x20000018   Data           4  usart.o(.data)
    USART_RX_STA                             0x2000001c   Data           2  usart.o(.data)
    sys_cmd_tab                              0x20000024   Data          28  usmart.o(.data)
    usmart_nametab                           0x20000040   Data         120  usmart_config.o(.data)
    usmart_dev                               0x200000b8   Data         244  usmart_config.o(.data)
    lcddev                                   0x200001ac   Data          14  lcd.o(.bss)
    USART_RX_BUF                             0x200001ba   Data         200  usart.o(.bss)
    __libspace_start                         0x20000284   Data          96  libspace.o(.bss)
    __temporary_stack_top$libspace           0x200002e4   Data           0  libspace.o(.bss)



==============================================================================

Memory Map of the image

  Image Entry point : 0x08000189

  Load Region LR_IROM1 (Base: 0x08000000, Size: 0x000094fc, Max: 0x00100000, ABSOLUTE, COMPRESSED[0x000093f0])

    Execution Region ER_IROM1 (Base: 0x08000000, Size: 0x00009350, Max: 0x00100000, ABSOLUTE)

    Base Addr    Size         Type   Attr      Idx    E Section Name        Object

    0x08000000   0x00000188   Data   RO         2061    RESET               startup_stm32f40_41xxx.o
    0x08000188   0x00000008   Code   RO         2912  * !!!main             c_w.l(__main.o)
    0x08000190   0x00000034   Code   RO         3103    !!!scatter          c_w.l(__scatter.o)
    0x080001c4   0x0000005a   Code   RO         3101    !!dczerorl2         c_w.l(__dczerorl2.o)
    0x0800021e   0x00000002   PAD
    0x08000220   0x0000001c   Code   RO         3105    !!handler_zi        c_w.l(__scatter_zi.o)
    0x0800023c   0x00000000   Code   RO         2909    .ARM.Collect$$_printf_percent$$00000000  c_w.l(_printf_percent.o)
    0x0800023c   0x00000006   Code   RO         2907    .ARM.Collect$$_printf_percent$$00000009  c_w.l(_printf_d.o)
    0x08000242   0x00000006   Code   RO         2908    .ARM.Collect$$_printf_percent$$0000000A  c_w.l(_printf_u.o)
    0x08000248   0x00000006   Code   RO         2906    .ARM.Collect$$_printf_percent$$0000000C  c_w.l(_printf_x.o)
    0x0800024e   0x00000006   Code   RO         2904    .ARM.Collect$$_printf_percent$$00000013  c_w.l(_printf_c.o)
    0x08000254   0x00000006   Code   RO         2905    .ARM.Collect$$_printf_percent$$00000014  c_w.l(_printf_s.o)
    0x0800025a   0x00000004   Code   RO         2939    .ARM.Collect$$_printf_percent$$00000017  c_w.l(_printf_percent_end.o)
    0x0800025e   0x00000002   Code   RO         2975    .ARM.Collect$$libinit$$00000000  c_w.l(libinit.o)
    0x08000260   0x00000004   Code   RO         2981    .ARM.Collect$$libinit$$00000001  c_w.l(libinit2.o)
    0x08000264   0x00000000   Code   RO         2984    .ARM.Collect$$libinit$$00000004  c_w.l(libinit2.o)
    0x08000264   0x00000000   Code   RO         2987    .ARM.Collect$$libinit$$0000000A  c_w.l(libinit2.o)
    0x08000264   0x00000000   Code   RO         2989    .ARM.Collect$$libinit$$0000000C  c_w.l(libinit2.o)
    0x08000264   0x00000000   Code   RO         2991    .ARM.Collect$$libinit$$0000000E  c_w.l(libinit2.o)
    0x08000264   0x00000000   Code   RO         2994    .ARM.Collect$$libinit$$00000011  c_w.l(libinit2.o)
    0x08000264   0x00000000   Code   RO         2996    .ARM.Collect$$libinit$$00000013  c_w.l(libinit2.o)
    0x08000264   0x00000000   Code   RO         2998    .ARM.Collect$$libinit$$00000015  c_w.l(libinit2.o)
    0x08000264   0x00000000   Code   RO         3000    .ARM.Collect$$libinit$$00000017  c_w.l(libinit2.o)
    0x08000264   0x00000000   Code   RO         3002    .ARM.Collect$$libinit$$00000019  c_w.l(libinit2.o)
    0x08000264   0x00000000   Code   RO         3004    .ARM.Collect$$libinit$$0000001B  c_w.l(libinit2.o)
    0x08000264   0x00000000   Code   RO         3006    .ARM.Collect$$libinit$$0000001D  c_w.l(libinit2.o)
    0x08000264   0x00000000   Code   RO         3008    .ARM.Collect$$libinit$$0000001F  c_w.l(libinit2.o)
    0x08000264   0x00000000   Code   RO         3010    .ARM.Collect$$libinit$$00000021  c_w.l(libinit2.o)
    0x08000264   0x00000000   Code   RO         3012    .ARM.Collect$$libinit$$00000023  c_w.l(libinit2.o)
    0x08000264   0x00000000   Code   RO         3014    .ARM.Collect$$libinit$$00000025  c_w.l(libinit2.o)
    0x08000264   0x00000000   Code   RO         3018    .ARM.Collect$$libinit$$0000002C  c_w.l(libinit2.o)
    0x08000264   0x00000000   Code   RO         3020    .ARM.Collect$$libinit$$0000002E  c_w.l(libinit2.o)
    0x08000264   0x00000000   Code   RO         3022    .ARM.Collect$$libinit$$00000030  c_w.l(libinit2.o)
    0x08000264   0x00000000   Code   RO         3024    .ARM.Collect$$libinit$$00000032  c_w.l(libinit2.o)
    0x08000264   0x00000002   Code   RO         3025    .ARM.Collect$$libinit$$00000033  c_w.l(libinit2.o)
    0x08000266   0x00000002   Code   RO         3043    .ARM.Collect$$libshutdown$$00000000  c_w.l(libshutdown.o)
    0x08000268   0x00000000   Code   RO         3053    .ARM.Collect$$libshutdown$$00000002  c_w.l(libshutdown2.o)
    0x08000268   0x00000000   Code   RO         3055    .ARM.Collect$$libshutdown$$00000004  c_w.l(libshutdown2.o)
    0x08000268   0x00000000   Code   RO         3058    .ARM.Collect$$libshutdown$$00000007  c_w.l(libshutdown2.o)
    0x08000268   0x00000000   Code   RO         3061    .ARM.Collect$$libshutdown$$0000000A  c_w.l(libshutdown2.o)
    0x08000268   0x00000000   Code   RO         3063    .ARM.Collect$$libshutdown$$0000000C  c_w.l(libshutdown2.o)
    0x08000268   0x00000000   Code   RO         3066    .ARM.Collect$$libshutdown$$0000000F  c_w.l(libshutdown2.o)
    0x08000268   0x00000002   Code   RO         3067    .ARM.Collect$$libshutdown$$00000010  c_w.l(libshutdown2.o)
    0x0800026a   0x00000000   Code   RO         2928    .ARM.Collect$$rtentry$$00000000  c_w.l(__rtentry.o)
    0x0800026a   0x00000000   Code   RO         2946    .ARM.Collect$$rtentry$$00000002  c_w.l(__rtentry2.o)
    0x0800026a   0x00000006   Code   RO         2958    .ARM.Collect$$rtentry$$00000004  c_w.l(__rtentry4.o)
    0x08000270   0x00000000   Code   RO         2948    .ARM.Collect$$rtentry$$00000009  c_w.l(__rtentry2.o)
    0x08000270   0x00000004   Code   RO         2949    .ARM.Collect$$rtentry$$0000000A  c_w.l(__rtentry2.o)
    0x08000274   0x00000000   Code   RO         2951    .ARM.Collect$$rtentry$$0000000C  c_w.l(__rtentry2.o)
    0x08000274   0x00000008   Code   RO         2952    .ARM.Collect$$rtentry$$0000000D  c_w.l(__rtentry2.o)
    0x0800027c   0x00000002   Code   RO         2979    .ARM.Collect$$rtexit$$00000000  c_w.l(rtexit.o)
    0x0800027e   0x00000000   Code   RO         3027    .ARM.Collect$$rtexit$$00000002  c_w.l(rtexit2.o)
    0x0800027e   0x00000004   Code   RO         3028    .ARM.Collect$$rtexit$$00000003  c_w.l(rtexit2.o)
    0x08000282   0x00000006   Code   RO         3029    .ARM.Collect$$rtexit$$00000004  c_w.l(rtexit2.o)
    0x08000288   0x00000040   Code   RO         2062    .text               startup_stm32f40_41xxx.o
    0x080002c8   0x00000002   Code   RO         2845    .text               c_w.l(use_no_semi_2.o)
    0x080002ca   0x00000002   PAD
    0x080002cc   0x00000018   Code   RO         2851    .text               c_w.l(noretval__2printf.o)
    0x080002e4   0x00000028   Code   RO         2853    .text               c_w.l(noretval__2sprintf.o)
    0x0800030c   0x0000004e   Code   RO         2857    .text               c_w.l(_printf_pad.o)
    0x0800035a   0x00000052   Code   RO         2859    .text               c_w.l(_printf_str.o)
    0x080003ac   0x00000078   Code   RO         2861    .text               c_w.l(_printf_dec.o)
    0x08000424   0x00000058   Code   RO         2866    .text               c_w.l(_printf_hex_int.o)
    0x0800047c   0x00000188   Code   RO         2901    .text               c_w.l(__printf_flags_ss_wp.o)
    0x08000604   0x00000006   Code   RO         2910    .text               c_w.l(heapauxi.o)
    0x0800060a   0x00000002   Code   RO         2926    .text               c_w.l(use_no_semi.o)
    0x0800060c   0x000000b2   Code   RO         2929    .text               c_w.l(_printf_intcommon.o)
    0x080006be   0x00000002   PAD
    0x080006c0   0x00000030   Code   RO         2931    .text               c_w.l(_printf_char_common.o)
    0x080006f0   0x0000000a   Code   RO         2933    .text               c_w.l(_sputc.o)
    0x080006fa   0x0000002c   Code   RO         2935    .text               c_w.l(_printf_char.o)
    0x08000726   0x00000002   PAD
    0x08000728   0x00000024   Code   RO         2937    .text               c_w.l(_printf_char_file.o)
    0x0800074c   0x00000008   Code   RO         2962    .text               c_w.l(ferror.o)
    0x08000754   0x0000004a   Code   RO         2966    .text               c_w.l(sys_stackheap_outer.o)
    0x0800079e   0x00000012   Code   RO         2968    .text               c_w.l(exit.o)
    0x080007b0   0x00000008   Code   RO         2976    .text               c_w.l(libspace.o)
    0x080007b8   0x00000004   Code   RO         2122    i.BusFault_Handler  stm32f4xx_it.o
    0x080007bc   0x00000002   Code   RO         2123    i.DebugMon_Handler  stm32f4xx_it.o
    0x080007be   0x00000002   PAD
    0x080007c0   0x0000000c   Code   RO         2000    i.EXTI_ClearITPendingBit  stm32f4xx_exti.o
    0x080007cc   0x00000094   Code   RO         2005    i.EXTI_Init         stm32f4xx_exti.o
    0x08000860   0x00000034   Code   RO         1403    i.FSMC_NORSRAMCmd   stm32f4xx_fsmc.o
    0x08000894   0x000000e6   Code   RO         1405    i.FSMC_NORSRAMInit  stm32f4xx_fsmc.o
    0x0800097a   0x00000090   Code   RO          677    i.GPIO_Init         stm32f4xx_gpio.o
    0x08000a0a   0x00000046   Code   RO          678    i.GPIO_PinAFConfig  stm32f4xx_gpio.o
    0x08000a50   0x00000004   Code   RO          685    i.GPIO_SetBits      stm32f4xx_gpio.o
    0x08000a54   0x00000004   Code   RO         2124    i.HardFault_Handler  stm32f4xx_it.o
    0x08000a58   0x0000001a   Code   RO         2276    i.LCD_BGR2RGB       lcd.o
    0x08000a72   0x00000002   PAD
    0x08000a74   0x0000006c   Code   RO         2277    i.LCD_Clear         lcd.o
    0x08000ae0   0x000001c0   Code   RO         2281    i.LCD_Display_Dir   lcd.o
    0x08000ca0   0x000000b0   Code   RO         2282    i.LCD_DrawLine      lcd.o
    0x08000d50   0x00000024   Code   RO         2283    i.LCD_DrawPoint     lcd.o
    0x08000d74   0x0000003c   Code   RO         2284    i.LCD_DrawRectangle  lcd.o
    0x08000db0   0x00000098   Code   RO         2285    i.LCD_Draw_Circle   lcd.o
    0x08000e48   0x00000180   Code   RO         2286    i.LCD_Fast_DrawPoint  lcd.o
    0x08000fc8   0x000000b8   Code   RO         2287    i.LCD_Fill          lcd.o
    0x08001080   0x00003970   Code   RO         2288    i.LCD_Init          lcd.o
    0x080049f0   0x00000016   Code   RO         2289    i.LCD_Pow           lcd.o
    0x08004a06   0x00000002   PAD
    0x08004a08   0x00000014   Code   RO         2290    i.LCD_RD_DATA       lcd.o
    0x08004a1c   0x0000016c   Code   RO         2291    i.LCD_ReadPoint     lcd.o
    0x08004b88   0x00000016   Code   RO         2292    i.LCD_ReadReg       lcd.o
    0x08004b9e   0x00000002   PAD
    0x08004ba0   0x00000060   Code   RO         2293    i.LCD_SSD_BackLightSet  lcd.o
    0x08004c00   0x000002ec   Code   RO         2294    i.LCD_Scan_Dir      lcd.o
    0x08004eec   0x000001a8   Code   RO         2295    i.LCD_SetCursor     lcd.o
    0x08005094   0x00000128   Code   RO         2297    i.LCD_ShowChar      lcd.o
    0x080051bc   0x00000094   Code   RO         2298    i.LCD_ShowNum       lcd.o
    0x08005250   0x00000066   Code   RO         2299    i.LCD_ShowString    lcd.o
    0x080052b6   0x000000be   Code   RO         2300    i.LCD_ShowxNum      lcd.o
    0x08005374   0x00000018   Code   RO         2301    i.LCD_WR_DATA       lcd.o
    0x0800538c   0x00000018   Code   RO         2302    i.LCD_WR_REG        lcd.o
    0x080053a4   0x00000014   Code   RO         2304    i.LCD_WriteRAM_Prepare  lcd.o
    0x080053b8   0x00000014   Code   RO         2305    i.LCD_WriteReg      lcd.o
    0x080053cc   0x00000040   Code   RO         2256    i.LED_Init          led.o
    0x0800540c   0x00000004   Code   RO         2125    i.MemManage_Handler  stm32f4xx_it.o
    0x08005410   0x0000008a   Code   RO         2494    i.My_RTC_Init       rtc.o
    0x0800549a   0x00000002   Code   RO         2126    i.NMI_Handler       stm32f4xx_it.o
    0x0800549c   0x00000078   Code   RO            3    i.NVIC_Init         misc.o
    0x08005514   0x00000014   Code   RO            4    i.NVIC_PriorityGroupConfig  misc.o
    0x08005528   0x0000000c   Code   RO         1877    i.PWR_BackupAccessCmd  stm32f4xx_pwr.o
    0x08005534   0x00000002   Code   RO         2127    i.PendSV_Handler    stm32f4xx_it.o
    0x08005536   0x00000002   PAD
    0x08005538   0x00000020   Code   RO          154    i.RCC_AHB1PeriphClockCmd  stm32f4xx_rcc.o
    0x08005558   0x00000020   Code   RO          160    i.RCC_AHB3PeriphClockCmd  stm32f4xx_rcc.o
    0x08005578   0x00000020   Code   RO          163    i.RCC_APB1PeriphClockCmd  stm32f4xx_rcc.o
    0x08005598   0x00000020   Code   RO          166    i.RCC_APB2PeriphClockCmd  stm32f4xx_rcc.o
    0x080055b8   0x000000e8   Code   RO          175    i.RCC_GetClocksFreq  stm32f4xx_rcc.o
    0x080056a0   0x00000040   Code   RO          176    i.RCC_GetFlagStatus  stm32f4xx_rcc.o
    0x080056e0   0x0000002c   Code   RO          184    i.RCC_LSEConfig     stm32f4xx_rcc.o
    0x0800570c   0x0000000c   Code   RO          198    i.RCC_RTCCLKCmd     stm32f4xx_rcc.o
    0x08005718   0x0000003c   Code   RO          199    i.RCC_RTCCLKConfig  stm32f4xx_rcc.o
    0x08005754   0x00000030   Code   RO         2495    i.RTC_Alarm_IRQHandler  rtc.o
    0x08005784   0x00000016   Code   RO         1526    i.RTC_Bcd2ToByte    stm32f4xx_rtc.o
    0x0800579a   0x0000001c   Code   RO         1528    i.RTC_ByteToBcd2    stm32f4xx_rtc.o
    0x080057b6   0x00000002   PAD
    0x080057b8   0x0000001c   Code   RO         1531    i.RTC_ClearFlag     stm32f4xx_rtc.o
    0x080057d4   0x00000020   Code   RO         1532    i.RTC_ClearITPendingBit  stm32f4xx_rtc.o
    0x080057f4   0x00000050   Code   RO         1538    i.RTC_EnterInitMode  stm32f4xx_rtc.o
    0x08005844   0x00000014   Code   RO         1539    i.RTC_ExitInitMode  stm32f4xx_rtc.o
    0x08005858   0x0000004c   Code   RO         1542    i.RTC_GetDate       stm32f4xx_rtc.o
    0x080058a4   0x00000028   Code   RO         1543    i.RTC_GetFlagStatus  stm32f4xx_rtc.o
    0x080058cc   0x00000050   Code   RO         1547    i.RTC_GetTime       stm32f4xx_rtc.o
    0x0800591c   0x00000064   Code   RO         1551    i.RTC_ITConfig      stm32f4xx_rtc.o
    0x08005980   0x00000064   Code   RO         1552    i.RTC_Init          stm32f4xx_rtc.o
    0x080059e4   0x00000020   Code   RO         1555    i.RTC_ReadBackupRegister  stm32f4xx_rtc.o
    0x08005a04   0x000000c8   Code   RO         1558    i.RTC_SetDate       stm32f4xx_rtc.o
    0x08005acc   0x000000d0   Code   RO         1559    i.RTC_SetTime       stm32f4xx_rtc.o
    0x08005b9c   0x0000001c   Code   RO         1560    i.RTC_SetWakeUpCounter  stm32f4xx_rtc.o
    0x08005bb8   0x00000024   Code   RO         2497    i.RTC_Set_Date      rtc.o
    0x08005bdc   0x00000024   Code   RO         2498    i.RTC_Set_Time      rtc.o
    0x08005c00   0x00000070   Code   RO         2499    i.RTC_Set_WakeUp    rtc.o
    0x08005c70   0x00000030   Code   RO         2500    i.RTC_WKUP_IRQHandler  rtc.o
    0x08005ca0   0x00000060   Code   RO         1575    i.RTC_WaitForSynchro  stm32f4xx_rtc.o
    0x08005d00   0x00000030   Code   RO         1576    i.RTC_WakeUpClockConfig  stm32f4xx_rtc.o
    0x08005d30   0x00000078   Code   RO         1577    i.RTC_WakeUpCmd     stm32f4xx_rtc.o
    0x08005da8   0x0000001c   Code   RO         1578    i.RTC_WriteBackupRegister  stm32f4xx_rtc.o
    0x08005dc4   0x00000002   Code   RO         2128    i.SVC_Handler       stm32f4xx_it.o
    0x08005dc6   0x00000002   PAD
    0x08005dc8   0x000000ec   Code   RO         2219    i.SetSysClock       system_stm32f4xx.o
    0x08005eb4   0x00000028   Code   RO            7    i.SysTick_CLKSourceConfig  misc.o
    0x08005edc   0x00000002   Code   RO         2129    i.SysTick_Handler   stm32f4xx_it.o
    0x08005ede   0x00000002   PAD
    0x08005ee0   0x00000068   Code   RO         2221    i.SystemInit        system_stm32f4xx.o
    0x08005f48   0x00000038   Code   RO         2660    i.TIM4_IRQHandler   usmart.o
    0x08005f80   0x00000006   Code   RO          840    i.TIM_ClearFlag     stm32f4xx_tim.o
    0x08005f86   0x00000006   Code   RO          841    i.TIM_ClearITPendingBit  stm32f4xx_tim.o
    0x08005f8c   0x00000018   Code   RO          846    i.TIM_Cmd           stm32f4xx_tim.o
    0x08005fa4   0x00000006   Code   RO          865    i.TIM_GetCounter    stm32f4xx_tim.o
    0x08005faa   0x00000012   Code   RO          866    i.TIM_GetFlagStatus  stm32f4xx_tim.o
    0x08005fbc   0x00000022   Code   RO          867    i.TIM_GetITStatus   stm32f4xx_tim.o
    0x08005fde   0x00000012   Code   RO          871    i.TIM_ITConfig      stm32f4xx_tim.o
    0x08005ff0   0x00000004   Code   RO          906    i.TIM_SetAutoreload  stm32f4xx_tim.o
    0x08005ff4   0x00000004   Code   RO          912    i.TIM_SetCounter    stm32f4xx_tim.o
    0x08005ff8   0x00000084   Code   RO          918    i.TIM_TimeBaseInit  stm32f4xx_tim.o
    0x0800607c   0x0000005c   Code   RO         2661    i.Timer4_Init       usmart.o
    0x080060d8   0x00000088   Code   RO         2553    i.USART1_IRQHandler  usart.o
    0x08006160   0x00000018   Code   RO          492    i.USART_Cmd         stm32f4xx_usart.o
    0x08006178   0x00000054   Code   RO          496    i.USART_GetITStatus  stm32f4xx_usart.o
    0x080061cc   0x0000004a   Code   RO          498    i.USART_ITConfig    stm32f4xx_usart.o
    0x08006216   0x00000002   PAD
    0x08006218   0x000000d4   Code   RO          499    i.USART_Init        stm32f4xx_usart.o
    0x080062ec   0x0000000a   Code   RO          506    i.USART_ReceiveData  stm32f4xx_usart.o
    0x080062f6   0x00000004   Code   RO         2130    i.UsageFault_Handler  stm32f4xx_it.o
    0x080062fa   0x0000000e   Code   RO         2894    i._is_digit         c_w.l(__printf_wp.o)
    0x08006308   0x00000004   Code   RO         2554    i._sys_exit         usart.o
    0x0800630c   0x0000003c   Code   RO         2620    i.delay_init        delay.o
    0x08006348   0x00000038   Code   RO         2621    i.delay_ms          delay.o
    0x08006380   0x0000004c   Code   RO         2622    i.delay_us          delay.o
    0x080063cc   0x0000004c   Code   RO         2623    i.delay_xms         delay.o
    0x08006418   0x0000001c   Code   RO         2555    i.fputc             usart.o
    0x08006434   0x00000180   Code   RO         2068    i.main              main.o
    0x080065b4   0x0000000e   Code   RO         2306    i.opt_delay         lcd.o
    0x080065c2   0x00000006   Code   RO         2662    i.read_addr         usmart.o
    0x080065c8   0x000000ac   Code   RO         2556    i.uart_init         usart.o
    0x08006674   0x000000b0   Code   RO         2663    i.usmart_cmd_rec    usmart.o
    0x08006724   0x000002d4   Code   RO         2664    i.usmart_exe        usmart.o
    0x080069f8   0x000000c8   Code   RO         2765    i.usmart_get_aparm  usmart_str.o
    0x08006ac0   0x00000036   Code   RO         2766    i.usmart_get_cmdname  usmart_str.o
    0x08006af6   0x00000002   PAD
    0x08006af8   0x000001c0   Code   RO         2767    i.usmart_get_fname  usmart_str.o
    0x08006cb8   0x0000010c   Code   RO         2768    i.usmart_get_fparam  usmart_str.o
    0x08006dc4   0x00000020   Code   RO         2769    i.usmart_get_parmpos  usmart_str.o
    0x08006de4   0x00000044   Code   RO         2665    i.usmart_get_runtime  usmart.o
    0x08006e28   0x00000028   Code   RO         2666    i.usmart_init       usmart.o
    0x08006e50   0x00000016   Code   RO         2770    i.usmart_pow        usmart_str.o
    0x08006e66   0x00000002   PAD
    0x08006e68   0x00000030   Code   RO         2667    i.usmart_reset_runtime  usmart.o
    0x08006e98   0x000000bc   Code   RO         2668    i.usmart_scan       usmart.o
    0x08006f54   0x00000016   Code   RO         2771    i.usmart_search_nextc  usmart_str.o
    0x08006f6a   0x000000ca   Code   RO         2772    i.usmart_str2num    usmart_str.o
    0x08007034   0x00000022   Code   RO         2773    i.usmart_strcmp     usmart_str.o
    0x08007056   0x00000016   Code   RO         2774    i.usmart_strcopy    usmart_str.o
    0x0800706c   0x00000018   Code   RO         2775    i.usmart_strlen     usmart_str.o
    0x08007084   0x00000414   Code   RO         2669    i.usmart_sys_cmd_exe  usmart.o
    0x08007498   0x00000004   Code   RO         2670    i.write_addr        usmart.o
    0x0800749c   0x0000005a   Code   RO         2914    x$fpl$dfixu         fz_wm.l(dfixu.o)
    0x080074f6   0x00000026   Code   RO         2918    x$fpl$dfltu         fz_wm.l(dflt_clz.o)
    0x0800751c   0x00000154   Code   RO         2924    x$fpl$dmul          fz_wm.l(dmul.o)
    0x08007670   0x0000009c   Code   RO         2940    x$fpl$dnaninf       fz_wm.l(dnaninf.o)
    0x0800770c   0x0000000c   Code   RO         2942    x$fpl$dretinf       fz_wm.l(dretinf.o)
    0x08007718   0x0000000a   Code   RO         3035    x$fpl$fpinit        fz_wm.l(fpinit.o)
    0x08007722   0x00000000   Code   RO         2944    x$fpl$usenofp       fz_wm.l(usenofp.o)
    0x08007722   0x000017c0   Data   RO         2308    .constdata          lcd.o
    0x08008ee2   0x00000028   Data   RO         2867    .constdata          c_w.l(_printf_hex_int.o)
    0x08008f0a   0x00000011   Data   RO         2902    .constdata          c_w.l(__printf_flags_ss_wp.o)
    0x08008f1b   0x00000001   PAD
    0x08008f1c   0x0000018c   Data   RO         2671    .conststring        usmart.o
    0x080090a8   0x00000287   Data   RO         2744    .conststring        usmart_config.o
    0x0800932f   0x00000001   PAD
    0x08009330   0x00000020   Data   RO         3099    Region$$Table       anon$$obj.o


    Execution Region RW_IRAM1 (Base: 0x20000000, Size: 0x000008e8, Max: 0x00020000, ABSOLUTE, COMPRESSED[0x000000a0])

    Base Addr    Size         Type   Attr      Idx    E Section Name        Object

    0x20000000   0x00000010   Data   RW          207    .data               stm32f4xx_rcc.o
    0x20000010   0x00000004   Data   RW         2309    .data               lcd.o
    0x20000014   0x00000004   Data   RW         2501    .data               rtc.o
    0x20000018   0x00000006   Data   RW         2558    .data               usart.o
    0x2000001e   0x00000004   Data   RW         2624    .data               delay.o
    0x20000022   0x00000002   PAD
    0x20000024   0x0000001c   Data   RW         2672    .data               usmart.o
    0x20000040   0x0000016c   Data   RW         2745    .data               usmart_config.o
    0x200001ac   0x0000000e   Zero   RW         2307    .bss                lcd.o
    0x200001ba   0x000000c8   Zero   RW         2557    .bss                usart.o
    0x20000282   0x00000002   PAD
    0x20000284   0x00000060   Zero   RW         2977    .bss                c_w.l(libspace.o)
    0x200002e4   0x00000004   PAD
    0x200002e8   0x00000200   Zero   RW         2060    HEAP                startup_stm32f40_41xxx.o
    0x200004e8   0x00000400   Zero   RW         2059    STACK               startup_stm32f40_41xxx.o


==============================================================================

Image component sizes


      Code (inc. data)   RO Data    RW Data    ZI Data      Debug   Object Name

       268         16          0          4          0       2491   delay.o
     18812        222       6080          4         14      29192   lcd.o
        64          4          0          0          0        523   led.o
       384         96          0          0          0        651   main.o
       180         24          0          0          0     308653   misc.o
       418         24          0          4          0       4103   rtc.o
        64         26        392          0       1536        840   startup_stm32f40_41xxx.o
       160         12          0          0          0       1477   stm32f4xx_exti.o
       282          6          0          0          0       1801   stm32f4xx_fsmc.o
       218          0          0          0          0       2294   stm32f4xx_gpio.o
        26          0          0          0          0       4010   stm32f4xx_it.o
        12          6          0          0          0        526   stm32f4xx_pwr.o
       540         66          0         16          0       7471   stm32f4xx_rcc.o
      1366        104          0          0          0      12652   stm32f4xx_rtc.o
       252         28          0          0          0       6456   stm32f4xx_tim.o
       404          8          0          0          0       4214   stm32f4xx_usart.o
       340         32          0          0          0       1453   system_stm32f4xx.o
       340         28          0          6        200       4212   usart.o
      2446        666        396         28          0       7854   usmart.o
         0          0        647        364          0       1532   usmart_config.o
      1328         20          0          0          0       8809   usmart_str.o

    ----------------------------------------------------------------------
     27926       1388       7548        428       1752     411214   Object Totals
         0          0         32          0          0          0   (incl. Generated)
        22          0          1          2          2          0   (incl. Padding)

    ----------------------------------------------------------------------

      Code (inc. data)   RO Data    RW Data    ZI Data      Debug   Library Member Name

        90          0          0          0          0          0   __dczerorl2.o
         8          0          0          0          0         68   __main.o
       392          4         17          0          0         92   __printf_flags_ss_wp.o
        14          0          0          0          0         68   __printf_wp.o
         0          0          0          0          0          0   __rtentry.o
        12          0          0          0          0          0   __rtentry2.o
         6          0          0          0          0          0   __rtentry4.o
        52          8          0          0          0          0   __scatter.o
        28          0          0          0          0          0   __scatter_zi.o
         6          0          0          0          0          0   _printf_c.o
        44          0          0          0          0        108   _printf_char.o
        48          6          0          0          0         96   _printf_char_common.o
        36          4          0          0          0         80   _printf_char_file.o
         6          0          0          0          0          0   _printf_d.o
       120         16          0          0          0         92   _printf_dec.o
        88          4         40          0          0         88   _printf_hex_int.o
       178          0          0          0          0         88   _printf_intcommon.o
        78          0          0          0          0        108   _printf_pad.o
         0          0          0          0          0          0   _printf_percent.o
         4          0          0          0          0          0   _printf_percent_end.o
         6          0          0          0          0          0   _printf_s.o
        82          0          0          0          0         80   _printf_str.o
         6          0          0          0          0          0   _printf_u.o
         6          0          0          0          0          0   _printf_x.o
        10          0          0          0          0         68   _sputc.o
        18          0          0          0          0         80   exit.o
         8          0          0          0          0         68   ferror.o
         6          0          0          0          0        152   heapauxi.o
         2          0          0          0          0          0   libinit.o
         6          0          0          0          0          0   libinit2.o
         2          0          0          0          0          0   libshutdown.o
         2          0          0          0          0          0   libshutdown2.o
         8          4          0          0         96         68   libspace.o
        24          4          0          0          0         84   noretval__2printf.o
        40          6          0          0          0         84   noretval__2sprintf.o
         2          0          0          0          0          0   rtexit.o
        10          0          0          0          0          0   rtexit2.o
        74          0          0          0          0         80   sys_stackheap_outer.o
         2          0          0          0          0         68   use_no_semi.o
         2          0          0          0          0         68   use_no_semi_2.o
        90          4          0          0          0        140   dfixu.o
        38          0          0          0          0        116   dflt_clz.o
       340         12          0          0          0        152   dmul.o
       156          4          0          0          0        140   dnaninf.o
        12          0          0          0          0        116   dretinf.o
        10          0          0          0          0        116   fpinit.o
         0          0          0          0          0          0   usenofp.o

    ----------------------------------------------------------------------
      2180         76         58          0        100       2568   Library Totals
         8          0          1          0          4          0   (incl. Padding)

    ----------------------------------------------------------------------

      Code (inc. data)   RO Data    RW Data    ZI Data      Debug   Library Name

      1526         56         57          0         96       1788   c_w.l
       646         20          0          0          0        780   fz_wm.l

    ----------------------------------------------------------------------
      2180         76         58          0        100       2568   Library Totals

    ----------------------------------------------------------------------

==============================================================================


      Code (inc. data)   RO Data    RW Data    ZI Data      Debug   

     30106       1464       7606        428       1852     400298   Grand Totals
     30106       1464       7606        160       1852     400298   ELF Image Totals (compressed)
     30106       1464       7606        160          0          0   ROM Totals

==============================================================================

    Total RO  Size (Code + RO Data)                37712 (  36.83kB)
    Total RW  Size (RW Data + ZI Data)              2280 (   2.23kB)
    Total ROM Size (Code + RO Data + RW Data)      37872 (  36.98kB)

==============================================================================

