Component: ARM Compiler 5.06 (build 20) Tool: armlink [4d35a3]

==============================================================================

Section Cross References

    main.o(.text) refers to lcd.o(.text) for LCD_ShowChar
    main.o(.text) refers to misc.o(.text) for NVIC_PriorityGroupConfig
    main.o(.text) refers to delay.o(.text) for delay_init
    main.o(.text) refers to usart.o(.text) for uart_init
    main.o(.text) refers to led.o(.text) for LED_Init
    main.o(.text) refers to key.o(.text) for KEY_Init
    main.o(.text) refers to ist8310_driver.o(.text) for ist8310_Init
    main.o(.text) refers to ist_lib.o(.text) for Set_HeadingAngleEnable
    main.o(.text) refers to fflti.o(.text) for __aeabi_i2f
    main.o(.text) refers to fmul.o(.text) for __aeabi_fmul
    main.o(.text) refers to ffixi.o(.text) for __aeabi_f2iz
    main.o(.text) refers to f2d.o(.text) for __aeabi_f2d
    main.o(.text) refers to printfa.o(i.__0printf) for __2printf
    main.o(.text) refers to main.o(.constdata) for .constdata
    main.o(.text) refers to lcd.o(.data) for POINT_COLOR
    system_stm32f10x.o(.text) refers to system_stm32f10x.o(.data) for SystemCoreClock
    led.o(.text) refers to stm32f10x_rcc.o(.text) for RCC_APB2PeriphClockCmd
    led.o(.text) refers to stm32f10x_gpio.o(.text) for GPIO_Init
    lcd.o(.text) refers to delay.o(.text) for delay_us
    lcd.o(.text) refers to lcd.o(.bss) for lcddev
    lcd.o(.text) refers to dfltui.o(.text) for __aeabi_ui2d
    lcd.o(.text) refers to dmul.o(.text) for __aeabi_dmul
    lcd.o(.text) refers to dfixui.o(.text) for __aeabi_d2uiz
    lcd.o(.text) refers to lcd.o(.data) for POINT_COLOR
    lcd.o(.text) refers to stm32f10x_rcc.o(.text) for RCC_APB2PeriphClockCmd
    lcd.o(.text) refers to stm32f10x_gpio.o(.text) for GPIO_PinRemapConfig
    lcd.o(.text) refers to printfa.o(i.__0printf) for __2printf
    lcd.o(.text) refers to lcd.o(.constdata) for asc2_1206
    key.o(.text) refers to stm32f10x_rcc.o(.text) for RCC_APB2PeriphClockCmd
    key.o(.text) refers to stm32f10x_gpio.o(.text) for GPIO_PinRemapConfig
    key.o(.text) refers to delay.o(.text) for delay_ms
    key.o(.text) refers to key.o(.data) for key_up
    myiic.o(.text) refers to stm32f10x_rcc.o(.text) for RCC_APB2PeriphClockCmd
    myiic.o(.text) refers to stm32f10x_gpio.o(.text) for GPIO_Init
    myiic.o(.text) refers to delay.o(.text) for delay_us
    ist8310_driver.o(.text) refers to myiic.o(.text) for IIC_Init
    ist8310_driver.o(.text) refers to delay.o(.text) for delay_ms
    ist8310_driver.o(.text) refers to memseta.o(.text) for __aeabi_memclr4
    ist8310_driver.o(.text) refers to llshl.o(.text) for __aeabi_llsl
    ist8310_driver.o(.text) refers to ist8310_driver.o(.bss) for crossaxis_inv
    ist8310_driver.o(.text) refers to ist8310_driver.o(.data) for crossaxis_det
    ist8310_driver.o(.text) refers to ldiv.o(.text) for __aeabi_ldivmod
    delay.o(.text) refers to misc.o(.text) for SysTick_CLKSourceConfig
    delay.o(.text) refers to system_stm32f10x.o(.data) for SystemCoreClock
    delay.o(.text) refers to delay.o(.data) for fac_us
    usart.o(.text) refers to stm32f10x_rcc.o(.text) for RCC_APB2PeriphClockCmd
    usart.o(.text) refers to stm32f10x_gpio.o(.text) for GPIO_Init
    usart.o(.text) refers to misc.o(.text) for NVIC_Init
    usart.o(.text) refers to stm32f10x_usart.o(.text) for USART_Init
    usart.o(.text) refers to usart.o(.data) for USART_RX_STA
    usart.o(.text) refers to usart.o(.bss) for USART_RX_BUF
    startup_stm32f10x_hd.o(RESET) refers to startup_stm32f10x_hd.o(STACK) for __initial_sp
    startup_stm32f10x_hd.o(RESET) refers to startup_stm32f10x_hd.o(.text) for Reset_Handler
    startup_stm32f10x_hd.o(RESET) refers to stm32f10x_it.o(.text) for NMI_Handler
    startup_stm32f10x_hd.o(RESET) refers to usart.o(.text) for USART1_IRQHandler
    startup_stm32f10x_hd.o(.text) refers to system_stm32f10x.o(.text) for SystemInit
    startup_stm32f10x_hd.o(.text) refers to entry.o(.ARM.Collect$$$$00000000) for __main
    stm32f10x_gpio.o(.text) refers to stm32f10x_rcc.o(.text) for RCC_APB2PeriphResetCmd
    stm32f10x_rcc.o(.text) refers to stm32f10x_rcc.o(.data) for APBAHBPrescTable
    stm32f10x_usart.o(.text) refers to stm32f10x_rcc.o(.text) for RCC_APB2PeriphResetCmd
    ist_calibration.o(.text) refers to cfcmple.o(.text) for __aeabi_cfcmple
    ist_calibration.o(.text) refers to powf.o(i.powf) for powf
    ist_calibration.o(.text) refers to fadd.o(.text) for __aeabi_fadd
    ist_calibration.o(.text) refers to fmul.o(.text) for __aeabi_fmul
    ist_calibration.o(.text) refers to memseta.o(.text) for __aeabi_memclr4
    ist_calibration.o(.text) refers to ist_math.o(.text) for DotMatrix_A_B_to_C
    ist_calibration.o(.text) refers to fdiv.o(.text) for __aeabi_fdiv
    ist_calibration.o(.text) refers to ist_calibration.o(.data) for data_num
    ist_calibration.o(.text) refers to ist_calibration.o(.bss) for bias
    ist_calibration.o(.text) refers to f2d.o(.text) for __aeabi_f2d
[...]

    Removing sys.o(.emb_text), (6 bytes).
    Removing sys.o(.text), (12 bytes).
    Removing core_cm3.o(.emb_text), (32 bytes).

3 unused section(s) (total 50 bytes) removed from the image.

==============================================================================

Image Symbol Table

    Local Symbols

    Symbol Name                              Value     Ov Type        Size  Object(Section)

    ../clib/microlib/division.c              0x00000000   Number         0  ldiv.o ABSOLUTE
    ../clib/microlib/division.c              0x00000000   Number         0  uidiv.o ABSOLUTE
    ../clib/microlib/division.c              0x00000000   Number         0  uldiv.o ABSOLUTE
    ../clib/microlib/errno.c                 0x00000000   Number         0  errno.o ABSOLUTE
    ../clib/microlib/init/entry.s            0x00000000   Number         0  entry8b.o ABSOLUTE
    ../clib/microlib/init/entry.s            0x00000000   Number         0  entry8a.o ABSOLUTE
    ../clib/microlib/init/entry.s            0x00000000   Number         0  entry7b.o ABSOLUTE
    ../clib/microlib/init/entry.s            0x00000000   Number         0  entry7a.o ABSOLUTE
    ../clib/microlib/init/entry.s            0x00000000   Number         0  entry5.o ABSOLUTE
    ../clib/microlib/init/entry.s            0x00000000   Number         0  entry2.o ABSOLUTE
    ../clib/microlib/init/entry.s            0x00000000   Number         0  entry9a.o ABSOLUTE
    ../clib/microlib/init/entry.s            0x00000000   Number         0  entry9b.o ABSOLUTE
    ../clib/microlib/init/entry.s            0x00000000   Number         0  entry10a.o ABSOLUTE
    ../clib/microlib/init/entry.s            0x00000000   Number         0  entry10b.o ABSOLUTE
    ../clib/microlib/init/entry.s            0x00000000   Number         0  entry11a.o ABSOLUTE
    ../clib/microlib/init/entry.s            0x00000000   Number         0  entry11b.o ABSOLUTE
    ../clib/microlib/init/entry.s            0x00000000   Number         0  entry.o ABSOLUTE
    ../clib/microlib/longlong.c              0x00000000   Number         0  llshl.o ABSOLUTE
    ../clib/microlib/longlong.c              0x00000000   Number         0  llushr.o ABSOLUTE
    ../clib/microlib/longlong.c              0x00000000   Number         0  llsshr.o ABSOLUTE
    ../clib/microlib/malloc/calloc.c         0x00000000   Number         0  calloc.o ABSOLUTE
    ../clib/microlib/malloc/malloc.c         0x00000000   Number         0  malloc.o ABSOLUTE
    ../clib/microlib/malloc/malloc.c         0x00000000   Number         0  mallocr.o ABSOLUTE
    ../clib/microlib/malloc/malloc.c         0x00000000   Number         0  mallocra.o ABSOLUTE
    ../clib/microlib/malloc/malloc.c         0x00000000   Number         0  malloca.o ABSOLUTE
    ../clib/microlib/malloc/mvars.c          0x00000000   Number         0  mvars.o ABSOLUTE
    ../clib/microlib/printf/printf.c         0x00000000   Number         0  printf1.o ABSOLUTE
    ../clib/microlib/printf/printf.c         0x00000000   Number         0  printf2.o ABSOLUTE
    ../clib/microlib/printf/printf.c         0x00000000   Number         0  printf3.o ABSOLUTE
    ../clib/microlib/printf/printf.c         0x00000000   Number         0  printf4.o ABSOLUTE
    ../clib/microlib/printf/printf.c         0x00000000   Number         0  printf5.o ABSOLUTE
    ../clib/microlib/printf/printf.c         0x00000000   Number         0  printf6.o ABSOLUTE
    ../clib/microlib/printf/printf.c         0x00000000   Number         0  printf7.o ABSOLUTE
    ../clib/microlib/printf/printf.c         0x00000000   Number         0  printf8.o ABSOLUTE
    ../clib/microlib/printf/printf.c         0x00000000   Number         0  printfa.o ABSOLUTE
    ../clib/microlib/printf/printf.c         0x00000000   Number         0  printfb.o ABSOLUTE
    ../clib/microlib/printf/printf.c         0x00000000   Number         0  printf0.o ABSOLUTE
    ../clib/microlib/printf/stubs.s          0x00000000   Number         0  stubs.o ABSOLUTE
    ../clib/microlib/string/memcpy.c         0x00000000   Number         0  memcpyb.o ABSOLUTE
    ../clib/microlib/string/memcpy.c         0x00000000   Number         0  memcpya.o ABSOLUTE
    ../clib/microlib/string/memset.c         0x00000000   Number         0  memseta.o ABSOLUTE
    ../clib/microlib/stubs.s                 0x00000000   Number         0  useno.o ABSOLUTE
    ../clib/microlib/stubs.s                 0x00000000   Number         0  iusefp.o ABSOLUTE
    ../fplib/microlib/d2f.c                  0x00000000   Number         0  d2f.o ABSOLUTE
    ../fplib/microlib/f2d.c                  0x00000000   Number         0  f2d.o ABSOLUTE
    ../fplib/microlib/fpadd.c                0x00000000   Number         0  fadd.o ABSOLUTE
    ../fplib/microlib/fpadd.c                0x00000000   Number         0  dadd.o ABSOLUTE
    ../fplib/microlib/fpdiv.c                0x00000000   Number         0  fdiv.o ABSOLUTE
    ../fplib/microlib/fpdiv.c                0x00000000   Number         0  ddiv.o ABSOLUTE
    ../fplib/microlib/fpepilogue.c           0x00000000   Number         0  fepilogue.o ABSOLUTE
    ../fplib/microlib/fpepilogue.c           0x00000000   Number         0  depilogue.o ABSOLUTE
    ../fplib/microlib/fpfix.c                0x00000000   Number         0  ffixi.o ABSOLUTE
    ../fplib/microlib/fpfix.c                0x00000000   Number         0  dfixi.o ABSOLUTE
    ../fplib/microlib/fpfix.c                0x00000000   Number         0  ffixir.o ABSOLUTE
    ../fplib/microlib/fpfix.c                0x00000000   Number         0  dfixul.o ABSOLUTE
    ../fplib/microlib/fpfix.c                0x00000000   Number         0  dfixui.o ABSOLUTE
    ../fplib/microlib/fpflt.c                0x00000000   Number         0  dfltui.o ABSOLUTE
    ../fplib/microlib/fpflt.c                0x00000000   Number         0  fflti.o ABSOLUTE
    ../fplib/microlib/fpflt.c                0x00000000   Number         0  dflti.o ABSOLUTE
    ../fplib/microlib/fpmul.c                0x00000000   Number         0  dmul.o ABSOLUTE
    ../fplib/microlib/fpmul.c                0x00000000   Number         0  fmul.o ABSOLUTE
    ../fplib/microlib/fpscalb.c              0x00000000   Number         0  dscalb.o ABSOLUTE
    ../fplib/microlib/fpscalb.c              0x00000000   Number         0  fscalb.o ABSOLUTE
    ../fplib/microlib/fpsqrt.c               0x00000000   Number         0  dsqrt.o ABSOLUTE
    ../fplib/microlib/fpstat.c               0x00000000   Number         0  fpstat.o ABSOLUTE
    ../mathlib/acos.c                        0x00000000   Number         0  acos.o ABSOLUTE
    ../mathlib/acos.c                        0x00000000   Number         0  acos_x.o ABSOLUTE
    ../mathlib/atan.c                        0x00000000   Number         0  atan.o ABSOLUTE
    ../mathlib/atan.c                        0x00000000   Number         0  atan_x.o ABSOLUTE
    ../mathlib/atan2.c                       0x00000000   Number         0  atan2.o ABSOLUTE
    ../mathlib/atan2.c                       0x00000000   Number         0  atan2_x.o ABSOLUTE
    ../mathlib/cos.c                         0x00000000   Number         0  cos.o ABSOLUTE
    ../mathlib/cos.c                         0x00000000   Number         0  cos_x.o ABSOLUTE
    ../mathlib/cos_i.c                       0x00000000   Number         0  cos_i.o ABSOLUTE
    ../mathlib/dunder.c                      0x00000000   Number         0  dunder.o ABSOLUTE
    ../mathlib/fpclassify.c                  0x00000000   Number         0  fpclassify.o ABSOLUTE
    ../mathlib/fpclassifyf.c                 0x00000000   Number         0  fpclassifyf.o ABSOLUTE
    ../mathlib/funder.c                      0x00000000   Number         0  funder.o ABSOLUTE
    ../mathlib/poly.c                        0x00000000   Number         0  poly.o ABSOLUTE
    ../mathlib/pow.c                         0x00000000   Number         0  pow_x.o ABSOLUTE
    ../mathlib/pow.c                         0x00000000   Number         0  pow.o ABSOLUTE
    ../mathlib/powf.c                        0x00000000   Number         0  powf.o ABSOLUTE
    ../mathlib/powf.c                        0x00000000   Number         0  powf_x.o ABSOLUTE
    ../mathlib/qnan.c                        0x00000000   Number         0  qnan.o ABSOLUTE
    ../mathlib/rred.c                        0x00000000   Number         0  rred.o ABSOLUTE
    ../mathlib/sin.c                         0x00000000   Number         0  sin_x.o ABSOLUTE
    ../mathlib/sin.c                         0x00000000   Number         0  sin.o ABSOLUTE
    ../mathlib/sin_i.c                       0x00000000   Number         0  sin_i_x.o ABSOLUTE
    ../mathlib/sin_i.c                       0x00000000   Number         0  sin_i.o ABSOLUTE
    ../mathlib/sqrt.c                        0x00000000   Number         0  sqrt.o ABSOLUTE
    ../mathlib/sqrt.c                        0x00000000   Number         0  sqrt_x.o ABSOLUTE
    ..\CORE\core_cm3.c                       0x00000000   Number         0  core_cm3.o ABSOLUTE
    ..\CORE\startup_stm32f10x_hd.s           0x00000000   Number         0  startup_stm32f10x_hd.o ABSOLUTE
    ..\HARDWARE\IIC\myiic.c                  0x00000000   Number         0  myiic.o ABSOLUTE
    ..\HARDWARE\IST8310\ist8310_driver.c     0x00000000   Number         0  ist8310_driver.o ABSOLUTE
    ..\HARDWARE\KEY\key.c                    0x00000000   Number         0  key.o ABSOLUTE
    ..\HARDWARE\LCD\lcd.c                    0x00000000   Number         0  lcd.o ABSOLUTE
    ..\HARDWARE\LED\led.c                    0x00000000   Number         0  led.o ABSOLUTE
    ..\IST_LIB\src\IST_LIB.c                 0x00000000   Number         0  ist_lib.o ABSOLUTE
    ..\IST_LIB\src\ist_calibration.c         0x00000000   Number         0  ist_calibration.o ABSOLUTE
    ..\IST_LIB\src\ist_math.c                0x00000000   Number         0  ist_math.o ABSOLUTE
    ..\STM32F10x_FWLib\src\misc.c            0x00000000   Number         0  misc.o ABSOLUTE
    ..\STM32F10x_FWLib\src\stm32f10x_gpio.c  0x00000000   Number         0  stm32f10x_gpio.o ABSOLUTE
    ..\STM32F10x_FWLib\src\stm32f10x_rcc.c   0x00000000   Number         0  stm32f10x_rcc.o ABSOLUTE
    ..\STM32F10x_FWLib\src\stm32f10x_usart.c 0x00000000   Number         0  stm32f10x_usart.o ABSOLUTE
    ..\SYSTEM\delay\delay.c                  0x00000000   Number         0  delay.o ABSOLUTE
    ..\SYSTEM\sys\sys.c                      0x00000000   Number         0  sys.o ABSOLUTE
    ..\SYSTEM\usart\usart.c                  0x00000000   Number         0  usart.o ABSOLUTE
    ..\\CORE\\core_cm3.c                     0x00000000   Number         0  core_cm3.o ABSOLUTE
    ..\\SYSTEM\\sys\\sys.c                   0x00000000   Number         0  sys.o ABSOLUTE
    cdcmple.s                                0x00000000   Number         0  cdcmple.o ABSOLUTE
    cdrcmple.s                               0x00000000   Number         0  cdrcmple.o ABSOLUTE
    cfcmple.s                                0x00000000   Number         0  cfcmple.o ABSOLUTE
    cfrcmple.s                               0x00000000   Number         0  cfrcmple.o ABSOLUTE
    dc.s                                     0x00000000   Number         0  dc.o ABSOLUTE
    handlers.s                               0x00000000   Number         0  handlers.o ABSOLUTE
    init.s                                   0x00000000   Number         0  init.o ABSOLUTE
    main.c                                   0x00000000   Number         0  main.o ABSOLUTE
    stm32f10x_it.c                           0x00000000   Number         0  stm32f10x_it.o ABSOLUTE
    system_stm32f10x.c                       0x00000000   Number         0  system_stm32f10x.o ABSOLUTE
    RESET                                    0x08000000   Section      304  startup_stm32f10x_hd.o(RESET)
    .ARM.Collect$$$$00000000                 0x08000130   Section        0  entry.o(.ARM.Collect$$$$00000000)
    .ARM.Collect$$$$00000001                 0x08000130   Section        4  entry2.o(.ARM.Collect$$$$00000001)
    .ARM.Collect$$$$00000004                 0x08000134   Section        4  entry5.o(.ARM.Collect$$$$00000004)
    .ARM.Collect$$$$00000008                 0x08000138   Section        0  entry7b.o(.ARM.Collect$$$$00000008)
    .ARM.Collect$$$$0000000A                 0x08000138   Section        0  entry8b.o(.ARM.Collect$$$$0000000A)
    .ARM.Collect$$$$0000000B                 0x08000138   Section        8  entry9a.o(.ARM.Collect$$$$0000000B)
    .ARM.Collect$$$$0000000D                 0x08000140   Section        0  entry10a.o(.ARM.Collect$$$$0000000D)
    .ARM.Collect$$$$0000000F                 0x08000140   Section        0  entry11a.o(.ARM.Collect$$$$0000000F)
    .ARM.Collect$$$$00002712                 0x08000140   Section        4  entry2.o(.ARM.Collect$$$$00002712)
    __lit__00000000                          0x08000140   Data           4  entry2.o(.ARM.Collect$$$$00002712)
    .text                                    0x08000144   Section        0  main.o(.text)
    .text                                    0x0800065c   Section        0  stm32f10x_it.o(.text)
    .text                                    0x08000678   Section        0  system_stm32f10x.o(.text)
    SetSysClockTo72                          0x08000679   Thumb Code   214  system_stm32f10x.o(.text)
    SetSysClock                              0x0800074f   Thumb Code     8  system_stm32f10x.o(.text)
    .text                                    0x08000858   Section        0  led.o(.text)
    .text                                    0x080008a8   Section        0  lcd.o(.text)
    .text                                    0x080060f0   Section        0  key.o(.text)
    .text                                    0x080061ec   Section        0  myiic.o(.text)
    .text                                    0x08006444   Section        0  ist8310_driver.o(.text)
    .text                                    0x08006b2c   Section        0  delay.o(.text)
    .text                                    0x08006c00   Section        0  usart.o(.text)
    .text                                    0x08006d40   Section       36  startup_stm32f10x_hd.o(.text)
    .text                                    0x08006d64   Section        0  stm32f10x_gpio.o(.text)
    .text                                    0x080070c0   Section        0  stm32f10x_rcc.o(.text)
    .text                                    0x08007464   Section        0  stm32f10x_usart.o(.text)
    .text                                    0x0800786c   Section        0  misc.o(.text)
    .text                                    0x08007948   Section        0  ist_calibration.o(.text)
    .text                                    0x08008458   Section        0  ist_lib.o(.text)
    .text                                    0x08008eb8   Section        0  ist_math.o(.text)
    .text                                    0x0800946a   Section        0  ldiv.o(.text)
    .text                                    0x080094cc   Section        0  llshl.o(.text)
    .text                                    0x080094ea   Section        0  memseta.o(.text)
    .text                                    0x0800950e   Section        0  calloc.o(.text)
    .text                                    0x0800952a   Section        0  fadd.o(.text)
    .text                                    0x080095da   Section        0  fmul.o(.text)
    .text                                    0x0800963e   Section        0  fdiv.o(.text)
    .text                                    0x080096ba   Section        0  dadd.o(.text)
    .text                                    0x08009808   Section        0  dmul.o(.text)
    .text                                    0x080098ec   Section        0  ddiv.o(.text)
    .text                                    0x080099ca   Section        0  fflti.o(.text)
    .text                                    0x080099dc   Section        0  dfltui.o(.text)
    .text                                    0x080099f6   Section        0  ffixi.o(.text)
    .text                                    0x08009a28   Section        0  dfixui.o(.text)
    .text                                    0x08009a5a   Section        0  f2d.o(.text)
    .text                                    0x08009a80   Section       48  cdcmple.o(.text)
    .text                                    0x08009ab0   Section       48  cdrcmple.o(.text)
    .text                                    0x08009ae0   Section        0  d2f.o(.text)
    .text                                    0x08009b18   Section       20  cfcmple.o(.text)
    .text                                    0x08009b2c   Section       20  cfrcmple.o(.text)
    .text                                    0x08009b40   Section        0  uidiv.o(.text)
    .text                                    0x08009b6c   Section        0  uldiv.o(.text)
    .text                                    0x08009bce   Section        0  llushr.o(.text)
    .text                                    0x08009bee   Section        0  llsshr.o(.text)
    .text                                    0x08009c12   Section        0  fepilogue.o(.text)
    .text                                    0x08009c12   Section        0  iusefp.o(.text)
    .text                                    0x08009c80   Section        0  fscalb.o(.text)
    .text                                    0x08009c98   Section        0  depilogue.o(.text)
    .text                                    0x08009d52   Section        0  dscalb.o(.text)
    .text                                    0x08009d80   Section        0  dsqrt.o(.text)
    .text                                    0x08009e22   Section        0  dflti.o(.text)
    .text                                    0x08009e44   Section        0  dfixul.o(.text)
    .text                                    0x08009e74   Section        0  ffixir.o(.text)
    .text                                    0x08009ec0   Section        0  fpstat.o(.text)
    .text                                    0x08009ec4   Section       36  init.o(.text)
    .text                                    0x08009ee8   Section        0  dfixi.o(.text)
    i.__0printf                              0x08009f28   Section        0  printfa.o(i.__0printf)
    i.__ARM_fpclassify                       0x08009f48   Section        0  fpclassify.o(i.__ARM_fpclassify)
    i.__ARM_fpclassifyf                      0x08009f70   Section        0  fpclassifyf.o(i.__ARM_fpclassifyf)
    i.__ieee754_rem_pio2                     0x08009f98   Section        0  rred.o(i.__ieee754_rem_pio2)
    i.__kernel_cos                           0x0800a320   Section        0  cos_i.o(i.__kernel_cos)
    i.__kernel_poly                          0x0800a41c   Section        0  poly.o(i.__kernel_poly)
    i.__kernel_sin                           0x0800a4c8   Section        0  sin_i.o(i.__kernel_sin)
    i.__mathlib_dbl_divzero                  0x0800a5b4   Section        0  dunder.o(i.__mathlib_dbl_divzero)
    i.__mathlib_dbl_infnan                   0x0800a5c4   Section        0  dunder.o(i.__mathlib_dbl_infnan)
    i.__mathlib_dbl_infnan2                  0x0800a5ca   Section        0  dunder.o(i.__mathlib_dbl_infnan2)
    i.__mathlib_dbl_invalid                  0x0800a5ce   Section        0  dunder.o(i.__mathlib_dbl_invalid)
    i.__mathlib_dbl_overflow                 0x0800a5da   Section        0  dunder.o(i.__mathlib_dbl_overflow)
    i.__mathlib_dbl_underflow                0x0800a5e8   Section        0  dunder.o(i.__mathlib_dbl_underflow)
    i.__mathlib_flt_divzero                  0x0800a5f8   Section        0  funder.o(i.__mathlib_flt_divzero)
    i.__mathlib_flt_infnan2                  0x0800a602   Section        0  funder.o(i.__mathlib_flt_infnan2)
    i.__mathlib_flt_invalid                  0x0800a606   Section        0  funder.o(i.__mathlib_flt_invalid)
    i.__mathlib_flt_overflow                 0x0800a60e   Section        0  funder.o(i.__mathlib_flt_overflow)
    i.__mathlib_flt_underflow                0x0800a618   Section        0  funder.o(i.__mathlib_flt_underflow)
    i.__scatterload_copy                     0x0800a622   Section       14  handlers.o(i.__scatterload_copy)
    i.__scatterload_null                     0x0800a630   Section        2  handlers.o(i.__scatterload_null)
    i.__scatterload_zeroinit                 0x0800a632   Section       14  handlers.o(i.__scatterload_zeroinit)
    i.__set_errno                            0x0800a640   Section        0  errno.o(i.__set_errno)
    i._fp_digits                             0x0800a64c   Section        0  printfa.o(i._fp_digits)
    _fp_digits                               0x0800a64d   Thumb Code   334  printfa.o(i._fp_digits)
    i._printf_core                           0x0800a7b0   Section        0  printfa.o(i._printf_core)
    _printf_core                             0x0800a7b1   Thumb Code  1744  printfa.o(i._printf_core)
    i._printf_post_padding                   0x0800ae8c   Section        0  printfa.o(i._printf_post_padding)
    _printf_post_padding                     0x0800ae8d   Thumb Code    36  printfa.o(i._printf_post_padding)
    i._printf_pre_padding                    0x0800aeb0   Section        0  printfa.o(i._printf_pre_padding)
    _printf_pre_padding                      0x0800aeb1   Thumb Code    46  printfa.o(i._printf_pre_padding)
    i.acos                                   0x0800aee0   Section        0  acos.o(i.acos)
    i.atan                                   0x0800b15c   Section        0  atan.o(i.atan)
    i.atan2                                  0x0800b37c   Section        0  atan2.o(i.atan2)
    i.cos                                    0x0800b4fc   Section        0  cos.o(i.cos)
    i.free                                   0x0800b598   Section        0  malloc.o(i.free)
    i.malloc                                 0x0800b5e8   Section        0  malloc.o(i.malloc)
    i.pow                                    0x0800b654   Section        0  pow.o(i.pow)
    i.powf                                   0x0800c02c   Section        0  powf.o(i.powf)
    i.sin                                    0x0800c64c   Section        0  sin.o(i.sin)
    i.sqrt                                   0x0800c6ec   Section        0  sqrt.o(i.sqrt)
    .constdata                               0x0800c738   Section       28  main.o(.constdata)
    .constdata                               0x0800c754   Section     6080  lcd.o(.constdata)
    .constdata                               0x0800df18   Section       80  acos.o(.constdata)
    pS                                       0x0800df18   Data          48  acos.o(.constdata)
    qS                                       0x0800df48   Data          32  acos.o(.constdata)
    .constdata                               0x0800df68   Section      152  atan.o(.constdata)
    atanhi                                   0x0800df68   Data          32  atan.o(.constdata)
    atanlo                                   0x0800df88   Data          32  atan.o(.constdata)
    aTodd                                    0x0800dfa8   Data          40  atan.o(.constdata)
    aTeven                                   0x0800dfd0   Data          48  atan.o(.constdata)
    .constdata                               0x0800e000   Section      136  pow.o(.constdata)
    bp                                       0x0800e000   Data          16  pow.o(.constdata)
    dp_h                                     0x0800e010   Data          16  pow.o(.constdata)
    dp_l                                     0x0800e020   Data          16  pow.o(.constdata)
    L                                        0x0800e030   Data          48  pow.o(.constdata)
    P                                        0x0800e060   Data          40  pow.o(.constdata)
    .constdata                               0x0800e088   Section      320  powf.o(.constdata)
    table                                    0x0800e088   Data         128  powf.o(.constdata)
    powersof2to1over16top                    0x0800e108   Data          64  powf.o(.constdata)
    powersof2to1over16bot                    0x0800e148   Data          64  powf.o(.constdata)
    powersof2to1over16all                    0x0800e188   Data          64  powf.o(.constdata)
    .constdata                               0x0800e1c8   Section       48  cos_i.o(.constdata)
    C                                        0x0800e1c8   Data          48  cos_i.o(.constdata)
    .constdata                               0x0800e1f8   Section        8  qnan.o(.constdata)
    .constdata                               0x0800e200   Section      200  rred.o(.constdata)
    pio2s                                    0x0800e200   Data          48  rred.o(.constdata)
    twooverpi                                0x0800e230   Data         152  rred.o(.constdata)
    .constdata                               0x0800e2c8   Section       40  sin_i.o(.constdata)
    S                                        0x0800e2c8   Data          40  sin_i.o(.constdata)
    .data                                    0x20000000   Section       20  system_stm32f10x.o(.data)
    .data                                    0x20000014   Section        4  lcd.o(.data)
    .data                                    0x20000018   Section        1  key.o(.data)
    key_up                                   0x20000018   Data           1  key.o(.data)
    .data                                    0x2000001c   Section       10  ist8310_driver.o(.data)
    .data                                    0x20000026   Section        4  delay.o(.data)
    fac_us                                   0x20000026   Data           1  delay.o(.data)
    fac_ms                                   0x20000028   Data           2  delay.o(.data)
    .data                                    0x2000002c   Section        6  usart.o(.data)
    .data                                    0x20000032   Section       20  stm32f10x_rcc.o(.data)
    APBAHBPrescTable                         0x20000032   Data          16  stm32f10x_rcc.o(.data)
    ADCPrescTable                            0x20000042   Data           4  stm32f10x_rcc.o(.data)
    .data                                    0x20000048   Section       56  ist_calibration.o(.data)
    .data                                    0x20000080   Section       48  ist_lib.o(.data)
    max_item                                 0x20000084   Data           8  ist_lib.o(.data)
    s_yaw                                    0x20000094   Data           8  ist_lib.o(.data)
    accuracy                                 0x2000009c   Data           4  ist_lib.o(.data)
    .data                                    0x200000b0   Section        4  mvars.o(.data)
    .data                                    0x200000b4   Section        4  mvars.o(.data)
    .data                                    0x200000b8   Section        4  errno.o(.data)
    _errno                                   0x200000b8   Data           4  errno.o(.data)
    .bss                                     0x200000bc   Section       14  lcd.o(.bss)
    .bss                                     0x200000d0   Section       72  ist8310_driver.o(.bss)
    .bss                                     0x20000118   Section      200  usart.o(.bss)
    .bss                                     0x200001e0   Section      208  ist_calibration.o(.bss)
    .bss                                     0x200002b0   Section       60  ist_lib.o(.bss)
    HEAP                                     0x200002f0   Section      512  startup_stm32f10x_hd.o(HEAP)
    STACK                                    0x200004f0   Section     1024  startup_stm32f10x_hd.o(STACK)

    Global Symbols

    Symbol Name                              Value     Ov Type        Size  Object(Section)

    BuildAttributes$$THM_ISAv4$P$D$K$B$S$PE$A:L22UL41UL21$X:L11$S22US41US21$IEEE1$IW$USESV6$~STKCKD$USESV7$~SHL$OTIME$ROPI$IEEEX$EBA8$MICROLIB$REQ8$PRES8$EABIv2 0x00000000   Number         0  anon$$obj.o ABSOLUTE
    __ARM_use_no_argv                        0x00000000   Number         0  main.o ABSOLUTE
    __use_no_errno                           0x00000000   Number         0  useno.o ABSOLUTE
    __use_no_exception_handling              0x00000000   Number         0  useno.o ABSOLUTE
    __use_no_fp                              0x00000000   Number         0  useno.o ABSOLUTE
    __use_no_heap                            0x00000000   Number         0  useno.o ABSOLUTE
    __use_no_heap_region                     0x00000000   Number         0  useno.o ABSOLUTE
    __use_no_semihosting                     0x00000000   Number         0  useno.o ABSOLUTE
    __use_no_semihosting_swi                 0x00000000   Number         0  useno.o ABSOLUTE
    __use_no_signal_handling                 0x00000000   Number         0  useno.o ABSOLUTE
    _printf_a                                0x00000000   Number         0  stubs.o ABSOLUTE
    _printf_c                                0x00000000   Number         0  stubs.o ABSOLUTE
    _printf_charcount                        0x00000000   Number         0  stubs.o ABSOLUTE
    _printf_d                                0x00000000   Number         0  stubs.o ABSOLUTE
    _printf_e                                0x00000000   Number         0  stubs.o ABSOLUTE
    _printf_f                                0x00000000   Number         0  stubs.o ABSOLUTE
    _printf_flags                            0x00000000   Number         0  stubs.o ABSOLUTE
    _printf_fp_dec                           0x00000000   Number         0  stubs.o ABSOLUTE
    _printf_fp_hex                           0x00000000   Number         0  stubs.o ABSOLUTE
    _printf_g                                0x00000000   Number         0  stubs.o ABSOLUTE
    _printf_i                                0x00000000   Number         0  stubs.o ABSOLUTE
    _printf_int_dec                          0x00000000   Number         0  stubs.o ABSOLUTE
    _printf_l                                0x00000000   Number         0  stubs.o ABSOLUTE
    _printf_lc                               0x00000000   Number         0  stubs.o ABSOLUTE
    _printf_ll                               0x00000000   Number         0  stubs.o ABSOLUTE
    _printf_lld                              0x00000000   Number         0  stubs.o ABSOLUTE
    _printf_lli                              0x00000000   Number         0  stubs.o ABSOLUTE
    _printf_llo                              0x00000000   Number         0  stubs.o ABSOLUTE
    _printf_llu                              0x00000000   Number         0  stubs.o ABSOLUTE
    _printf_llx                              0x00000000   Number         0  stubs.o ABSOLUTE
    _printf_longlong_dec                     0x00000000   Number         0  stubs.o ABSOLUTE
    _printf_longlong_hex                     0x00000000   Number         0  stubs.o ABSOLUTE
    _printf_longlong_oct                     0x00000000   Number         0  stubs.o ABSOLUTE
    _printf_ls                               0x00000000   Number         0  stubs.o ABSOLUTE
    _printf_mbtowc                           0x00000000   Number         0  stubs.o ABSOLUTE
    _printf_n                                0x00000000   Number         0  stubs.o ABSOLUTE
    _printf_o                                0x00000000   Number         0  stubs.o ABSOLUTE
    _printf_p                                0x00000000   Number         0  stubs.o ABSOLUTE
    _printf_percent                          0x00000000   Number         0  stubs.o ABSOLUTE
    _printf_pre_padding                      0x00000000   Number         0  stubs.o ABSOLUTE
    _printf_return_value                     0x00000000   Number         0  stubs.o ABSOLUTE
    _printf_s                                0x00000000   Number         0  stubs.o ABSOLUTE
    _printf_sizespec                         0x00000000   Number         0  stubs.o ABSOLUTE
    _printf_str                              0x00000000   Number         0  stubs.o ABSOLUTE
    _printf_truncate_signed                  0x00000000   Number         0  stubs.o ABSOLUTE
    _printf_truncate_unsigned                0x00000000   Number         0  stubs.o ABSOLUTE
    _printf_u                                0x00000000   Number         0  stubs.o ABSOLUTE
    _printf_wc                               0x00000000   Number         0  stubs.o ABSOLUTE
    _printf_wctomb                           0x00000000   Number         0  stubs.o ABSOLUTE
    _printf_widthprec                        0x00000000   Number         0  stubs.o ABSOLUTE
    _printf_x                                0x00000000   Number         0  stubs.o ABSOLUTE
    __cpp_initialize__aeabi_                  - Undefined Weak Reference
    __cxa_finalize                            - Undefined Weak Reference
    __decompress                              - Undefined Weak Reference
    _clock_init                               - Undefined Weak Reference
    _microlib_exit                            - Undefined Weak Reference
    __Vectors_Size                           0x00000130   Number         0  startup_stm32f10x_hd.o ABSOLUTE
    __Vectors                                0x08000000   Data           4  startup_stm32f10x_hd.o(RESET)
    __Vectors_End                            0x08000130   Data           0  startup_stm32f10x_hd.o(RESET)
    __main                                   0x08000131   Thumb Code     0  entry.o(.ARM.Collect$$$$00000000)
    _main_stk                                0x08000131   Thumb Code     0  entry2.o(.ARM.Collect$$$$00000001)
    _main_scatterload                        0x08000135   Thumb Code     0  entry5.o(.ARM.Collect$$$$00000004)
    __main_after_scatterload                 0x08000139   Thumb Code     0  entry5.o(.ARM.Collect$$$$00000004)
    _main_clock                              0x08000139   Thumb Code     0  entry7b.o(.ARM.Collect$$$$00000008)
    _main_cpp_init                           0x08000139   Thumb Code     0  entry8b.o(.ARM.Collect$$$$0000000A)
    _main_init                               0x08000139   Thumb Code     0  entry9a.o(.ARM.Collect$$$$0000000B)
    __rt_final_cpp                           0x08000141   Thumb Code     0  entry10a.o(.ARM.Collect$$$$0000000D)
    __rt_final_exit                          0x08000141   Thumb Code     0  entry11a.o(.ARM.Collect$$$$0000000F)
    showLCD                                  0x08000145   Thumb Code    98  main.o(.text)
    main                                     0x080001a7   Thumb Code   896  main.o(.text)
    NMI_Handler                              0x0800065d   Thumb Code     2  stm32f10x_it.o(.text)
    HardFault_Handler                        0x0800065f   Thumb Code     4  stm32f10x_it.o(.text)
    MemManage_Handler                        0x08000663   Thumb Code     4  stm32f10x_it.o(.text)
    BusFault_Handler                         0x08000667   Thumb Code     4  stm32f10x_it.o(.text)
    UsageFault_Handler                       0x0800066b   Thumb Code     4  stm32f10x_it.o(.text)
    SVC_Handler                              0x0800066f   Thumb Code     2  stm32f10x_it.o(.text)
    DebugMon_Handler                         0x08000671   Thumb Code     2  stm32f10x_it.o(.text)
    PendSV_Handler                           0x08000673   Thumb Code     2  stm32f10x_it.o(.text)
    SysTick_Handler                          0x08000675   Thumb Code     2  stm32f10x_it.o(.text)
    SystemInit                               0x08000757   Thumb Code    78  system_stm32f10x.o(.text)
    SystemCoreClockUpdate                    0x080007a5   Thumb Code   142  system_stm32f10x.o(.text)
    LED_Init                                 0x08000859   Thumb Code    72  led.o(.text)
    LCD_WR_REG                               0x080008a9   Thumb Code    28  lcd.o(.text)
    LCD_WR_DATAX                             0x080008c5   Thumb Code    28  lcd.o(.text)
    LCD_RD_DATA                              0x080008e1   Thumb Code    98  lcd.o(.text)
    LCD_WriteReg                             0x08000943   Thumb Code    40  lcd.o(.text)
    LCD_ReadReg                              0x0800096b   Thumb Code    16  lcd.o(.text)
    LCD_WriteRAM_Prepare                     0x0800097b   Thumb Code    12  lcd.o(.text)
    LCD_WriteRAM                             0x08000987   Thumb Code    28  lcd.o(.text)
    LCD_BGR2RGB                              0x080009a3   Thumb Code    26  lcd.o(.text)
    opt_delay                                0x080009bd   Thumb Code    14  lcd.o(.text)
    LCD_SetCursor                            0x080009cb   Thumb Code   956  lcd.o(.text)
    LCD_ReadPoint                            0x08000d87   Thumb Code   506  lcd.o(.text)
    LCD_DisplayOn                            0x08000f81   Thumb Code    92  lcd.o(.text)
    LCD_DisplayOff                           0x08000fdd   Thumb Code    90  lcd.o(.text)
    LCD_Scan_Dir                             0x08001037   Thumb Code  1126  lcd.o(.text)
    LCD_DrawPoint                            0x0800149d   Thumb Code    52  lcd.o(.text)
    LCD_Fast_DrawPoint                       0x080014d1   Thumb Code   854  lcd.o(.text)
    LCD_SSD_BackLightSet                     0x08001827   Thumb Code   220  lcd.o(.text)
    LCD_Display_Dir                          0x08001903   Thumb Code   444  lcd.o(.text)
    LCD_Set_Window                           0x08001abf   Thumb Code  1078  lcd.o(.text)
    LCD_Clear                                0x08001ef5   Thumb Code   122  lcd.o(.text)
    LCD_Init                                 0x08001f6f   Thumb Code 15298  lcd.o(.text)
    LCD_Fill                                 0x08005b31   Thumb Code   200  lcd.o(.text)
    LCD_Color_Fill                           0x08005bf9   Thumb Code   116  lcd.o(.text)
    LCD_DrawLine                             0x08005c6d   Thumb Code   176  lcd.o(.text)
    LCD_DrawRectangle                        0x08005d1d   Thumb Code    60  lcd.o(.text)
    LCD_Draw_Circle                          0x08005d59   Thumb Code   152  lcd.o(.text)
    LCD_ShowChar                             0x08005df1   Thumb Code   272  lcd.o(.text)
    LCD_Pow                                  0x08005f01   Thumb Code    22  lcd.o(.text)
    LCD_ShowNum                              0x08005f17   Thumb Code   180  lcd.o(.text)
    LCD_ShowxNum                             0x08005fcb   Thumb Code   190  lcd.o(.text)
    LCD_ShowString                           0x08006089   Thumb Code   102  lcd.o(.text)
    KEY_Init                                 0x080060f1   Thumb Code    82  key.o(.text)
    KEY_Scan                                 0x08006143   Thumb Code   154  key.o(.text)
    IIC_Init                                 0x080061ed   Thumb Code    52  myiic.o(.text)
    IIC_Start                                0x08006221   Thumb Code    68  myiic.o(.text)
    IIC_Stop                                 0x08006265   Thumb Code    62  myiic.o(.text)
    IIC_Wait_Ack                             0x080062a3   Thumb Code    86  myiic.o(.text)
    IIC_Ack                                  0x080062f9   Thumb Code    66  myiic.o(.text)
    IIC_NAck                                 0x0800633b   Thumb Code    66  myiic.o(.text)
    IIC_Send_Byte                            0x0800637d   Thumb Code    90  myiic.o(.text)
    IIC_Read_Byte                            0x080063d7   Thumb Code    98  myiic.o(.text)
    ist_i2c_init                             0x08006445   Thumb Code     8  ist8310_driver.o(.text)
    ist_i2c_read                             0x0800644d   Thumb Code   104  ist8310_driver.o(.text)
    ist_i2c_read_byte                        0x080064b5   Thumb Code    72  ist8310_driver.o(.text)
    ist_i2c_write                            0x080064fd   Thumb Code    66  ist8310_driver.o(.text)
    ist_delay                                0x0800653f   Thumb Code    12  ist8310_driver.o(.text)
    ist8310_Crossaxis_Matrix                 0x0800654b   Thumb Code   794  ist8310_driver.o(.text)
    ist8310_Init                             0x08006865   Thumb Code    88  ist8310_driver.o(.text)
    ist8310_CrossaxisTransformation          0x080068bd   Thumb Code   428  ist8310_driver.o(.text)
    ist8310_MergeHighLowData                 0x08006a69   Thumb Code    38  ist8310_driver.o(.text)
    ist8310_GetXYZ                           0x08006a8f   Thumb Code    48  ist8310_driver.o(.text)
    SMA                                      0x08006abf   Thumb Code    98  ist8310_driver.o(.text)
    delay_init                               0x08006b2d   Thumb Code    50  delay.o(.text)
    delay_us                                 0x08006b5f   Thumb Code    72  delay.o(.text)
    delay_ms                                 0x08006ba7   Thumb Code    72  delay.o(.text)
    _sys_exit                                0x08006c01   Thumb Code     6  usart.o(.text)
    fputc                                    0x08006c07   Thumb Code    24  usart.o(.text)
    uart_init                                0x08006c1f   Thumb Code   152  usart.o(.text)
    USART1_IRQHandler                        0x08006cb7   Thumb Code   122  usart.o(.text)
    Reset_Handler                            0x08006d41   Thumb Code     8  startup_stm32f10x_hd.o(.text)
    ADC1_2_IRQHandler                        0x08006d5b   Thumb Code     0  startup_stm32f10x_hd.o(.text)
    ADC3_IRQHandler                          0x08006d5b   Thumb Code     0  startup_stm32f10x_hd.o(.text)
    CAN1_RX1_IRQHandler                      0x08006d5b   Thumb Code     0  startup_stm32f10x_hd.o(.text)
    CAN1_SCE_IRQHandler                      0x08006d5b   Thumb Code     0  startup_stm32f10x_hd.o(.text)
    DMA1_Channel1_IRQHandler                 0x08006d5b   Thumb Code     0  startup_stm32f10x_hd.o(.text)
    DMA1_Channel2_IRQHandler                 0x08006d5b   Thumb Code     0  startup_stm32f10x_hd.o(.text)
    DMA1_Channel3_IRQHandler                 0x08006d5b   Thumb Code     0  startup_stm32f10x_hd.o(.text)
    DMA1_Channel4_IRQHandler                 0x08006d5b   Thumb Code     0  startup_stm32f10x_hd.o(.text)
    DMA1_Channel5_IRQHandler                 0x08006d5b   Thumb Code     0  startup_stm32f10x_hd.o(.text)
    DMA1_Channel6_IRQHandler                 0x08006d5b   Thumb Code     0  startup_stm32f10x_hd.o(.text)
    DMA1_Channel7_IRQHandler                 0x08006d5b   Thumb Code     0  startup_stm32f10x_hd.o(.text)
    DMA2_Channel1_IRQHandler                 0x08006d5b   Thumb Code     0  startup_stm32f10x_hd.o(.text)
    DMA2_Channel2_IRQHandler                 0x08006d5b   Thumb Code     0  startup_stm32f10x_hd.o(.text)
    DMA2_Channel3_IRQHandler                 0x08006d5b   Thumb Code     0  startup_stm32f10x_hd.o(.text)
    DMA2_Channel4_5_IRQHandler               0x08006d5b   Thumb Code     0  startup_stm32f10x_hd.o(.text)
    EXTI0_IRQHandler                         0x08006d5b   Thumb Code     0  startup_stm32f10x_hd.o(.text)
    EXTI15_10_IRQHandler                     0x08006d5b   Thumb Code     0  startup_stm32f10x_hd.o(.text)
    EXTI1_IRQHandler                         0x08006d5b   Thumb Code     0  startup_stm32f10x_hd.o(.text)
    EXTI2_IRQHandler                         0x08006d5b   Thumb Code     0  startup_stm32f10x_hd.o(.text)
    EXTI3_IRQHandler                         0x08006d5b   Thumb Code     0  startup_stm32f10x_hd.o(.text)
    EXTI4_IRQHandler                         0x08006d5b   Thumb Code     0  startup_stm32f10x_hd.o(.text)
    EXTI9_5_IRQHandler                       0x08006d5b   Thumb Code     0  startup_stm32f10x_hd.o(.text)
    FLASH_IRQHandler                         0x08006d5b   Thumb Code     0  startup_stm32f10x_hd.o(.text)
    FSMC_IRQHandler                          0x08006d5b   Thumb Code     0  startup_stm32f10x_hd.o(.text)
    I2C1_ER_IRQHandler                       0x08006d5b   Thumb Code     0  startup_stm32f10x_hd.o(.text)
    I2C1_EV_IRQHandler                       0x08006d5b   Thumb Code     0  startup_stm32f10x_hd.o(.text)
    I2C2_ER_IRQHandler                       0x08006d5b   Thumb Code     0  startup_stm32f10x_hd.o(.text)
    I2C2_EV_IRQHandler                       0x08006d5b   Thumb Code     0  startup_stm32f10x_hd.o(.text)
    PVD_IRQHandler                           0x08006d5b   Thumb Code     0  startup_stm32f10x_hd.o(.text)
    RCC_IRQHandler                           0x08006d5b   Thumb Code     0  startup_stm32f10x_hd.o(.text)
    RTCAlarm_IRQHandler                      0x08006d5b   Thumb Code     0  startup_stm32f10x_hd.o(.text)
    RTC_IRQHandler                           0x08006d5b   Thumb Code     0  startup_stm32f10x_hd.o(.text)
    SDIO_IRQHandler                          0x08006d5b   Thumb Code     0  startup_stm32f10x_hd.o(.text)
    SPI1_IRQHandler                          0x08006d5b   Thumb Code     0  startup_stm32f10x_hd.o(.text)
    SPI2_IRQHandler                          0x08006d5b   Thumb Code     0  startup_stm32f10x_hd.o(.text)
    SPI3_IRQHandler                          0x08006d5b   Thumb Code     0  startup_stm32f10x_hd.o(.text)
    TAMPER_IRQHandler                        0x08006d5b   Thumb Code     0  startup_stm32f10x_hd.o(.text)
    TIM1_BRK_IRQHandler                      0x08006d5b   Thumb Code     0  startup_stm32f10x_hd.o(.text)
    TIM1_CC_IRQHandler                       0x08006d5b   Thumb Code     0  startup_stm32f10x_hd.o(.text)
    TIM1_TRG_COM_IRQHandler                  0x08006d5b   Thumb Code     0  startup_stm32f10x_hd.o(.text)
    TIM1_UP_IRQHandler                       0x08006d5b   Thumb Code     0  startup_stm32f10x_hd.o(.text)
    TIM2_IRQHandler                          0x08006d5b   Thumb Code     0  startup_stm32f10x_hd.o(.text)
    TIM3_IRQHandler                          0x08006d5b   Thumb Code     0  startup_stm32f10x_hd.o(.text)
    TIM4_IRQHandler                          0x08006d5b   Thumb Code     0  startup_stm32f10x_hd.o(.text)
    TIM5_IRQHandler                          0x08006d5b   Thumb Code     0  startup_stm32f10x_hd.o(.text)
    TIM6_IRQHandler                          0x08006d5b   Thumb Code     0  startup_stm32f10x_hd.o(.text)
    TIM7_IRQHandler                          0x08006d5b   Thumb Code     0  startup_stm32f10x_hd.o(.text)
    TIM8_BRK_IRQHandler                      0x08006d5b   Thumb Code     0  startup_stm32f10x_hd.o(.text)
    TIM8_CC_IRQHandler                       0x08006d5b   Thumb Code     0  startup_stm32f10x_hd.o(.text)
    TIM8_TRG_COM_IRQHandler                  0x08006d5b   Thumb Code     0  startup_stm32f10x_hd.o(.text)
    TIM8_UP_IRQHandler                       0x08006d5b   Thumb Code     0  startup_stm32f10x_hd.o(.text)
    UART4_IRQHandler                         0x08006d5b   Thumb Code     0  startup_stm32f10x_hd.o(.text)
    UART5_IRQHandler                         0x08006d5b   Thumb Code     0  startup_stm32f10x_hd.o(.text)
    USART2_IRQHandler                        0x08006d5b   Thumb Code     0  startup_stm32f10x_hd.o(.text)
    USART3_IRQHandler                        0x08006d5b   Thumb Code     0  startup_stm32f10x_hd.o(.text)
    USBWakeUp_IRQHandler                     0x08006d5b   Thumb Code     0  startup_stm32f10x_hd.o(.text)
    USB_HP_CAN1_TX_IRQHandler                0x08006d5b   Thumb Code     0  startup_stm32f10x_hd.o(.text)
    USB_LP_CAN1_RX0_IRQHandler               0x08006d5b   Thumb Code     0  startup_stm32f10x_hd.o(.text)
    WWDG_IRQHandler                          0x08006d5b   Thumb Code     0  startup_stm32f10x_hd.o(.text)
    GPIO_DeInit                              0x08006d65   Thumb Code   172  stm32f10x_gpio.o(.text)
    GPIO_AFIODeInit                          0x08006e11   Thumb Code    20  stm32f10x_gpio.o(.text)
    GPIO_Init                                0x08006e25   Thumb Code   278  stm32f10x_gpio.o(.text)
    GPIO_StructInit                          0x08006f3b   Thumb Code    16  stm32f10x_gpio.o(.text)
    GPIO_ReadInputDataBit                    0x08006f4b   Thumb Code    18  stm32f10x_gpio.o(.text)
    GPIO_ReadInputData                       0x08006f5d   Thumb Code     8  stm32f10x_gpio.o(.text)
    GPIO_ReadOutputDataBit                   0x08006f65   Thumb Code    18  stm32f10x_gpio.o(.text)
    GPIO_ReadOutputData                      0x08006f77   Thumb Code     8  stm32f10x_gpio.o(.text)
    GPIO_SetBits                             0x08006f7f   Thumb Code     4  stm32f10x_gpio.o(.text)
    GPIO_ResetBits                           0x08006f83   Thumb Code     4  stm32f10x_gpio.o(.text)
    GPIO_WriteBit                            0x08006f87   Thumb Code    10  stm32f10x_gpio.o(.text)
    GPIO_Write                               0x08006f91   Thumb Code     4  stm32f10x_gpio.o(.text)
    GPIO_PinLockConfig                       0x08006f95   Thumb Code    18  stm32f10x_gpio.o(.text)
    GPIO_EventOutputConfig                   0x08006fa7   Thumb Code    26  stm32f10x_gpio.o(.text)
    GPIO_EventOutputCmd                      0x08006fc1   Thumb Code     6  stm32f10x_gpio.o(.text)
    GPIO_PinRemapConfig                      0x08006fc7   Thumb Code   138  stm32f10x_gpio.o(.text)
    GPIO_EXTILineConfig                      0x08007051   Thumb Code    66  stm32f10x_gpio.o(.text)
    GPIO_ETH_MediaInterfaceConfig            0x08007093   Thumb Code     8  stm32f10x_gpio.o(.text)
    RCC_DeInit                               0x080070c1   Thumb Code    64  stm32f10x_rcc.o(.text)
    RCC_HSEConfig                            0x08007101   Thumb Code    70  stm32f10x_rcc.o(.text)
    RCC_GetFlagStatus                        0x08007147   Thumb Code    56  stm32f10x_rcc.o(.text)
    RCC_WaitForHSEStartUp                    0x0800717f   Thumb Code    56  stm32f10x_rcc.o(.text)
    RCC_AdjustHSICalibrationValue            0x080071b7   Thumb Code    20  stm32f10x_rcc.o(.text)
    RCC_HSICmd                               0x080071cb   Thumb Code     6  stm32f10x_rcc.o(.text)
    RCC_PLLConfig                            0x080071d1   Thumb Code    24  stm32f10x_rcc.o(.text)
    RCC_PLLCmd                               0x080071e9   Thumb Code     6  stm32f10x_rcc.o(.text)
    RCC_SYSCLKConfig                         0x080071ef   Thumb Code    18  stm32f10x_rcc.o(.text)
    RCC_GetSYSCLKSource                      0x08007201   Thumb Code    10  stm32f10x_rcc.o(.text)
    RCC_HCLKConfig                           0x0800720b   Thumb Code    18  stm32f10x_rcc.o(.text)
    RCC_PCLK1Config                          0x0800721d   Thumb Code    18  stm32f10x_rcc.o(.text)
    RCC_PCLK2Config                          0x0800722f   Thumb Code    20  stm32f10x_rcc.o(.text)
    RCC_ITConfig                             0x08007243   Thumb Code    26  stm32f10x_rcc.o(.text)
    RCC_USBCLKConfig                         0x0800725d   Thumb Code     8  stm32f10x_rcc.o(.text)
    RCC_ADCCLKConfig                         0x08007265   Thumb Code    18  stm32f10x_rcc.o(.text)
    RCC_LSEConfig                            0x08007277   Thumb Code    50  stm32f10x_rcc.o(.text)
    RCC_LSICmd                               0x080072a9   Thumb Code     6  stm32f10x_rcc.o(.text)
    RCC_RTCCLKConfig                         0x080072af   Thumb Code    12  stm32f10x_rcc.o(.text)
    RCC_RTCCLKCmd                            0x080072bb   Thumb Code     8  stm32f10x_rcc.o(.text)
    RCC_GetClocksFreq                        0x080072c3   Thumb Code   192  stm32f10x_rcc.o(.text)
    RCC_AHBPeriphClockCmd                    0x08007383   Thumb Code    26  stm32f10x_rcc.o(.text)
    RCC_APB2PeriphClockCmd                   0x0800739d   Thumb Code    26  stm32f10x_rcc.o(.text)
    RCC_APB1PeriphClockCmd                   0x080073b7   Thumb Code    26  stm32f10x_rcc.o(.text)
    RCC_APB2PeriphResetCmd                   0x080073d1   Thumb Code    26  stm32f10x_rcc.o(.text)
    RCC_APB1PeriphResetCmd                   0x080073eb   Thumb Code    26  stm32f10x_rcc.o(.text)
    RCC_BackupResetCmd                       0x08007405   Thumb Code     8  stm32f10x_rcc.o(.text)
    RCC_ClockSecuritySystemCmd               0x0800740d   Thumb Code     6  stm32f10x_rcc.o(.text)
    RCC_MCOConfig                            0x08007413   Thumb Code     6  stm32f10x_rcc.o(.text)
    RCC_ClearFlag                            0x08007419   Thumb Code    14  stm32f10x_rcc.o(.text)
    RCC_GetITStatus                          0x08007427   Thumb Code    20  stm32f10x_rcc.o(.text)
    RCC_ClearITPendingBit                    0x0800743b   Thumb Code     6  stm32f10x_rcc.o(.text)
    USART_DeInit                             0x08007465   Thumb Code   134  stm32f10x_usart.o(.text)
    USART_Init                               0x080074eb   Thumb Code   210  stm32f10x_usart.o(.text)
    USART_StructInit                         0x080075bd   Thumb Code    24  stm32f10x_usart.o(.text)
    USART_ClockInit                          0x080075d5   Thumb Code    34  stm32f10x_usart.o(.text)
    USART_ClockStructInit                    0x080075f7   Thumb Code    12  stm32f10x_usart.o(.text)
    USART_Cmd                                0x08007603   Thumb Code    24  stm32f10x_usart.o(.text)
    USART_ITConfig                           0x0800761b   Thumb Code    74  stm32f10x_usart.o(.text)
    USART_DMACmd                             0x08007665   Thumb Code    18  stm32f10x_usart.o(.text)
    USART_SetAddress                         0x08007677   Thumb Code    18  stm32f10x_usart.o(.text)
    USART_WakeUpConfig                       0x08007689   Thumb Code    18  stm32f10x_usart.o(.text)
    USART_ReceiverWakeUpCmd                  0x0800769b   Thumb Code    24  stm32f10x_usart.o(.text)
    USART_LINBreakDetectLengthConfig         0x080076b3   Thumb Code    18  stm32f10x_usart.o(.text)
    USART_LINCmd                             0x080076c5   Thumb Code    24  stm32f10x_usart.o(.text)
    USART_SendData                           0x080076dd   Thumb Code     8  stm32f10x_usart.o(.text)
    USART_ReceiveData                        0x080076e5   Thumb Code    10  stm32f10x_usart.o(.text)
    USART_SendBreak                          0x080076ef   Thumb Code    10  stm32f10x_usart.o(.text)
    USART_SetGuardTime                       0x080076f9   Thumb Code    16  stm32f10x_usart.o(.text)
    USART_SetPrescaler                       0x08007709   Thumb Code    16  stm32f10x_usart.o(.text)
    USART_SmartCardCmd                       0x08007719   Thumb Code    24  stm32f10x_usart.o(.text)
    USART_SmartCardNACKCmd                   0x08007731   Thumb Code    24  stm32f10x_usart.o(.text)
    USART_HalfDuplexCmd                      0x08007749   Thumb Code    24  stm32f10x_usart.o(.text)
    USART_OverSampling8Cmd                   0x08007761   Thumb Code    22  stm32f10x_usart.o(.text)
    USART_OneBitMethodCmd                    0x08007777   Thumb Code    24  stm32f10x_usart.o(.text)
    USART_IrDAConfig                         0x0800778f   Thumb Code    18  stm32f10x_usart.o(.text)
    USART_IrDACmd                            0x080077a1   Thumb Code    24  stm32f10x_usart.o(.text)
    USART_GetFlagStatus                      0x080077b9   Thumb Code    26  stm32f10x_usart.o(.text)
    USART_ClearFlag                          0x080077d3   Thumb Code    18  stm32f10x_usart.o(.text)
    USART_GetITStatus                        0x080077e5   Thumb Code    84  stm32f10x_usart.o(.text)
    USART_ClearITPendingBit                  0x08007839   Thumb Code    52  stm32f10x_usart.o(.text)
    NVIC_PriorityGroupConfig                 0x0800786d   Thumb Code    10  misc.o(.text)
    NVIC_Init                                0x08007877   Thumb Code   100  misc.o(.text)
    NVIC_SetVectorTable                      0x080078db   Thumb Code    14  misc.o(.text)
    NVIC_SystemLPConfig                      0x080078e9   Thumb Code    34  misc.o(.text)
    SysTick_CLKSourceConfig                  0x0800790b   Thumb Code    40  misc.o(.text)
    Reset_CollectData                        0x08007949   Thumb Code     8  ist_calibration.o(.text)
    Get_Bias                                 0x08007951   Thumb Code    26  ist_calibration.o(.text)
    Set_Bias                                 0x0800796b   Thumb Code    26  ist_calibration.o(.text)
    Get_SoftMatrix                           0x08007985   Thumb Code    26  ist_calibration.o(.text)
    Set_InitedVector                         0x0800799f   Thumb Code    36  ist_calibration.o(.text)
    Get_ResidualErr                          0x080079c3   Thumb Code   242  ist_calibration.o(.text)
    Get_IsFitMinMaxSituation                 0x08007ab5   Thumb Code    62  ist_calibration.o(.text)
    Process_LeastSquarMethod                 0x08007af3   Thumb Code  1244  ist_calibration.o(.text)
    Get_MinMaxMagData                        0x08007fcf   Thumb Code   106  ist_calibration.o(.text)
    Get_IsClosedData                         0x08008039   Thumb Code    62  ist_calibration.o(.text)
    Process_CollectData                      0x08008077   Thumb Code   914  ist_calibration.o(.text)
    Get_MagBias                              0x08008459   Thumb Code    12  ist_lib.o(.text)
    Set_MagBias                              0x08008465   Thumb Code    12  ist_lib.o(.text)
    Get_IsHeadingAngleEnable                 0x08008471   Thumb Code     8  ist_lib.o(.text)
    Set_HeadingAngleEnable                   0x08008479   Thumb Code     6  ist_lib.o(.text)
    Get_HeadingAngle100                      0x0800847f   Thumb Code    20  ist_lib.o(.text)
    Get_HeadingAngle                         0x08008493   Thumb Code    12  ist_lib.o(.text)
    Get_AccuracyEnable                       0x0800849f   Thumb Code     8  ist_lib.o(.text)
    Set_MagAccuracyEnable                    0x080084a7   Thumb Code    48  ist_lib.o(.text)
    Get_MagAccuracyStatus                    0x080084d7   Thumb Code     6  ist_lib.o(.text)
    Set_DynamicCalibration                   0x080084dd   Thumb Code     6  ist_lib.o(.text)
    Set_SingleCalibration                    0x080084e3   Thumb Code     6  ist_lib.o(.text)
    Get_CalibrationStatus                    0x080084e9   Thumb Code     8  ist_lib.o(.text)
    Process_CalculateAccuracy                0x080084f1   Thumb Code   824  ist_lib.o(.text)
    Process_TiltCompensation                 0x08008829   Thumb Code   612  ist_lib.o(.text)
    Get_MagLowPassFilterOutput               0x08008a8d   Thumb Code    68  ist_lib.o(.text)
    Get_CalibratedMagData                    0x08008ad1   Thumb Code    92  ist_lib.o(.text)
    Process_CalculateAngularVelocity         0x08008b2d   Thumb Code   336  ist_lib.o(.text)
    Get_DynamicCalibrationStartCondition     0x08008c7d   Thumb Code   198  ist_lib.o(.text)
    Process_RunCompass                       0x08008d43   Thumb Code   300  ist_lib.o(.text)
    SmoothFliter                             0x08008eb9   Thumb Code    92  ist_math.o(.text)
    DotMatrix_A_B_to_C                       0x08008f15   Thumb Code   120  ist_math.o(.text)
    InvertMatrix4by4                         0x08008f8d   Thumb Code   642  ist_math.o(.text)
    InvertMatrix3by3                         0x0800920f   Thumb Code   470  ist_math.o(.text)
    Get_Distance                             0x080093e5   Thumb Code   134  ist_math.o(.text)
    __aeabi_ldivmod                          0x0800946b   Thumb Code    98  ldiv.o(.text)
    __aeabi_llsl                             0x080094cd   Thumb Code    30  llshl.o(.text)
    _ll_shift_l                              0x080094cd   Thumb Code     0  llshl.o(.text)
    __aeabi_memset                           0x080094eb   Thumb Code    14  memseta.o(.text)
    __aeabi_memset4                          0x080094eb   Thumb Code     0  memseta.o(.text)
    __aeabi_memset8                          0x080094eb   Thumb Code     0  memseta.o(.text)
    __aeabi_memclr                           0x080094f9   Thumb Code     4  memseta.o(.text)
    __aeabi_memclr4                          0x080094f9   Thumb Code     0  memseta.o(.text)
    __aeabi_memclr8                          0x080094f9   Thumb Code     0  memseta.o(.text)
    _memset$wrapper                          0x080094fd   Thumb Code    18  memseta.o(.text)
    calloc                                   0x0800950f   Thumb Code    28  calloc.o(.text)
    __aeabi_fadd                             0x0800952b   Thumb Code   164  fadd.o(.text)
    __aeabi_fsub                             0x080095cf   Thumb Code     6  fadd.o(.text)
    __aeabi_frsub                            0x080095d5   Thumb Code     6  fadd.o(.text)
    __aeabi_fmul                             0x080095db   Thumb Code   100  fmul.o(.text)
    __aeabi_fdiv                             0x0800963f   Thumb Code   124  fdiv.o(.text)
    __aeabi_dadd                             0x080096bb   Thumb Code   322  dadd.o(.text)
    __aeabi_dsub                             0x080097fd   Thumb Code     6  dadd.o(.text)
    __aeabi_drsub                            0x08009803   Thumb Code     6  dadd.o(.text)
    __aeabi_dmul                             0x08009809   Thumb Code   228  dmul.o(.text)
    __aeabi_ddiv                             0x080098ed   Thumb Code   222  ddiv.o(.text)
    __aeabi_i2f                              0x080099cb   Thumb Code    18  fflti.o(.text)
    __aeabi_ui2d                             0x080099dd   Thumb Code    26  dfltui.o(.text)
    __aeabi_f2iz                             0x080099f7   Thumb Code    50  ffixi.o(.text)
    __aeabi_d2uiz                            0x08009a29   Thumb Code    50  dfixui.o(.text)
    __aeabi_f2d                              0x08009a5b   Thumb Code    38  f2d.o(.text)
    __aeabi_cdcmpeq                          0x08009a81   Thumb Code     0  cdcmple.o(.text)
    __aeabi_cdcmple                          0x08009a81   Thumb Code    48  cdcmple.o(.text)
    __aeabi_cdrcmple                         0x08009ab1   Thumb Code    48  cdrcmple.o(.text)
    __aeabi_d2f                              0x08009ae1   Thumb Code    56  d2f.o(.text)
    __aeabi_cfcmpeq                          0x08009b19   Thumb Code     0  cfcmple.o(.text)
    __aeabi_cfcmple                          0x08009b19   Thumb Code    20  cfcmple.o(.text)
    __aeabi_cfrcmple                         0x08009b2d   Thumb Code    20  cfrcmple.o(.text)
    __aeabi_uidiv                            0x08009b41   Thumb Code     0  uidiv.o(.text)
    __aeabi_uidivmod                         0x08009b41   Thumb Code    44  uidiv.o(.text)
    __aeabi_uldivmod                         0x08009b6d   Thumb Code    98  uldiv.o(.text)
    __aeabi_llsr                             0x08009bcf   Thumb Code    32  llushr.o(.text)
    _ll_ushift_r                             0x08009bcf   Thumb Code     0  llushr.o(.text)
    __aeabi_lasr                             0x08009bef   Thumb Code    36  llsshr.o(.text)
    _ll_sshift_r                             0x08009bef   Thumb Code     0  llsshr.o(.text)
    __I$use$fp                               0x08009c13   Thumb Code     0  iusefp.o(.text)
    _float_round                             0x08009c13   Thumb Code    18  fepilogue.o(.text)
    _float_epilogue                          0x08009c25   Thumb Code    92  fepilogue.o(.text)
    __ARM_scalbnf                            0x08009c81   Thumb Code    24  fscalb.o(.text)
    scalbnf                                  0x08009c81   Thumb Code     0  fscalb.o(.text)
    _double_round                            0x08009c99   Thumb Code    30  depilogue.o(.text)
    _double_epilogue                         0x08009cb7   Thumb Code   156  depilogue.o(.text)
    __ARM_scalbn                             0x08009d53   Thumb Code    46  dscalb.o(.text)
    scalbn                                   0x08009d53   Thumb Code     0  dscalb.o(.text)
    _dsqrt                                   0x08009d81   Thumb Code   162  dsqrt.o(.text)
    __aeabi_i2d                              0x08009e23   Thumb Code    34  dflti.o(.text)
    __aeabi_d2ulz                            0x08009e45   Thumb Code    48  dfixul.o(.text)
    _ffix_r                                  0x08009e75   Thumb Code    76  ffixir.o(.text)
    __fp_status                              0x08009ec1   Thumb Code     4  fpstat.o(.text)
    __ieee_status                            0x08009ec1   Thumb Code     0  fpstat.o(.text)
    __scatterload                            0x08009ec5   Thumb Code    28  init.o(.text)
    __scatterload_rt2                        0x08009ec5   Thumb Code     0  init.o(.text)
    __aeabi_d2iz                             0x08009ee9   Thumb Code    62  dfixi.o(.text)
    __0printf                                0x08009f29   Thumb Code    22  printfa.o(i.__0printf)
    __1printf                                0x08009f29   Thumb Code     0  printfa.o(i.__0printf)
    __2printf                                0x08009f29   Thumb Code     0  printfa.o(i.__0printf)
    __c89printf                              0x08009f29   Thumb Code     0  printfa.o(i.__0printf)
    printf                                   0x08009f29   Thumb Code     0  printfa.o(i.__0printf)
    __ARM_fpclassify                         0x08009f49   Thumb Code    40  fpclassify.o(i.__ARM_fpclassify)
    __ARM_fpclassifyf                        0x08009f71   Thumb Code    38  fpclassifyf.o(i.__ARM_fpclassifyf)
    __ieee754_rem_pio2                       0x08009f99   Thumb Code   828  rred.o(i.__ieee754_rem_pio2)
    __kernel_cos                             0x0800a321   Thumb Code   230  cos_i.o(i.__kernel_cos)
    __kernel_poly                            0x0800a41d   Thumb Code   170  poly.o(i.__kernel_poly)
    __kernel_sin                             0x0800a4c9   Thumb Code   224  sin_i.o(i.__kernel_sin)
    __mathlib_dbl_divzero                    0x0800a5b5   Thumb Code    12  dunder.o(i.__mathlib_dbl_divzero)
    __mathlib_dbl_infnan                     0x0800a5c5   Thumb Code     6  dunder.o(i.__mathlib_dbl_infnan)
    __mathlib_dbl_infnan2                    0x0800a5cb   Thumb Code     4  dunder.o(i.__mathlib_dbl_infnan2)
    __mathlib_dbl_invalid                    0x0800a5cf   Thumb Code    12  dunder.o(i.__mathlib_dbl_invalid)
    __mathlib_dbl_overflow                   0x0800a5db   Thumb Code    14  dunder.o(i.__mathlib_dbl_overflow)
    __mathlib_dbl_underflow                  0x0800a5e9   Thumb Code    10  dunder.o(i.__mathlib_dbl_underflow)
    __mathlib_flt_divzero                    0x0800a5f9   Thumb Code    10  funder.o(i.__mathlib_flt_divzero)
    __mathlib_flt_infnan2                    0x0800a603   Thumb Code     4  funder.o(i.__mathlib_flt_infnan2)
    __mathlib_flt_invalid                    0x0800a607   Thumb Code     8  funder.o(i.__mathlib_flt_invalid)
    __mathlib_flt_overflow                   0x0800a60f   Thumb Code    10  funder.o(i.__mathlib_flt_overflow)
    __mathlib_flt_underflow                  0x0800a619   Thumb Code    10  funder.o(i.__mathlib_flt_underflow)
    __scatterload_copy                       0x0800a623   Thumb Code    14  handlers.o(i.__scatterload_copy)
    __scatterload_null                       0x0800a631   Thumb Code     2  handlers.o(i.__scatterload_null)
    __scatterload_zeroinit                   0x0800a633   Thumb Code    14  handlers.o(i.__scatterload_zeroinit)
    __set_errno                              0x0800a641   Thumb Code     6  errno.o(i.__set_errno)
    acos                                     0x0800aee1   Thumb Code   574  acos.o(i.acos)
    atan                                     0x0800b15d   Thumb Code   474  atan.o(i.atan)
    atan2                                    0x0800b37d   Thumb Code   346  atan2.o(i.atan2)
    cos                                      0x0800b4fd   Thumb Code   148  cos.o(i.cos)
    free                                     0x0800b599   Thumb Code    76  malloc.o(i.free)
    malloc                                   0x0800b5e9   Thumb Code    92  malloc.o(i.malloc)
    pow                                      0x0800b655   Thumb Code  2512  pow.o(i.pow)
    __mathlib_powf                           0x0800c02d   Thumb Code     0  powf.o(i.powf)
    powf                                     0x0800c02d   Thumb Code  1548  powf.o(i.powf)
    sin                                      0x0800c64d   Thumb Code   150  sin.o(i.sin)
    sqrt                                     0x0800c6ed   Thumb Code    76  sqrt.o(i.sqrt)
    asc2_1206                                0x0800c754   Data        1140  lcd.o(.constdata)
    asc2_1608                                0x0800cbc8   Data        1520  lcd.o(.constdata)
    asc2_2412                                0x0800d1b8   Data        3420  lcd.o(.constdata)
    __mathlib_zero                           0x0800e1f8   Data           8  qnan.o(.constdata)
    Region$$Table$$Base                      0x0800e2f0   Number         0  anon$$obj.o(Region$$Table)
    Region$$Table$$Limit                     0x0800e310   Number         0  anon$$obj.o(Region$$Table)
    SystemCoreClock                          0x20000000   Data           4  system_stm32f10x.o(.data)
    AHBPrescTable                            0x20000004   Data          16  system_stm32f10x.o(.data)
    POINT_COLOR                              0x20000014   Data           2  lcd.o(.data)
    BACK_COLOR                               0x20000016   Data           2  lcd.o(.data)
    crossaxis_det                            0x2000001c   Data           4  ist8310_driver.o(.data)
    pre_xyz                                  0x20000020   Data           6  ist8310_driver.o(.data)
    __stdout                                 0x2000002c   Data           4  usart.o(.data)
    USART_RX_STA                             0x20000030   Data           2  usart.o(.data)
    soft_mat                                 0x20000048   Data          36  ist_calibration.o(.data)
    data_num                                 0x2000006c   Data           4  ist_calibration.o(.data)
    filter_num                               0x20000070   Data           4  ist_calibration.o(.data)
    collectData                              0x20000074   Data           4  ist_calibration.o(.data)
    FitError                                 0x20000078   Data           4  ist_calibration.o(.data)
    radius_num                               0x2000007c   Data           4  ist_calibration.o(.data)
    qlist36                                  0x20000080   Data           4  ist_lib.o(.data)
    x                                        0x2000008c   Data           4  ist_lib.o(.data)
    fx                                       0x20000090   Data           4  ist_lib.o(.data)
    launch_calibration_num                   0x200000a0   Data           4  ist_lib.o(.data)
    enable_calibration                       0x200000a4   Data           1  ist_lib.o(.data)
    m_Get_IsHeadingAngleEnable               0x200000a5   Data           1  ist_lib.o(.data)
    m_Get_AccuracyEnable                     0x200000a6   Data           1  ist_lib.o(.data)
    m_isDynamicCalibration                   0x200000a7   Data           1  ist_lib.o(.data)
    m_accuracy                               0x200000a8   Data           4  ist_lib.o(.data)
    m_yaw                                    0x200000ac   Data           4  ist_lib.o(.data)
    __microlib_freelist                      0x200000b0   Data           4  mvars.o(.data)
    __microlib_freelist_initialised          0x200000b4   Data           4  mvars.o(.data)
    lcddev                                   0x200000bc   Data          14  lcd.o(.bss)
    crossaxis_inv                            0x200000d0   Data          72  ist8310_driver.o(.bss)
    USART_RX_BUF                             0x20000118   Data         200  usart.o(.bss)
    bias                                     0x200001e0   Data          16  ist_calibration.o(.bss)
    maxMagXYZ                                0x200001f0   Data          12  ist_calibration.o(.bss)
    minMagXYZ                                0x200001fc   Data          12  ist_calibration.o(.bss)
    distanceMagXYZ                           0x20000208   Data          12  ist_calibration.o(.bss)
    FitErrorData                             0x20000214   Data          60  ist_calibration.o(.bss)
    sphere_data_dot_sphere_dataT             0x20000250   Data          64  ist_calibration.o(.bss)
    sphere_least_right                       0x20000290   Data          16  ist_calibration.o(.bss)
    collect_radius                           0x200002a0   Data          16  ist_calibration.o(.bss)
    m_p1                                     0x200002b0   Data          12  ist_lib.o(.bss)
    m_p2                                     0x200002bc   Data          12  ist_lib.o(.bss)
    pre_vec                                  0x200002c8   Data          24  ist_lib.o(.bss)
    MagFilterCalibratedData                  0x200002e0   Data          12  ist_lib.o(.bss)
    __heap_base                              0x200002f0   Data           0  startup_stm32f10x_hd.o(HEAP)
    __heap_limit                             0x200004f0   Data           0  startup_stm32f10x_hd.o(HEAP)
    __initial_sp                             0x200008f0   Data           0  startup_stm32f10x_hd.o(STACK)



==============================================================================

Memory Map of the image

  Image Entry point : 0x08000131

  Load Region LR_IROM1 (Base: 0x08000000, Size: 0x0000e3cc, Max: 0x00040000, ABSOLUTE)

    Execution Region ER_IROM1 (Base: 0x08000000, Size: 0x0000e310, Max: 0x00040000, ABSOLUTE)

    Base Addr    Size         Type   Attr      Idx    E Section Name        Object

    0x08000000   0x00000130   Data   RO          349    RESET               startup_stm32f10x_hd.o
    0x08000130   0x00000000   Code   RO          536  * .ARM.Collect$$$$00000000  mc_w.l(entry.o)
    0x08000130   0x00000004   Code   RO          917    .ARM.Collect$$$$00000001  mc_w.l(entry2.o)
    0x08000134   0x00000004   Code   RO          920    .ARM.Collect$$$$00000004  mc_w.l(entry5.o)
    0x08000138   0x00000000   Code   RO          922    .ARM.Collect$$$$00000008  mc_w.l(entry7b.o)
    0x08000138   0x00000000   Code   RO          924    .ARM.Collect$$$$0000000A  mc_w.l(entry8b.o)
    0x08000138   0x00000008   Code   RO          925    .ARM.Collect$$$$0000000B  mc_w.l(entry9a.o)
    0x08000140   0x00000000   Code   RO          927    .ARM.Collect$$$$0000000D  mc_w.l(entry10a.o)
    0x08000140   0x00000000   Code   RO          929    .ARM.Collect$$$$0000000F  mc_w.l(entry11a.o)
    0x08000140   0x00000004   Code   RO          918    .ARM.Collect$$$$00002712  mc_w.l(entry2.o)
    0x08000144   0x00000518   Code   RO            1    .text               main.o
    0x0800065c   0x0000001a   Code   RO          141    .text               stm32f10x_it.o
    0x08000676   0x00000002   PAD
    0x08000678   0x000001e0   Code   RO          182    .text               system_stm32f10x.o
    0x08000858   0x00000050   Code   RO          200    .text               led.o
    0x080008a8   0x00005846   Code   RO          212    .text               lcd.o
    0x080060ee   0x00000002   PAD
    0x080060f0   0x000000fc   Code   RO          242    .text               key.o
    0x080061ec   0x00000258   Code   RO          255    .text               myiic.o
    0x08006444   0x000006e8   Code   RO          267    .text               ist8310_driver.o
    0x08006b2c   0x000000d4   Code   RO          283    .text               delay.o
    0x08006c00   0x00000140   Code   RO          314    .text               usart.o
    0x08006d40   0x00000024   Code   RO          350    .text               startup_stm32f10x_hd.o
    0x08006d64   0x0000035c   Code   RO          354    .text               stm32f10x_gpio.o
    0x080070c0   0x000003a4   Code   RO          366    .text               stm32f10x_rcc.o
    0x08007464   0x00000408   Code   RO          380    .text               stm32f10x_usart.o
    0x0800786c   0x000000dc   Code   RO          392    .text               misc.o
    0x08007948   0x00000b10   Code   RO          404    .text               ist_calibration.o
    0x08008458   0x00000a60   Code   RO          436    .text               ist_lib.o
    0x08008eb8   0x000005b2   Code   RO          452    .text               ist_math.o
    0x0800946a   0x00000062   Code   RO          539    .text               mc_w.l(ldiv.o)
    0x080094cc   0x0000001e   Code   RO          541    .text               mc_w.l(llshl.o)
    0x080094ea   0x00000024   Code   RO          543    .text               mc_w.l(memseta.o)
    0x0800950e   0x0000001c   Code   RO          834    .text               mc_w.l(calloc.o)
    0x0800952a   0x000000b0   Code   RO          836    .text               mf_w.l(fadd.o)
    0x080095da   0x00000064   Code   RO          838    .text               mf_w.l(fmul.o)
    0x0800963e   0x0000007c   Code   RO          840    .text               mf_w.l(fdiv.o)
    0x080096ba   0x0000014e   Code   RO          842    .text               mf_w.l(dadd.o)
    0x08009808   0x000000e4   Code   RO          844    .text               mf_w.l(dmul.o)
    0x080098ec   0x000000de   Code   RO          846    .text               mf_w.l(ddiv.o)
    0x080099ca   0x00000012   Code   RO          848    .text               mf_w.l(fflti.o)
    0x080099dc   0x0000001a   Code   RO          850    .text               mf_w.l(dfltui.o)
    0x080099f6   0x00000032   Code   RO          852    .text               mf_w.l(ffixi.o)
    0x08009a28   0x00000032   Code   RO          854    .text               mf_w.l(dfixui.o)
    0x08009a5a   0x00000026   Code   RO          856    .text               mf_w.l(f2d.o)
    0x08009a80   0x00000030   Code   RO          858    .text               mf_w.l(cdcmple.o)
    0x08009ab0   0x00000030   Code   RO          860    .text               mf_w.l(cdrcmple.o)
    0x08009ae0   0x00000038   Code   RO          862    .text               mf_w.l(d2f.o)
    0x08009b18   0x00000014   Code   RO          864    .text               mf_w.l(cfcmple.o)
    0x08009b2c   0x00000014   Code   RO          866    .text               mf_w.l(cfrcmple.o)
    0x08009b40   0x0000002c   Code   RO          931    .text               mc_w.l(uidiv.o)
    0x08009b6c   0x00000062   Code   RO          933    .text               mc_w.l(uldiv.o)
    0x08009bce   0x00000020   Code   RO          935    .text               mc_w.l(llushr.o)
    0x08009bee   0x00000024   Code   RO          937    .text               mc_w.l(llsshr.o)
    0x08009c12   0x00000000   Code   RO          952    .text               mc_w.l(iusefp.o)
    0x08009c12   0x0000006e   Code   RO          953    .text               mf_w.l(fepilogue.o)
    0x08009c80   0x00000018   Code   RO          955    .text               mf_w.l(fscalb.o)
    0x08009c98   0x000000ba   Code   RO          957    .text               mf_w.l(depilogue.o)
    0x08009d52   0x0000002e   Code   RO          959    .text               mf_w.l(dscalb.o)
    0x08009d80   0x000000a2   Code   RO          961    .text               mf_w.l(dsqrt.o)
    0x08009e22   0x00000022   Code   RO          963    .text               mf_w.l(dflti.o)
    0x08009e44   0x00000030   Code   RO          965    .text               mf_w.l(dfixul.o)
    0x08009e74   0x0000004c   Code   RO          967    .text               mf_w.l(ffixir.o)
    0x08009ec0   0x00000004   Code   RO          969    .text               mf_w.l(fpstat.o)
    0x08009ec4   0x00000024   Code   RO          971    .text               mc_w.l(init.o)
    0x08009ee8   0x0000003e   Code   RO          973    .text               mf_w.l(dfixi.o)
    0x08009f26   0x00000002   PAD
    0x08009f28   0x00000020   Code   RO          778    i.__0printf         mc_w.l(printfa.o)
    0x08009f48   0x00000028   Code   RO          885    i.__ARM_fpclassify  m_ws.l(fpclassify.o)
    0x08009f70   0x00000026   Code   RO          887    i.__ARM_fpclassifyf  m_ws.l(fpclassifyf.o)
    0x08009f96   0x00000002   PAD
    0x08009f98   0x00000388   Code   RO          906    i.__ieee754_rem_pio2  m_ws.l(rred.o)
    0x0800a320   0x000000fc   Code   RO          868    i.__kernel_cos      m_ws.l(cos_i.o)
    0x0800a41c   0x000000aa   Code   RO          903    i.__kernel_poly     m_ws.l(poly.o)
    0x0800a4c6   0x00000002   PAD
    0x0800a4c8   0x000000ec   Code   RO          911    i.__kernel_sin      m_ws.l(sin_i.o)
    0x0800a5b4   0x00000010   Code   RO          871    i.__mathlib_dbl_divzero  m_ws.l(dunder.o)
    0x0800a5c4   0x00000006   Code   RO          872    i.__mathlib_dbl_infnan  m_ws.l(dunder.o)
    0x0800a5ca   0x00000004   Code   RO          873    i.__mathlib_dbl_infnan2  m_ws.l(dunder.o)
    0x0800a5ce   0x0000000c   Code   RO          874    i.__mathlib_dbl_invalid  m_ws.l(dunder.o)
    0x0800a5da   0x0000000e   Code   RO          875    i.__mathlib_dbl_overflow  m_ws.l(dunder.o)
    0x0800a5e8   0x00000010   Code   RO          877    i.__mathlib_dbl_underflow  m_ws.l(dunder.o)
    0x0800a5f8   0x0000000a   Code   RO          889    i.__mathlib_flt_divzero  m_ws.l(funder.o)
    0x0800a602   0x00000004   Code   RO          891    i.__mathlib_flt_infnan2  m_ws.l(funder.o)
    0x0800a606   0x00000008   Code   RO          892    i.__mathlib_flt_invalid  m_ws.l(funder.o)
    0x0800a60e   0x0000000a   Code   RO          893    i.__mathlib_flt_overflow  m_ws.l(funder.o)
    0x0800a618   0x0000000a   Code   RO          895    i.__mathlib_flt_underflow  m_ws.l(funder.o)
    0x0800a622   0x0000000e   Code   RO          977    i.__scatterload_copy  mc_w.l(handlers.o)
    0x0800a630   0x00000002   Code   RO          978    i.__scatterload_null  mc_w.l(handlers.o)
    0x0800a632   0x0000000e   Code   RO          979    i.__scatterload_zeroinit  mc_w.l(handlers.o)
    0x0800a640   0x0000000c   Code   RO          947    i.__set_errno       mc_w.l(errno.o)
    0x0800a64c   0x00000164   Code   RO          785    i._fp_digits        mc_w.l(printfa.o)
    0x0800a7b0   0x000006dc   Code   RO          786    i._printf_core      mc_w.l(printfa.o)
    0x0800ae8c   0x00000024   Code   RO          787    i._printf_post_padding  mc_w.l(printfa.o)
    0x0800aeb0   0x0000002e   Code   RO          788    i._printf_pre_padding  mc_w.l(printfa.o)
    0x0800aede   0x00000002   PAD
    0x0800aee0   0x0000027c   Code   RO          465    i.acos              m_ws.l(acos.o)
    0x0800b15c   0x00000220   Code   RO          475    i.atan              m_ws.l(atan.o)
    0x0800b37c   0x00000180   Code   RO          485    i.atan2             m_ws.l(atan2.o)
    0x0800b4fc   0x0000009c   Code   RO          493    i.cos               m_ws.l(cos.o)
    0x0800b598   0x00000050   Code   RO          806    i.free              mc_w.l(malloc.o)
    0x0800b5e8   0x0000006c   Code   RO          807    i.malloc            mc_w.l(malloc.o)
    0x0800b654   0x000009d8   Code   RO          501    i.pow               m_ws.l(pow.o)
    0x0800c02c   0x00000620   Code   RO          511    i.powf              m_ws.l(powf.o)
    0x0800c64c   0x000000a0   Code   RO          521    i.sin               m_ws.l(sin.o)
    0x0800c6ec   0x0000004c   Code   RO          529    i.sqrt              m_ws.l(sqrt.o)
    0x0800c738   0x0000001c   Data   RO            2    .constdata          main.o
    0x0800c754   0x000017c0   Data   RO          214    .constdata          lcd.o
    0x0800df14   0x00000004   PAD
    0x0800df18   0x00000050   Data   RO          466    .constdata          m_ws.l(acos.o)
    0x0800df68   0x00000098   Data   RO          476    .constdata          m_ws.l(atan.o)
    0x0800e000   0x00000088   Data   RO          502    .constdata          m_ws.l(pow.o)
    0x0800e088   0x00000140   Data   RO          512    .constdata          m_ws.l(powf.o)
    0x0800e1c8   0x00000030   Data   RO          869    .constdata          m_ws.l(cos_i.o)
    0x0800e1f8   0x00000008   Data   RO          905    .constdata          m_ws.l(qnan.o)
    0x0800e200   0x000000c8   Data   RO          908    .constdata          m_ws.l(rred.o)
    0x0800e2c8   0x00000028   Data   RO          912    .constdata          m_ws.l(sin_i.o)
    0x0800e2f0   0x00000020   Data   RO          975    Region$$Table       anon$$obj.o


    Execution Region RW_IRAM1 (Base: 0x20000000, Size: 0x000008f0, Max: 0x0000c000, ABSOLUTE)

    Base Addr    Size         Type   Attr      Idx    E Section Name        Object

    0x20000000   0x00000014   Data   RW          183    .data               system_stm32f10x.o
    0x20000014   0x00000004   Data   RW          215    .data               lcd.o
    0x20000018   0x00000001   Data   RW          243    .data               key.o
    0x20000019   0x00000003   PAD
    0x2000001c   0x0000000a   Data   RW          269    .data               ist8310_driver.o
    0x20000026   0x00000004   Data   RW          284    .data               delay.o
    0x2000002a   0x00000002   PAD
    0x2000002c   0x00000006   Data   RW          316    .data               usart.o
    0x20000032   0x00000014   Data   RW          367    .data               stm32f10x_rcc.o
    0x20000046   0x00000002   PAD
    0x20000048   0x00000038   Data   RW          406    .data               ist_calibration.o
    0x20000080   0x00000030   Data   RW          438    .data               ist_lib.o
    0x200000b0   0x00000004   Data   RW          943    .data               mc_w.l(mvars.o)
    0x200000b4   0x00000004   Data   RW          944    .data               mc_w.l(mvars.o)
    0x200000b8   0x00000004   Data   RW          948    .data               mc_w.l(errno.o)
    0x200000bc   0x0000000e   Zero   RW          213    .bss                lcd.o
    0x200000ca   0x00000006   PAD
    0x200000d0   0x00000048   Zero   RW          268    .bss                ist8310_driver.o
    0x20000118   0x000000c8   Zero   RW          315    .bss                usart.o
    0x200001e0   0x000000d0   Zero   RW          405    .bss                ist_calibration.o
    0x200002b0   0x0000003c   Zero   RW          437    .bss                ist_lib.o
    0x200002ec   0x00000004   PAD
    0x200002f0   0x00000200   Zero   RW          348    HEAP                startup_stm32f10x_hd.o
    0x200004f0   0x00000400   Zero   RW          347    STACK               startup_stm32f10x_hd.o


==============================================================================

Image component sizes


      Code (inc. data)   RO Data    RW Data    ZI Data      Debug   Object Name

       212         18          0          4          0        999   delay.o
      1768         20          0         10         72       4570   ist8310_driver.o
      2832        148          0         56        208       7178   ist_calibration.o
      2656        154          0         48         60       7897   ist_lib.o
      1458          0          0          0          0       3437   ist_math.o
       252         16          0          1          0        816   key.o
     22598        208       6080          4         14      24907   lcd.o
        80          8          0          0          0        475   led.o
      1304        310         28          0          0     233995   main.o
       220         22          0          0          0       1757   misc.o
       600         12          0          0          0       1856   myiic.o
        36          8        304          0       1536        772   startup_stm32f10x_hd.o
       860         38          0          0          0       5689   stm32f10x_gpio.o
        26          0          0          0          0       1158   stm32f10x_it.o
       932         36          0         20          0       8848   stm32f10x_rcc.o
      1032         22          0          0          0       8416   stm32f10x_usart.o
         0          0          0          0          0         32   sys.o
       480         38          0         20          0       1671   system_stm32f10x.o
       320         16          0          6        200       3098   usart.o

    ----------------------------------------------------------------------
     37670       1074       6448        176       2100     317571   Object Totals
         0          0         32          0          0          0   (incl. Generated)
         4          0          4          7         10          0   (incl. Padding)

    ----------------------------------------------------------------------

      Code (inc. data)   RO Data    RW Data    ZI Data      Debug   Library Member Name

       636         62         80          0          0        188   acos.o
       544         70        152          0          0        124   atan.o
       384         38          0          0          0        144   atan2.o
       156          8          0          0          0        104   cos.o
       252         22         48          0          0        124   cos_i.o
        68         10          0          0          0        408   dunder.o
        40          0          0          0          0         68   fpclassify.o
        38          0          0          0          0         68   fpclassifyf.o
        42          0          0          0          0        340   funder.o
       170          0          0          0          0         96   poly.o
      2520        190        136          0          0        324   pow.o
      1568         80        320          0          0        224   powf.o
         0          0          8          0          0          0   qnan.o
       904         76        200          0          0        140   rred.o
       160         10          0          0          0        108   sin.o
       236         12         40          0          0        128   sin_i.o
        76          0          0          0          0         84   sqrt.o
        28          0          0          0          0         76   calloc.o
         0          0          0          0          0          0   entry.o
         0          0          0          0          0          0   entry10a.o
         0          0          0          0          0          0   entry11a.o
         8          4          0          0          0          0   entry2.o
         4          0          0          0          0          0   entry5.o
         0          0          0          0          0          0   entry7b.o
         0          0          0          0          0          0   entry8b.o
         8          4          0          0          0          0   entry9a.o
        12          6          0          4          0         68   errno.o
        30          0          0          0          0          0   handlers.o
        36          8          0          0          0         68   init.o
         0          0          0          0          0          0   iusefp.o
        98          0          0          0          0         84   ldiv.o
        30          0          0          0          0         68   llshl.o
        36          0          0          0          0         68   llsshr.o
        32          0          0          0          0         68   llushr.o
       188         20          0          0          0        160   malloc.o
        36          0          0          0          0        108   memseta.o
         0          0          0          8          0          0   mvars.o
      2226         90          0          0          0        444   printfa.o
        44          0          0          0          0         80   uidiv.o
        98          0          0          0          0         92   uldiv.o
        48          0          0          0          0         68   cdcmple.o
        48          0          0          0          0         68   cdrcmple.o
        20          0          0          0          0         68   cfcmple.o
        20          0          0          0          0         68   cfrcmple.o
        56          0          0          0          0         88   d2f.o
       334          0          0          0          0        148   dadd.o
       222          0          0          0          0        100   ddiv.o
       186          0          0          0          0        176   depilogue.o
        62          0          0          0          0         80   dfixi.o
        50          0          0          0          0         76   dfixui.o
        48          0          0          0          0         68   dfixul.o
        34          0          0          0          0         76   dflti.o
        26          0          0          0          0         76   dfltui.o
       228          0          0          0          0         96   dmul.o
        46          0          0          0          0         80   dscalb.o
       162          0          0          0          0        100   dsqrt.o
        38          0          0          0          0         68   f2d.o
       176          0          0          0          0        140   fadd.o
       124          0          0          0          0         88   fdiv.o
       110          0          0          0          0        168   fepilogue.o
        50          0          0          0          0         68   ffixi.o
        76          0          0          0          0         76   ffixir.o
        18          0          0          0          0         68   fflti.o
       100          0          0          0          0         76   fmul.o
         4          0          0          0          0         68   fpstat.o
        24          0          0          0          0         68   fscalb.o

    ----------------------------------------------------------------------
     13026        710        984         12          0       6380   Library Totals
         8          0          0          0          0          0   (incl. Padding)

    ----------------------------------------------------------------------

      Code (inc. data)   RO Data    RW Data    ZI Data      Debug   Library Name

      7794        578        984          0          0       2672   m_ws.l
      2914        132          0         12          0       1384   mc_w.l
      2310          0          0          0          0       2324   mf_w.l

    ----------------------------------------------------------------------
     13026        710        984         12          0       6380   Library Totals

    ----------------------------------------------------------------------

==============================================================================


      Code (inc. data)   RO Data    RW Data    ZI Data      Debug   

     50696       1784       7432        188       2100     319319   Grand Totals
     50696       1784       7432        188       2100     319319   ELF Image Totals
     50696       1784       7432        188          0          0   ROM Totals

==============================================================================

    Total RO  Size (Code + RO Data)                58128 (  56.77kB)
    Total RW  Size (RW Data + ZI Data)              2288 (   2.23kB)
    Total ROM Size (Code + RO Data + RW Data)      58316 (  56.95kB)

==============================================================================

